Archive member included to satisfy reference by file (symbol)

/usr/local/Caskroom/gcc-arm-embedded/9-2019-q4-major/gcc-arm-none-eabi-9-2019-q4-major/bin/../lib/gcc/arm-none-eabi/9.2.1/thumb/v7e-m+fp/hard/libgcc.a(_aeabi_uldivmod.o)
                              CMakeFiles/led_blink.elf.dir/Drivers/STM32F4xx_HAL_Driver/Src/stm32f4xx_hal_rcc.c.obj (__aeabi_uldivmod)
/usr/local/Caskroom/gcc-arm-embedded/9-2019-q4-major/gcc-arm-none-eabi-9-2019-q4-major/bin/../lib/gcc/arm-none-eabi/9.2.1/thumb/v7e-m+fp/hard/libgcc.a(_udivmoddi4.o)
                              /usr/local/Caskroom/gcc-arm-embedded/9-2019-q4-major/gcc-arm-none-eabi-9-2019-q4-major/bin/../lib/gcc/arm-none-eabi/9.2.1/thumb/v7e-m+fp/hard/libgcc.a(_aeabi_uldivmod.o) (__udivmoddi4)
/usr/local/Caskroom/gcc-arm-embedded/9-2019-q4-major/gcc-arm-none-eabi-9-2019-q4-major/bin/../lib/gcc/arm-none-eabi/9.2.1/thumb/v7e-m+fp/hard/libgcc.a(_dvmd_tls.o)
                              /usr/local/Caskroom/gcc-arm-embedded/9-2019-q4-major/gcc-arm-none-eabi-9-2019-q4-major/bin/../lib/gcc/arm-none-eabi/9.2.1/thumb/v7e-m+fp/hard/libgcc.a(_aeabi_uldivmod.o) (__aeabi_ldiv0)
/usr/local/Caskroom/gcc-arm-embedded/9-2019-q4-major/gcc-arm-none-eabi-9-2019-q4-major/bin/../lib/gcc/arm-none-eabi/9.2.1/../../../../arm-none-eabi/lib/thumb/v7e-m+fp/hard/libg.a(lib_a-errno.o)
                              CMakeFiles/led_blink.elf.dir/Core/Src/syscalls.c.obj (__errno)
/usr/local/Caskroom/gcc-arm-embedded/9-2019-q4-major/gcc-arm-none-eabi-9-2019-q4-major/bin/../lib/gcc/arm-none-eabi/9.2.1/../../../../arm-none-eabi/lib/thumb/v7e-m+fp/hard/libg.a(lib_a-exit.o)
                              /usr/local/Caskroom/gcc-arm-embedded/9-2019-q4-major/gcc-arm-none-eabi-9-2019-q4-major/bin/../lib/gcc/arm-none-eabi/9.2.1/../../../../arm-none-eabi/lib/thumb/v7e-m+fp/hard/crt0.o (exit)
/usr/local/Caskroom/gcc-arm-embedded/9-2019-q4-major/gcc-arm-none-eabi-9-2019-q4-major/bin/../lib/gcc/arm-none-eabi/9.2.1/../../../../arm-none-eabi/lib/thumb/v7e-m+fp/hard/libg.a(lib_a-impure.o)
                              /usr/local/Caskroom/gcc-arm-embedded/9-2019-q4-major/gcc-arm-none-eabi-9-2019-q4-major/bin/../lib/gcc/arm-none-eabi/9.2.1/../../../../arm-none-eabi/lib/thumb/v7e-m+fp/hard/libg.a(lib_a-exit.o) (_global_impure_ptr)
/usr/local/Caskroom/gcc-arm-embedded/9-2019-q4-major/gcc-arm-none-eabi-9-2019-q4-major/bin/../lib/gcc/arm-none-eabi/9.2.1/../../../../arm-none-eabi/lib/thumb/v7e-m+fp/hard/libg.a(lib_a-init.o)
                              /usr/local/Caskroom/gcc-arm-embedded/9-2019-q4-major/gcc-arm-none-eabi-9-2019-q4-major/bin/../lib/gcc/arm-none-eabi/9.2.1/../../../../arm-none-eabi/lib/thumb/v7e-m+fp/hard/crt0.o (__libc_init_array)
/usr/local/Caskroom/gcc-arm-embedded/9-2019-q4-major/gcc-arm-none-eabi-9-2019-q4-major/bin/../lib/gcc/arm-none-eabi/9.2.1/../../../../arm-none-eabi/lib/thumb/v7e-m+fp/hard/libg.a(lib_a-memcpy.o)
                              CMakeFiles/led_blink.elf.dir/Middlewares/Third_Party/FreeRTOS/Source/queue.c.obj (memcpy)
/usr/local/Caskroom/gcc-arm-embedded/9-2019-q4-major/gcc-arm-none-eabi-9-2019-q4-major/bin/../lib/gcc/arm-none-eabi/9.2.1/../../../../arm-none-eabi/lib/thumb/v7e-m+fp/hard/libg.a(lib_a-memset.o)
                              /usr/local/Caskroom/gcc-arm-embedded/9-2019-q4-major/gcc-arm-none-eabi-9-2019-q4-major/bin/../lib/gcc/arm-none-eabi/9.2.1/../../../../arm-none-eabi/lib/thumb/v7e-m+fp/hard/crt0.o (memset)
/usr/local/Caskroom/gcc-arm-embedded/9-2019-q4-major/gcc-arm-none-eabi-9-2019-q4-major/bin/../lib/gcc/arm-none-eabi/9.2.1/../../../../arm-none-eabi/lib/thumb/v7e-m+fp/hard/libg.a(lib_a-__call_atexit.o)
                              /usr/local/Caskroom/gcc-arm-embedded/9-2019-q4-major/gcc-arm-none-eabi-9-2019-q4-major/bin/../lib/gcc/arm-none-eabi/9.2.1/../../../../arm-none-eabi/lib/thumb/v7e-m+fp/hard/libg.a(lib_a-exit.o) (__call_exitprocs)
/usr/local/Caskroom/gcc-arm-embedded/9-2019-q4-major/gcc-arm-none-eabi-9-2019-q4-major/bin/../lib/gcc/arm-none-eabi/9.2.1/../../../../arm-none-eabi/lib/thumb/v7e-m+fp/hard/libg.a(lib_a-atexit.o)
                              /usr/local/Caskroom/gcc-arm-embedded/9-2019-q4-major/gcc-arm-none-eabi-9-2019-q4-major/bin/../lib/gcc/arm-none-eabi/9.2.1/../../../../arm-none-eabi/lib/thumb/v7e-m+fp/hard/libg.a(lib_a-__call_atexit.o) (atexit)
/usr/local/Caskroom/gcc-arm-embedded/9-2019-q4-major/gcc-arm-none-eabi-9-2019-q4-major/bin/../lib/gcc/arm-none-eabi/9.2.1/../../../../arm-none-eabi/lib/thumb/v7e-m+fp/hard/libg.a(lib_a-fini.o)
                              /usr/local/Caskroom/gcc-arm-embedded/9-2019-q4-major/gcc-arm-none-eabi-9-2019-q4-major/bin/../lib/gcc/arm-none-eabi/9.2.1/../../../../arm-none-eabi/lib/thumb/v7e-m+fp/hard/libg.a(lib_a-__call_atexit.o) (__libc_fini_array)
/usr/local/Caskroom/gcc-arm-embedded/9-2019-q4-major/gcc-arm-none-eabi-9-2019-q4-major/bin/../lib/gcc/arm-none-eabi/9.2.1/../../../../arm-none-eabi/lib/thumb/v7e-m+fp/hard/libg.a(lib_a-lock.o)
[...]
Memory Configuration

Name             Origin             Length             Attributes
RAM              0x0000000020000000 0x0000000000018000 xrw
FLASH            0x0000000008000000 0x0000000000080000 xr
*default*        0x0000000000000000 0xffffffffffffffff

Linker script and memory map

LOAD /usr/local/Caskroom/gcc-arm-embedded/9-2019-q4-major/gcc-arm-none-eabi-9-2019-q4-major/bin/../lib/gcc/arm-none-eabi/9.2.1/thumb/v7e-m+fp/hard/crti.o
LOAD /usr/local/Caskroom/gcc-arm-embedded/9-2019-q4-major/gcc-arm-none-eabi-9-2019-q4-major/bin/../lib/gcc/arm-none-eabi/9.2.1/thumb/v7e-m+fp/hard/crtbegin.o
LOAD /usr/local/Caskroom/gcc-arm-embedded/9-2019-q4-major/gcc-arm-none-eabi-9-2019-q4-major/bin/../lib/gcc/arm-none-eabi/9.2.1/../../../../arm-none-eabi/lib/thumb/v7e-m+fp/hard/crt0.o
LOAD CMakeFiles/led_blink.elf.dir/Core/Src/freertos.c.obj
LOAD CMakeFiles/led_blink.elf.dir/Core/Src/main.c.obj
LOAD CMakeFiles/led_blink.elf.dir/Core/Src/stm32f4xx_hal_msp.c.obj
LOAD CMakeFiles/led_blink.elf.dir/Core/Src/stm32f4xx_hal_timebase_tim.c.obj
LOAD CMakeFiles/led_blink.elf.dir/Core/Src/stm32f4xx_it.c.obj
LOAD CMakeFiles/led_blink.elf.dir/Core/Src/syscalls.c.obj
LOAD CMakeFiles/led_blink.elf.dir/Core/Src/sysmem.c.obj
LOAD CMakeFiles/led_blink.elf.dir/Core/Src/system_stm32f4xx.c.obj
LOAD CMakeFiles/led_blink.elf.dir/Core/Startup/startup_stm32f401retx.s.obj
LOAD CMakeFiles/led_blink.elf.dir/Drivers/STM32F4xx_HAL_Driver/Src/stm32f4xx_hal.c.obj
LOAD CMakeFiles/led_blink.elf.dir/Drivers/STM32F4xx_HAL_Driver/Src/stm32f4xx_hal_cortex.c.obj
LOAD CMakeFiles/led_blink.elf.dir/Drivers/STM32F4xx_HAL_Driver/Src/stm32f4xx_hal_dma.c.obj
LOAD CMakeFiles/led_blink.elf.dir/Drivers/STM32F4xx_HAL_Driver/Src/stm32f4xx_hal_dma_ex.c.obj
LOAD CMakeFiles/led_blink.elf.dir/Drivers/STM32F4xx_HAL_Driver/Src/stm32f4xx_hal_exti.c.obj
LOAD CMakeFiles/led_blink.elf.dir/Drivers/STM32F4xx_HAL_Driver/Src/stm32f4xx_hal_flash.c.obj
LOAD CMakeFiles/led_blink.elf.dir/Drivers/STM32F4xx_HAL_Driver/Src/stm32f4xx_hal_flash_ex.c.obj
LOAD CMakeFiles/led_blink.elf.dir/Drivers/STM32F4xx_HAL_Driver/Src/stm32f4xx_hal_flash_ramfunc.c.obj
LOAD CMakeFiles/led_blink.elf.dir/Drivers/STM32F4xx_HAL_Driver/Src/stm32f4xx_hal_gpio.c.obj
LOAD CMakeFiles/led_blink.elf.dir/Drivers/STM32F4xx_HAL_Driver/Src/stm32f4xx_hal_pwr.c.obj
LOAD CMakeFiles/led_blink.elf.dir/Drivers/STM32F4xx_HAL_Driver/Src/stm32f4xx_hal_pwr_ex.c.obj
LOAD CMakeFiles/led_blink.elf.dir/Drivers/STM32F4xx_HAL_Driver/Src/stm32f4xx_hal_rcc.c.obj
LOAD CMakeFiles/led_blink.elf.dir/Drivers/STM32F4xx_HAL_Driver/Src/stm32f4xx_hal_rcc_ex.c.obj
LOAD CMakeFiles/led_blink.elf.dir/Drivers/STM32F4xx_HAL_Driver/Src/stm32f4xx_hal_tim.c.obj
LOAD CMakeFiles/led_blink.elf.dir/Drivers/STM32F4xx_HAL_Driver/Src/stm32f4xx_hal_tim_ex.c.obj
LOAD CMakeFiles/led_blink.elf.dir/Middlewares/Third_Party/FreeRTOS/Source/CMSIS_RTOS/cmsis_os.c.obj
LOAD CMakeFiles/led_blink.elf.dir/Middlewares/Third_Party/FreeRTOS/Source/croutine.c.obj
LOAD CMakeFiles/led_blink.elf.dir/Middlewares/Third_Party/FreeRTOS/Source/event_groups.c.obj
LOAD CMakeFiles/led_blink.elf.dir/Middlewares/Third_Party/FreeRTOS/Source/list.c.obj
LOAD CMakeFiles/led_blink.elf.dir/Middlewares/Third_Party/FreeRTOS/Source/portable/GCC/ARM_CM4F/port.c.obj
LOAD CMakeFiles/led_blink.elf.dir/Middlewares/Third_Party/FreeRTOS/Source/portable/MemMang/heap_4.c.obj
LOAD CMakeFiles/led_blink.elf.dir/Middlewares/Third_Party/FreeRTOS/Source/queue.c.obj
LOAD CMakeFiles/led_blink.elf.dir/Middlewares/Third_Party/FreeRTOS/Source/stream_buffer.c.obj
LOAD CMakeFiles/led_blink.elf.dir/Middlewares/Third_Party/FreeRTOS/Source/tasks.c.obj
LOAD CMakeFiles/led_blink.elf.dir/Middlewares/Third_Party/FreeRTOS/Source/timers.c.obj
START GROUP
LOAD /usr/local/Caskroom/gcc-arm-embedded/9-2019-q4-major/gcc-arm-none-eabi-9-2019-q4-major/bin/../lib/gcc/arm-none-eabi/9.2.1/thumb/v7e-m+fp/hard/libgcc.a
LOAD /usr/local/Caskroom/gcc-arm-embedded/9-2019-q4-major/gcc-arm-none-eabi-9-2019-q4-major/bin/../lib/gcc/arm-none-eabi/9.2.1/../../../../arm-none-eabi/lib/thumb/v7e-m+fp/hard/libg.a
LOAD /usr/local/Caskroom/gcc-arm-embedded/9-2019-q4-major/gcc-arm-none-eabi-9-2019-q4-major/bin/../lib/gcc/arm-none-eabi/9.2.1/../../../../arm-none-eabi/lib/thumb/v7e-m+fp/hard/libc.a
END GROUP
LOAD /usr/local/Caskroom/gcc-arm-embedded/9-2019-q4-major/gcc-arm-none-eabi-9-2019-q4-major/bin/../lib/gcc/arm-none-eabi/9.2.1/thumb/v7e-m+fp/hard/crtend.o
LOAD /usr/local/Caskroom/gcc-arm-embedded/9-2019-q4-major/gcc-arm-none-eabi-9-2019-q4-major/bin/../lib/gcc/arm-none-eabi/9.2.1/thumb/v7e-m+fp/hard/crtn.o
                0x0000000020018000                _estack = (ORIGIN (RAM) + LENGTH (RAM))
                0x0000000000000200                _Min_Heap_Size = 0x200
                0x0000000000000400                _Min_Stack_Size = 0x400

.isr_vector     0x0000000008000000      0x194
                0x0000000008000000                . = ALIGN (0x4)
 *(.isr_vector)
 .isr_vector    0x0000000008000000      0x194 CMakeFiles/led_blink.elf.dir/Core/Startup/startup_stm32f401retx.s.obj
                0x0000000008000000                g_pfnVectors
                0x0000000008000194                . = ALIGN (0x4)

.text           0x00000000080001a0     0x3040
                0x00000000080001a0                . = ALIGN (0x4)
 *(.text)
 .text          0x00000000080001a0       0x40 /usr/local/Caskroom/gcc-arm-embedded/9-2019-q4-major/gcc-arm-none-eabi-9-2019-q4-major/bin/../lib/gcc/arm-none-eabi/9.2.1/thumb/v7e-m+fp/hard/crtbegin.o
 .text          0x00000000080001e0       0x30 /usr/local/Caskroom/gcc-arm-embedded/9-2019-q4-major/gcc-arm-none-eabi-9-2019-q4-major/bin/../lib/gcc/arm-none-eabi/9.2.1/thumb/v7e-m+fp/hard/libgcc.a(_aeabi_uldivmod.o)
                0x00000000080001e0                __aeabi_uldivmod
 .text          0x0000000008000210      0x2c4 /usr/local/Caskroom/gcc-arm-embedded/9-2019-q4-major/gcc-arm-none-eabi-9-2019-q4-major/bin/../lib/gcc/arm-none-eabi/9.2.1/thumb/v7e-m+fp/hard/libgcc.a(_udivmoddi4.o)
                0x0000000008000210                __udivmoddi4
 .text          0x00000000080004d4        0x4 /usr/local/Caskroom/gcc-arm-embedded/9-2019-q4-major/gcc-arm-none-eabi-9-2019-q4-major/bin/../lib/gcc/arm-none-eabi/9.2.1/thumb/v7e-m+fp/hard/libgcc.a(_dvmd_tls.o)
                0x00000000080004d4                __aeabi_ldiv0
                0x00000000080004d4                __aeabi_idiv0
 *(.text*)
 .text.vApplicationGetIdleTaskMemory
                0x00000000080004d8       0x34 CMakeFiles/led_blink.elf.dir/Core/Src/freertos.c.obj
                0x00000000080004d8                vApplicationGetIdleTaskMemory
 .text.main     0x000000000800050c       0x70 CMakeFiles/led_blink.elf.dir/Core/Src/main.c.obj
                0x000000000800050c                main
 .text.SystemClock_Config
                0x000000000800057c       0xc0 CMakeFiles/led_blink.elf.dir/Core/Src/main.c.obj
                0x000000000800057c                SystemClock_Config
 .text.MX_GPIO_Init
                0x000000000800063c       0x64 CMakeFiles/led_blink.elf.dir/Core/Src/main.c.obj
 .text.StartDefaultTask
                0x00000000080006a0       0x10 CMakeFiles/led_blink.elf.dir/Core/Src/main.c.obj
                0x00000000080006a0                StartDefaultTask
 .text.StartTask02
                0x00000000080006b0       0x20 CMakeFiles/led_blink.elf.dir/Core/Src/main.c.obj
                0x00000000080006b0                StartTask02
 .text.HAL_TIM_PeriodElapsedCallback
                0x00000000080006d0       0x24 CMakeFiles/led_blink.elf.dir/Core/Src/main.c.obj
                0x00000000080006d0                HAL_TIM_PeriodElapsedCallback
 .text.Error_Handler
                0x00000000080006f4        0xe CMakeFiles/led_blink.elf.dir/Core/Src/main.c.obj
                0x00000000080006f4                Error_Handler
 *fill*         0x0000000008000702        0x2 
 .text.HAL_MspInit
                0x0000000008000704       0x58 CMakeFiles/led_blink.elf.dir/Core/Src/stm32f4xx_hal_msp.c.obj
                0x0000000008000704                HAL_MspInit
 .text.HAL_InitTick
                0x000000000800075c       0xb0 CMakeFiles/led_blink.elf.dir/Core/Src/stm32f4xx_hal_timebase_tim.c.obj
                0x000000000800075c                HAL_InitTick
 .text.NMI_Handler
                0x000000000800080c        0xe CMakeFiles/led_blink.elf.dir/Core/Src/stm32f4xx_it.c.obj
                0x000000000800080c                NMI_Handler
 .text.HardFault_Handler
                0x000000000800081a        0x6 CMakeFiles/led_blink.elf.dir/Core/Src/stm32f4xx_it.c.obj
                0x000000000800081a                HardFault_Handler
 .text.MemManage_Handler
                0x0000000008000820        0x6 CMakeFiles/led_blink.elf.dir/Core/Src/stm32f4xx_it.c.obj
                0x0000000008000820                MemManage_Handler
 .text.BusFault_Handler
                0x0000000008000826        0x6 CMakeFiles/led_blink.elf.dir/Core/Src/stm32f4xx_it.c.obj
                0x0000000008000826                BusFault_Handler
 .text.UsageFault_Handler
                0x000000000800082c        0x6 CMakeFiles/led_blink.elf.dir/Core/Src/stm32f4xx_it.c.obj
                0x000000000800082c                UsageFault_Handler
 .text.DebugMon_Handler
                0x0000000008000832        0xe CMakeFiles/led_blink.elf.dir/Core/Src/stm32f4xx_it.c.obj
                0x0000000008000832                DebugMon_Handler
 .text.TIM1_UP_TIM10_IRQHandler
                0x0000000008000840       0x14 CMakeFiles/led_blink.elf.dir/Core/Src/stm32f4xx_it.c.obj
                0x0000000008000840                TIM1_UP_TIM10_IRQHandler
 .text.SystemInit
                0x0000000008000854       0x2c CMakeFiles/led_blink.elf.dir/Core/Src/system_stm32f4xx.c.obj
                0x0000000008000854                SystemInit
 .text.Reset_Handler
                0x0000000008000880       0x50 CMakeFiles/led_blink.elf.dir/Core/Startup/startup_stm32f401retx.s.obj
                0x0000000008000880                Reset_Handler
 .text.Default_Handler
                0x00000000080008d0        0x2 CMakeFiles/led_blink.elf.dir/Core/Startup/startup_stm32f401retx.s.obj
                0x00000000080008d0                DMA1_Stream3_IRQHandler
                0x00000000080008d0                EXTI2_IRQHandler
                0x00000000080008d0                SPI4_IRQHandler
                0x00000000080008d0                TIM1_CC_IRQHandler
                0x00000000080008d0                DMA2_Stream5_IRQHandler
                0x00000000080008d0                DMA1_Stream5_IRQHandler
                0x00000000080008d0                PVD_IRQHandler
                0x00000000080008d0                SDIO_IRQHandler
                0x00000000080008d0                TAMP_STAMP_IRQHandler
                0x00000000080008d0                EXTI3_IRQHandler
                0x00000000080008d0                I2C3_ER_IRQHandler
                0x00000000080008d0                EXTI0_IRQHandler
                0x00000000080008d0                I2C2_EV_IRQHandler
                0x00000000080008d0                DMA1_Stream2_IRQHandler
                0x00000000080008d0                FPU_IRQHandler
                0x00000000080008d0                DMA2_Stream2_IRQHandler
                0x00000000080008d0                SPI1_IRQHandler
                0x00000000080008d0                TIM1_BRK_TIM9_IRQHandler
                0x00000000080008d0                DMA2_Stream3_IRQHandler
                0x00000000080008d0                USART6_IRQHandler
                0x00000000080008d0                DMA2_Stream0_IRQHandler
                0x00000000080008d0                TIM4_IRQHandler
                0x00000000080008d0                I2C1_EV_IRQHandler
                0x00000000080008d0                DMA1_Stream6_IRQHandler
                0x00000000080008d0                DMA1_Stream1_IRQHandler
                0x00000000080008d0                TIM3_IRQHandler
                0x00000000080008d0                RCC_IRQHandler
                0x00000000080008d0                Default_Handler
                0x00000000080008d0                EXTI15_10_IRQHandler
                0x00000000080008d0                ADC_IRQHandler
                0x00000000080008d0                DMA1_Stream7_IRQHandler
                0x00000000080008d0                TIM5_IRQHandler
                0x00000000080008d0                DMA2_Stream7_IRQHandler
                0x00000000080008d0                I2C3_EV_IRQHandler
                0x00000000080008d0                EXTI9_5_IRQHandler
                0x00000000080008d0                RTC_WKUP_IRQHandler
                0x00000000080008d0                SPI2_IRQHandler
                0x00000000080008d0                DMA1_Stream0_IRQHandler
                0x00000000080008d0                EXTI4_IRQHandler
                0x00000000080008d0                WWDG_IRQHandler
                0x00000000080008d0                TIM2_IRQHandler
                0x00000000080008d0                OTG_FS_WKUP_IRQHandler
                0x00000000080008d0                TIM1_TRG_COM_TIM11_IRQHandler
                0x00000000080008d0                EXTI1_IRQHandler
                0x00000000080008d0                USART2_IRQHandler
                0x00000000080008d0                I2C2_ER_IRQHandler
                0x00000000080008d0                DMA2_Stream1_IRQHandler
                0x00000000080008d0                FLASH_IRQHandler
                0x00000000080008d0                DMA2_Stream4_IRQHandler
                0x00000000080008d0                USART1_IRQHandler
                0x00000000080008d0                OTG_FS_IRQHandler
                0x00000000080008d0                SPI3_IRQHandler
                0x00000000080008d0                DMA1_Stream4_IRQHandler
                0x00000000080008d0                I2C1_ER_IRQHandler
                0x00000000080008d0                DMA2_Stream6_IRQHandler
                0x00000000080008d0                RTC_Alarm_IRQHandler
 *fill*         0x00000000080008d2        0x2 
 .text.HAL_Init
                0x00000000080008d4       0x44 CMakeFiles/led_blink.elf.dir/Drivers/STM32F4xx_HAL_Driver/Src/stm32f4xx_hal.c.obj
                0x00000000080008d4                HAL_Init
 .text.HAL_IncTick
                0x0000000008000918       0x28 CMakeFiles/led_blink.elf.dir/Drivers/STM32F4xx_HAL_Driver/Src/stm32f4xx_hal.c.obj
                0x0000000008000918                HAL_IncTick
 .text.HAL_GetTick
                0x0000000008000940       0x18 CMakeFiles/led_blink.elf.dir/Drivers/STM32F4xx_HAL_Driver/Src/stm32f4xx_hal.c.obj
                0x0000000008000940                HAL_GetTick
 .text.__NVIC_SetPriorityGrouping
                0x0000000008000958       0x48 CMakeFiles/led_blink.elf.dir/Drivers/STM32F4xx_HAL_Driver/Src/stm32f4xx_hal_cortex.c.obj
 .text.__NVIC_GetPriorityGrouping
                0x00000000080009a0       0x1c CMakeFiles/led_blink.elf.dir/Drivers/STM32F4xx_HAL_Driver/Src/stm32f4xx_hal_cortex.c.obj
 .text.__NVIC_EnableIRQ
                0x00000000080009bc       0x3c CMakeFiles/led_blink.elf.dir/Drivers/STM32F4xx_HAL_Driver/Src/stm32f4xx_hal_cortex.c.obj
 .text.__NVIC_SetPriority
                0x00000000080009f8       0x54 CMakeFiles/led_blink.elf.dir/Drivers/STM32F4xx_HAL_Driver/Src/stm32f4xx_hal_cortex.c.obj
 .text.NVIC_EncodePriority
                0x0000000008000a4c       0x66 CMakeFiles/led_blink.elf.dir/Drivers/STM32F4xx_HAL_Driver/Src/stm32f4xx_hal_cortex.c.obj
 .text.HAL_NVIC_SetPriorityGrouping
                0x0000000008000ab2       0x16 CMakeFiles/led_blink.elf.dir/Drivers/STM32F4xx_HAL_Driver/Src/stm32f4xx_hal_cortex.c.obj
                0x0000000008000ab2                HAL_NVIC_SetPriorityGrouping
 .text.HAL_NVIC_SetPriority
                0x0000000008000ac8       0x38 CMakeFiles/led_blink.elf.dir/Drivers/STM32F4xx_HAL_Driver/Src/stm32f4xx_hal_cortex.c.obj
                0x0000000008000ac8                HAL_NVIC_SetPriority
 .text.HAL_NVIC_EnableIRQ
                0x0000000008000b00       0x1c CMakeFiles/led_blink.elf.dir/Drivers/STM32F4xx_HAL_Driver/Src/stm32f4xx_hal_cortex.c.obj
                0x0000000008000b00                HAL_NVIC_EnableIRQ
 .text.HAL_GPIO_Init
                0x0000000008000b1c      0x308 CMakeFiles/led_blink.elf.dir/Drivers/STM32F4xx_HAL_Driver/Src/stm32f4xx_hal_gpio.c.obj
                0x0000000008000b1c                HAL_GPIO_Init
 .text.HAL_GPIO_WritePin
                0x0000000008000e24       0x32 CMakeFiles/led_blink.elf.dir/Drivers/STM32F4xx_HAL_Driver/Src/stm32f4xx_hal_gpio.c.obj
                0x0000000008000e24                HAL_GPIO_WritePin
 .text.HAL_GPIO_TogglePin
                0x0000000008000e56       0x36 CMakeFiles/led_blink.elf.dir/Drivers/STM32F4xx_HAL_Driver/Src/stm32f4xx_hal_gpio.c.obj
                0x0000000008000e56                HAL_GPIO_TogglePin
 .text.HAL_RCC_OscConfig
                0x0000000008000e8c      0x4e0 CMakeFiles/led_blink.elf.dir/Drivers/STM32F4xx_HAL_Driver/Src/stm32f4xx_hal_rcc.c.obj
                0x0000000008000e8c                HAL_RCC_OscConfig
 .text.HAL_RCC_ClockConfig
                0x000000000800136c      0x1cc CMakeFiles/led_blink.elf.dir/Drivers/STM32F4xx_HAL_Driver/Src/stm32f4xx_hal_rcc.c.obj
                0x000000000800136c                HAL_RCC_ClockConfig
 .text.HAL_RCC_GetSysClockFreq
                0x0000000008001538      0x16c CMakeFiles/led_blink.elf.dir/Drivers/STM32F4xx_HAL_Driver/Src/stm32f4xx_hal_rcc.c.obj
                0x0000000008001538                HAL_RCC_GetSysClockFreq
 .text.HAL_RCC_GetHCLKFreq
                0x00000000080016a4       0x18 CMakeFiles/led_blink.elf.dir/Drivers/STM32F4xx_HAL_Driver/Src/stm32f4xx_hal_rcc.c.obj
                0x00000000080016a4                HAL_RCC_GetHCLKFreq
 .text.HAL_RCC_GetPCLK2Freq
                0x00000000080016bc       0x28 CMakeFiles/led_blink.elf.dir/Drivers/STM32F4xx_HAL_Driver/Src/stm32f4xx_hal_rcc.c.obj
                0x00000000080016bc                HAL_RCC_GetPCLK2Freq
 .text.HAL_RCC_GetClockConfig
                0x00000000080016e4       0x64 CMakeFiles/led_blink.elf.dir/Drivers/STM32F4xx_HAL_Driver/Src/stm32f4xx_hal_rcc.c.obj
                0x00000000080016e4                HAL_RCC_GetClockConfig
 .text.HAL_TIM_Base_Init
                0x0000000008001748       0x56 CMakeFiles/led_blink.elf.dir/Drivers/STM32F4xx_HAL_Driver/Src/stm32f4xx_hal_tim.c.obj
                0x0000000008001748                HAL_TIM_Base_Init
 .text.HAL_TIM_Base_MspInit
                0x000000000800179e       0x14 CMakeFiles/led_blink.elf.dir/Drivers/STM32F4xx_HAL_Driver/Src/stm32f4xx_hal_tim.c.obj
                0x000000000800179e                HAL_TIM_Base_MspInit
 .text.HAL_TIM_Base_Start_IT
                0x00000000080017b2       0x48 CMakeFiles/led_blink.elf.dir/Drivers/STM32F4xx_HAL_Driver/Src/stm32f4xx_hal_tim.c.obj
                0x00000000080017b2                HAL_TIM_Base_Start_IT
 .text.HAL_TIM_IRQHandler
                0x00000000080017fa      0x210 CMakeFiles/led_blink.elf.dir/Drivers/STM32F4xx_HAL_Driver/Src/stm32f4xx_hal_tim.c.obj
                0x00000000080017fa                HAL_TIM_IRQHandler
 .text.HAL_TIM_OC_DelayElapsedCallback
                0x0000000008001a0a       0x14 CMakeFiles/led_blink.elf.dir/Drivers/STM32F4xx_HAL_Driver/Src/stm32f4xx_hal_tim.c.obj
                0x0000000008001a0a                HAL_TIM_OC_DelayElapsedCallback
 .text.HAL_TIM_IC_CaptureCallback
                0x0000000008001a1e       0x14 CMakeFiles/led_blink.elf.dir/Drivers/STM32F4xx_HAL_Driver/Src/stm32f4xx_hal_tim.c.obj
                0x0000000008001a1e                HAL_TIM_IC_CaptureCallback
 .text.HAL_TIM_PWM_PulseFinishedCallback
                0x0000000008001a32       0x14 CMakeFiles/led_blink.elf.dir/Drivers/STM32F4xx_HAL_Driver/Src/stm32f4xx_hal_tim.c.obj
                0x0000000008001a32                HAL_TIM_PWM_PulseFinishedCallback
 .text.HAL_TIM_TriggerCallback
                0x0000000008001a46       0x14 CMakeFiles/led_blink.elf.dir/Drivers/STM32F4xx_HAL_Driver/Src/stm32f4xx_hal_tim.c.obj
                0x0000000008001a46                HAL_TIM_TriggerCallback
 *fill*         0x0000000008001a5a        0x2 
 .text.TIM_Base_SetConfig
                0x0000000008001a5c      0x100 CMakeFiles/led_blink.elf.dir/Drivers/STM32F4xx_HAL_Driver/Src/stm32f4xx_hal_tim.c.obj
                0x0000000008001a5c                TIM_Base_SetConfig
 .text.HAL_TIMEx_CommutCallback
                0x0000000008001b5c       0x14 CMakeFiles/led_blink.elf.dir/Drivers/STM32F4xx_HAL_Driver/Src/stm32f4xx_hal_tim_ex.c.obj
                0x0000000008001b5c                HAL_TIMEx_CommutCallback
 .text.HAL_TIMEx_BreakCallback
                0x0000000008001b70       0x14 CMakeFiles/led_blink.elf.dir/Drivers/STM32F4xx_HAL_Driver/Src/stm32f4xx_hal_tim_ex.c.obj
                0x0000000008001b70                HAL_TIMEx_BreakCallback
 .text.makeFreeRtosPriority
                0x0000000008001b84       0x30 CMakeFiles/led_blink.elf.dir/Middlewares/Third_Party/FreeRTOS/Source/CMSIS_RTOS/cmsis_os.c.obj
 .text.osKernelStart
                0x0000000008001bb4        0xe CMakeFiles/led_blink.elf.dir/Middlewares/Third_Party/FreeRTOS/Source/CMSIS_RTOS/cmsis_os.c.obj
                0x0000000008001bb4                osKernelStart
 .text.osThreadCreate
                0x0000000008001bc2       0x98 CMakeFiles/led_blink.elf.dir/Middlewares/Third_Party/FreeRTOS/Source/CMSIS_RTOS/cmsis_os.c.obj
                0x0000000008001bc2                osThreadCreate
 .text.osDelay  0x0000000008001c5a       0x28 CMakeFiles/led_blink.elf.dir/Middlewares/Third_Party/FreeRTOS/Source/CMSIS_RTOS/cmsis_os.c.obj
                0x0000000008001c5a                osDelay
 .text.vListInitialise
                0x0000000008001c82       0x40 CMakeFiles/led_blink.elf.dir/Middlewares/Third_Party/FreeRTOS/Source/list.c.obj
                0x0000000008001c82                vListInitialise
 .text.vListInitialiseItem
                0x0000000008001cc2       0x1a CMakeFiles/led_blink.elf.dir/Middlewares/Third_Party/FreeRTOS/Source/list.c.obj
                0x0000000008001cc2                vListInitialiseItem
 .text.vListInsertEnd
                0x0000000008001cdc       0x48 CMakeFiles/led_blink.elf.dir/Middlewares/Third_Party/FreeRTOS/Source/list.c.obj
                0x0000000008001cdc                vListInsertEnd
 .text.vListInsert
                0x0000000008001d24       0x72 CMakeFiles/led_blink.elf.dir/Middlewares/Third_Party/FreeRTOS/Source/list.c.obj
                0x0000000008001d24                vListInsert
 .text.uxListRemove
                0x0000000008001d96       0x54 CMakeFiles/led_blink.elf.dir/Middlewares/Third_Party/FreeRTOS/Source/list.c.obj
                0x0000000008001d96                uxListRemove
 *fill*         0x0000000008001dea        0x2 
 .text.pxPortInitialiseStack
                0x0000000008001dec       0x68 CMakeFiles/led_blink.elf.dir/Middlewares/Third_Party/FreeRTOS/Source/portable/GCC/ARM_CM4F/port.c.obj
                0x0000000008001dec                pxPortInitialiseStack
 .text.prvTaskExitError
                0x0000000008001e54       0x58 CMakeFiles/led_blink.elf.dir/Middlewares/Third_Party/FreeRTOS/Source/portable/GCC/ARM_CM4F/port.c.obj
 *fill*         0x0000000008001eac        0x4 
 .text.SVC_Handler
                0x0000000008001eb0       0x28 CMakeFiles/led_blink.elf.dir/Middlewares/Third_Party/FreeRTOS/Source/portable/GCC/ARM_CM4F/port.c.obj
                0x0000000008001eb0                SVC_Handler
 .text.prvPortStartFirstTask
                0x0000000008001ed8       0x28 CMakeFiles/led_blink.elf.dir/Middlewares/Third_Party/FreeRTOS/Source/portable/GCC/ARM_CM4F/port.c.obj
 .text.xPortStartScheduler
                0x0000000008001f00      0x144 CMakeFiles/led_blink.elf.dir/Middlewares/Third_Party/FreeRTOS/Source/portable/GCC/ARM_CM4F/port.c.obj
                0x0000000008001f00                xPortStartScheduler
 .text.vPortEnterCritical
                0x0000000008002044       0x60 CMakeFiles/led_blink.elf.dir/Middlewares/Third_Party/FreeRTOS/Source/portable/GCC/ARM_CM4F/port.c.obj
                0x0000000008002044                vPortEnterCritical
 .text.vPortExitCritical
                0x00000000080020a4       0x54 CMakeFiles/led_blink.elf.dir/Middlewares/Third_Party/FreeRTOS/Source/portable/GCC/ARM_CM4F/port.c.obj
                0x00000000080020a4                vPortExitCritical
 *fill*         0x00000000080020f8        0x8 
 .text.PendSV_Handler
                0x0000000008002100       0x68 CMakeFiles/led_blink.elf.dir/Middlewares/Third_Party/FreeRTOS/Source/portable/GCC/ARM_CM4F/port.c.obj
                0x0000000008002100                PendSV_Handler
 .text.SysTick_Handler
                0x0000000008002168       0x44 CMakeFiles/led_blink.elf.dir/Middlewares/Third_Party/FreeRTOS/Source/portable/GCC/ARM_CM4F/port.c.obj
                0x0000000008002168                SysTick_Handler
 .text.vPortSetupTimerInterrupt
                0x00000000080021ac       0x48 CMakeFiles/led_blink.elf.dir/Middlewares/Third_Party/FreeRTOS/Source/portable/GCC/ARM_CM4F/port.c.obj
                0x00000000080021ac                vPortSetupTimerInterrupt
 .text.vPortEnableVFP
                0x00000000080021f4       0x14 CMakeFiles/led_blink.elf.dir/Middlewares/Third_Party/FreeRTOS/Source/portable/GCC/ARM_CM4F/port.c.obj
 .text.pvPortMalloc
                0x0000000008002208      0x188 CMakeFiles/led_blink.elf.dir/Middlewares/Third_Party/FreeRTOS/Source/portable/MemMang/heap_4.c.obj
                0x0000000008002208                pvPortMalloc
 .text.vPortFree
                0x0000000008002390       0xb4 CMakeFiles/led_blink.elf.dir/Middlewares/Third_Party/FreeRTOS/Source/portable/MemMang/heap_4.c.obj
                0x0000000008002390                vPortFree
 .text.prvHeapInit
                0x0000000008002444       0xc4 CMakeFiles/led_blink.elf.dir/Middlewares/Third_Party/FreeRTOS/Source/portable/MemMang/heap_4.c.obj
 .text.prvInsertBlockIntoFreeList
                0x0000000008002508       0xb4 CMakeFiles/led_blink.elf.dir/Middlewares/Third_Party/FreeRTOS/Source/portable/MemMang/heap_4.c.obj
 .text.xTaskCreateStatic
                0x00000000080025bc       0xba CMakeFiles/led_blink.elf.dir/Middlewares/Third_Party/FreeRTOS/Source/tasks.c.obj
                0x00000000080025bc                xTaskCreateStatic
 .text.xTaskCreate
                0x0000000008002676       0x8a CMakeFiles/led_blink.elf.dir/Middlewares/Third_Party/FreeRTOS/Source/tasks.c.obj
                0x0000000008002676                xTaskCreate
 .text.prvInitialiseNewTask
                0x0000000008002700      0x10e CMakeFiles/led_blink.elf.dir/Middlewares/Third_Party/FreeRTOS/Source/tasks.c.obj
 *fill*         0x000000000800280e        0x2 
 .text.prvAddNewTaskToReadyList
                0x0000000008002810       0xd4 CMakeFiles/led_blink.elf.dir/Middlewares/Third_Party/FreeRTOS/Source/tasks.c.obj
 .text.vTaskDelay
                0x00000000080028e4       0x68 CMakeFiles/led_blink.elf.dir/Middlewares/Third_Party/FreeRTOS/Source/tasks.c.obj
                0x00000000080028e4                vTaskDelay
 .text.vTaskStartScheduler
                0x000000000800294c       0xc0 CMakeFiles/led_blink.elf.dir/Middlewares/Third_Party/FreeRTOS/Source/tasks.c.obj
                0x000000000800294c                vTaskStartScheduler
 .text.vTaskSuspendAll
                0x0000000008002a0c       0x1c CMakeFiles/led_blink.elf.dir/Middlewares/Third_Party/FreeRTOS/Source/tasks.c.obj
                0x0000000008002a0c                vTaskSuspendAll
 .text.xTaskResumeAll
                0x0000000008002a28      0x138 CMakeFiles/led_blink.elf.dir/Middlewares/Third_Party/FreeRTOS/Source/tasks.c.obj
                0x0000000008002a28                xTaskResumeAll
 .text.xTaskIncrementTick
                0x0000000008002b60      0x170 CMakeFiles/led_blink.elf.dir/Middlewares/Third_Party/FreeRTOS/Source/tasks.c.obj
                0x0000000008002b60                xTaskIncrementTick
 .text.vTaskSwitchContext
                0x0000000008002cd0       0xb8 CMakeFiles/led_blink.elf.dir/Middlewares/Third_Party/FreeRTOS/Source/tasks.c.obj
                0x0000000008002cd0                vTaskSwitchContext
 .text.prvIdleTask
                0x0000000008002d88       0x30 CMakeFiles/led_blink.elf.dir/Middlewares/Third_Party/FreeRTOS/Source/tasks.c.obj
 .text.prvInitialiseTaskLists
                0x0000000008002db8       0x80 CMakeFiles/led_blink.elf.dir/Middlewares/Third_Party/FreeRTOS/Source/tasks.c.obj
 .text.prvCheckTasksWaitingTermination
                0x0000000008002e38       0x5c CMakeFiles/led_blink.elf.dir/Middlewares/Third_Party/FreeRTOS/Source/tasks.c.obj
 .text.prvDeleteTCB
                0x0000000008002e94       0x5e CMakeFiles/led_blink.elf.dir/Middlewares/Third_Party/FreeRTOS/Source/tasks.c.obj
 *fill*         0x0000000008002ef2        0x2 
 .text.prvResetNextTaskUnblockTime
                0x0000000008002ef4       0x40 CMakeFiles/led_blink.elf.dir/Middlewares/Third_Party/FreeRTOS/Source/tasks.c.obj
 .text.prvAddCurrentTaskToDelayedList
                0x0000000008002f34       0xcc CMakeFiles/led_blink.elf.dir/Middlewares/Third_Party/FreeRTOS/Source/tasks.c.obj
 .text.__libc_init_array
                0x0000000008003000       0x48 /usr/local/Caskroom/gcc-arm-embedded/9-2019-q4-major/gcc-arm-none-eabi-9-2019-q4-major/bin/../lib/gcc/arm-none-eabi/9.2.1/../../../../arm-none-eabi/lib/thumb/v7e-m+fp/hard/libg.a(lib_a-init.o)
                0x0000000008003000                __libc_init_array
 .text.memset   0x0000000008003048       0xa0 /usr/local/Caskroom/gcc-arm-embedded/9-2019-q4-major/gcc-arm-none-eabi-9-2019-q4-major/bin/../lib/gcc/arm-none-eabi/9.2.1/../../../../arm-none-eabi/lib/thumb/v7e-m+fp/hard/libg.a(lib_a-memset.o)
                0x0000000008003048                memset
 .text.startup.register_fini
                0x00000000080030e8       0x14 /usr/local/Caskroom/gcc-arm-embedded/9-2019-q4-major/gcc-arm-none-eabi-9-2019-q4-major/bin/../lib/gcc/arm-none-eabi/9.2.1/../../../../arm-none-eabi/lib/thumb/v7e-m+fp/hard/libg.a(lib_a-__call_atexit.o)
 .text.atexit   0x00000000080030fc        0xc /usr/local/Caskroom/gcc-arm-embedded/9-2019-q4-major/gcc-arm-none-eabi-9-2019-q4-major/bin/../lib/gcc/arm-none-eabi/9.2.1/../../../../arm-none-eabi/lib/thumb/v7e-m+fp/hard/libg.a(lib_a-atexit.o)
                0x00000000080030fc                atexit
 .text.__libc_fini_array
                0x0000000008003108       0x2c /usr/local/Caskroom/gcc-arm-embedded/9-2019-q4-major/gcc-arm-none-eabi-9-2019-q4-major/bin/../lib/gcc/arm-none-eabi/9.2.1/../../../../arm-none-eabi/lib/thumb/v7e-m+fp/hard/libg.a(lib_a-fini.o)
                0x0000000008003108                __libc_fini_array
 .text.__retarget_lock_acquire_recursive
                0x0000000008003134        0x4 /usr/local/Caskroom/gcc-arm-embedded/9-2019-q4-major/gcc-arm-none-eabi-9-2019-q4-major/bin/../lib/gcc/arm-none-eabi/9.2.1/../../../../arm-none-eabi/lib/thumb/v7e-m+fp/hard/libg.a(lib_a-lock.o)
                0x0000000008003134                __retarget_lock_acquire_recursive
 .text.__retarget_lock_release_recursive
                0x0000000008003138        0x4 /usr/local/Caskroom/gcc-arm-embedded/9-2019-q4-major/gcc-arm-none-eabi-9-2019-q4-major/bin/../lib/gcc/arm-none-eabi/9.2.1/../../../../arm-none-eabi/lib/thumb/v7e-m+fp/hard/libg.a(lib_a-lock.o)
                0x0000000008003138                __retarget_lock_release_recursive
 .text.__register_exitproc
                0x000000000800313c       0x8c /usr/local/Caskroom/gcc-arm-embedded/9-2019-q4-major/gcc-arm-none-eabi-9-2019-q4-major/bin/../lib/gcc/arm-none-eabi/9.2.1/../../../../arm-none-eabi/lib/thumb/v7e-m+fp/hard/libg.a(lib_a-__atexit.o)
                0x000000000800313c                __register_exitproc
 *(.glue_7)
 .glue_7        0x00000000080031c8        0x0 linker stubs
 *(.glue_7t)
 .glue_7t       0x00000000080031c8        0x0 linker stubs
 *(.eh_frame)
 .eh_frame      0x00000000080031c8        0x0 /usr/local/Caskroom/gcc-arm-embedded/9-2019-q4-major/gcc-arm-none-eabi-9-2019-q4-major/bin/../lib/gcc/arm-none-eabi/9.2.1/thumb/v7e-m+fp/hard/crtbegin.o
 *(.init)
 .init          0x00000000080031c8        0x4 /usr/local/Caskroom/gcc-arm-embedded/9-2019-q4-major/gcc-arm-none-eabi-9-2019-q4-major/bin/../lib/gcc/arm-none-eabi/9.2.1/thumb/v7e-m+fp/hard/crti.o
                0x00000000080031c8                _init
 .init          0x00000000080031cc        0x8 /usr/local/Caskroom/gcc-arm-embedded/9-2019-q4-major/gcc-arm-none-eabi-9-2019-q4-major/bin/../lib/gcc/arm-none-eabi/9.2.1/thumb/v7e-m+fp/hard/crtn.o
 *(.fini)
 .fini          0x00000000080031d4        0x4 /usr/local/Caskroom/gcc-arm-embedded/9-2019-q4-major/gcc-arm-none-eabi-9-2019-q4-major/bin/../lib/gcc/arm-none-eabi/9.2.1/thumb/v7e-m+fp/hard/crti.o
                0x00000000080031d4                _fini
 .fini          0x00000000080031d8        0x8 /usr/local/Caskroom/gcc-arm-embedded/9-2019-q4-major/gcc-arm-none-eabi-9-2019-q4-major/bin/../lib/gcc/arm-none-eabi/9.2.1/thumb/v7e-m+fp/hard/crtn.o
                0x00000000080031e0                . = ALIGN (0x4)
                0x00000000080031e0                _etext = .

.vfp11_veneer   0x00000000080031e0        0x0
 .vfp11_veneer  0x00000000080031e0        0x0 linker stubs

.v4_bx          0x00000000080031e0        0x0
 .v4_bx         0x00000000080031e0        0x0 linker stubs

.iplt           0x00000000080031e0        0x0
 .iplt          0x00000000080031e0        0x0 /usr/local/Caskroom/gcc-arm-embedded/9-2019-q4-major/gcc-arm-none-eabi-9-2019-q4-major/bin/../lib/gcc/arm-none-eabi/9.2.1/thumb/v7e-m+fp/hard/crtbegin.o

.rodata         0x00000000080031e0       0x74
                0x00000000080031e0                . = ALIGN (0x4)
 *(.rodata)
 .rodata        0x00000000080031e0       0x50 CMakeFiles/led_blink.elf.dir/Core/Src/main.c.obj
 .rodata        0x0000000008003230        0x5 CMakeFiles/led_blink.elf.dir/Middlewares/Third_Party/FreeRTOS/Source/tasks.c.obj
 *(.rodata*)
 *fill*         0x0000000008003235        0x3 
 .rodata.AHBPrescTable
                0x0000000008003238       0x10 CMakeFiles/led_blink.elf.dir/Core/Src/system_stm32f4xx.c.obj
                0x0000000008003238                AHBPrescTable
 .rodata.APBPrescTable
                0x0000000008003248        0x8 CMakeFiles/led_blink.elf.dir/Core/Src/system_stm32f4xx.c.obj
                0x0000000008003248                APBPrescTable
 .rodata._global_impure_ptr
                0x0000000008003250        0x4 /usr/local/Caskroom/gcc-arm-embedded/9-2019-q4-major/gcc-arm-none-eabi-9-2019-q4-major/bin/../lib/gcc/arm-none-eabi/9.2.1/../../../../arm-none-eabi/lib/thumb/v7e-m+fp/hard/libg.a(lib_a-impure.o)
                0x0000000008003250                _global_impure_ptr
                0x0000000008003254                . = ALIGN (0x4)

.ARM.extab      0x0000000008003254        0x0
                0x0000000008003254                . = ALIGN (0x4)
 *(.ARM.extab* .gnu.linkonce.armextab.*)
                0x0000000008003254                . = ALIGN (0x4)

.ARM            0x0000000008003254        0x8
                0x0000000008003254                . = ALIGN (0x4)
                0x0000000008003254                __exidx_start = .
 *(.ARM.exidx*)
 .ARM.exidx     0x0000000008003254        0x8 /usr/local/Caskroom/gcc-arm-embedded/9-2019-q4-major/gcc-arm-none-eabi-9-2019-q4-major/bin/../lib/gcc/arm-none-eabi/9.2.1/thumb/v7e-m+fp/hard/libgcc.a(_udivmoddi4.o)
                0x000000000800325c                __exidx_end = .
                0x000000000800325c                . = ALIGN (0x4)

.rel.dyn        0x000000000800325c        0x0
 .rel.iplt      0x000000000800325c        0x0 /usr/local/Caskroom/gcc-arm-embedded/9-2019-q4-major/gcc-arm-none-eabi-9-2019-q4-major/bin/../lib/gcc/arm-none-eabi/9.2.1/thumb/v7e-m+fp/hard/crtbegin.o

.preinit_array  0x000000000800325c        0x0
                0x000000000800325c                . = ALIGN (0x4)
                0x000000000800325c                PROVIDE (__preinit_array_start = .)
 *(.preinit_array*)
                0x000000000800325c                PROVIDE (__preinit_array_end = .)
                0x000000000800325c                . = ALIGN (0x4)

.init_array     0x000000000800325c        0x8
                0x000000000800325c                . = ALIGN (0x4)
                0x000000000800325c                PROVIDE (__init_array_start = .)
 *(SORT_BY_NAME(.init_array.*))
 .init_array.00000
                0x000000000800325c        0x4 /usr/local/Caskroom/gcc-arm-embedded/9-2019-q4-major/gcc-arm-none-eabi-9-2019-q4-major/bin/../lib/gcc/arm-none-eabi/9.2.1/../../../../arm-none-eabi/lib/thumb/v7e-m+fp/hard/libg.a(lib_a-__call_atexit.o)
 *(.init_array*)
 .init_array    0x0000000008003260        0x4 /usr/local/Caskroom/gcc-arm-embedded/9-2019-q4-major/gcc-arm-none-eabi-9-2019-q4-major/bin/../lib/gcc/arm-none-eabi/9.2.1/thumb/v7e-m+fp/hard/crtbegin.o
                0x0000000008003264                PROVIDE (__init_array_end = .)
                0x0000000008003264                . = ALIGN (0x4)

.fini_array     0x0000000008003264        0x4
                0x0000000008003264                . = ALIGN (0x4)
                0x0000000008003264                PROVIDE (__fini_array_start = .)
 *(SORT_BY_NAME(.fini_array.*))
 *(.fini_array*)
 .fini_array    0x0000000008003264        0x4 /usr/local/Caskroom/gcc-arm-embedded/9-2019-q4-major/gcc-arm-none-eabi-9-2019-q4-major/bin/../lib/gcc/arm-none-eabi/9.2.1/thumb/v7e-m+fp/hard/crtbegin.o
                0x0000000008003268                PROVIDE (__fini_array_end = .)
                0x0000000008003268                . = ALIGN (0x4)
                0x0000000008003268                _sidata = LOADADDR (.data)

.data           0x0000000020000000      0x43c load address 0x0000000008003268
                0x0000000020000000                . = ALIGN (0x4)
                0x0000000020000000                _sdata = .
 *(.data)
 *(.data*)
 .data.SystemCoreClock
                0x0000000020000000        0x4 CMakeFiles/led_blink.elf.dir/Core/Src/system_stm32f4xx.c.obj
                0x0000000020000000                SystemCoreClock
 .data.uwTickPrio
                0x0000000020000004        0x4 CMakeFiles/led_blink.elf.dir/Drivers/STM32F4xx_HAL_Driver/Src/stm32f4xx_hal.c.obj
                0x0000000020000004                uwTickPrio
 .data.uwTickFreq
                0x0000000020000008        0x1 CMakeFiles/led_blink.elf.dir/Drivers/STM32F4xx_HAL_Driver/Src/stm32f4xx_hal.c.obj
                0x0000000020000008                uwTickFreq
 *fill*         0x0000000020000009        0x3 
 .data.uxCriticalNesting
                0x000000002000000c        0x4 CMakeFiles/led_blink.elf.dir/Middlewares/Third_Party/FreeRTOS/Source/portable/GCC/ARM_CM4F/port.c.obj
 .data.impure_data
                0x0000000020000010      0x428 /usr/local/Caskroom/gcc-arm-embedded/9-2019-q4-major/gcc-arm-none-eabi-9-2019-q4-major/bin/../lib/gcc/arm-none-eabi/9.2.1/../../../../arm-none-eabi/lib/thumb/v7e-m+fp/hard/libg.a(lib_a-impure.o)
 .data.__atexit_recursive_mutex
                0x0000000020000438        0x4 /usr/local/Caskroom/gcc-arm-embedded/9-2019-q4-major/gcc-arm-none-eabi-9-2019-q4-major/bin/../lib/gcc/arm-none-eabi/9.2.1/../../../../arm-none-eabi/lib/thumb/v7e-m+fp/hard/libg.a(lib_a-__call_atexit.o)
                0x0000000020000438                __atexit_recursive_mutex
                0x000000002000043c                . = ALIGN (0x4)
                0x000000002000043c                _edata = .

.igot.plt       0x000000002000043c        0x0 load address 0x00000000080036a4
 .igot.plt      0x000000002000043c        0x0 /usr/local/Caskroom/gcc-arm-embedded/9-2019-q4-major/gcc-arm-none-eabi-9-2019-q4-major/bin/../lib/gcc/arm-none-eabi/9.2.1/thumb/v7e-m+fp/hard/crtbegin.o
                0x000000002000043c                . = ALIGN (0x4)

.bss            0x000000002000043c     0x402c load address 0x00000000080036a4
                0x000000002000043c                _sbss = .
                0x000000002000043c                __bss_start__ = _sbss
 *(.bss)
 .bss           0x000000002000043c       0x1c /usr/local/Caskroom/gcc-arm-embedded/9-2019-q4-major/gcc-arm-none-eabi-9-2019-q4-major/bin/../lib/gcc/arm-none-eabi/9.2.1/thumb/v7e-m+fp/hard/crtbegin.o
 *(.bss*)
 .bss.xIdleTaskTCBBuffer
                0x0000000020000458       0x54 CMakeFiles/led_blink.elf.dir/Core/Src/freertos.c.obj
 .bss.xIdleStack
                0x00000000200004ac      0x200 CMakeFiles/led_blink.elf.dir/Core/Src/freertos.c.obj
 .bss.defaultTaskHandle
                0x00000000200006ac        0x4 CMakeFiles/led_blink.elf.dir/Core/Src/main.c.obj
                0x00000000200006ac                defaultTaskHandle
 .bss.myTask02Handle
                0x00000000200006b0        0x4 CMakeFiles/led_blink.elf.dir/Core/Src/main.c.obj
                0x00000000200006b0                myTask02Handle
 .bss.htim1     0x00000000200006b4       0x40 CMakeFiles/led_blink.elf.dir/Core/Src/stm32f4xx_hal_timebase_tim.c.obj
                0x00000000200006b4                htim1
 .bss.uwTick    0x00000000200006f4        0x4 CMakeFiles/led_blink.elf.dir/Drivers/STM32F4xx_HAL_Driver/Src/stm32f4xx_hal.c.obj
                0x00000000200006f4                uwTick
 .bss.ucMaxSysCallPriority
                0x00000000200006f8        0x1 CMakeFiles/led_blink.elf.dir/Middlewares/Third_Party/FreeRTOS/Source/portable/GCC/ARM_CM4F/port.c.obj
 *fill*         0x00000000200006f9        0x3 
 .bss.ulMaxPRIGROUPValue
                0x00000000200006fc        0x4 CMakeFiles/led_blink.elf.dir/Middlewares/Third_Party/FreeRTOS/Source/portable/GCC/ARM_CM4F/port.c.obj
 .bss.ucHeap    0x0000000020000700     0x3c00 CMakeFiles/led_blink.elf.dir/Middlewares/Third_Party/FreeRTOS/Source/portable/MemMang/heap_4.c.obj
 .bss.xStart    0x0000000020004300        0x8 CMakeFiles/led_blink.elf.dir/Middlewares/Third_Party/FreeRTOS/Source/portable/MemMang/heap_4.c.obj
 .bss.pxEnd     0x0000000020004308        0x4 CMakeFiles/led_blink.elf.dir/Middlewares/Third_Party/FreeRTOS/Source/portable/MemMang/heap_4.c.obj
 .bss.xFreeBytesRemaining
                0x000000002000430c        0x4 CMakeFiles/led_blink.elf.dir/Middlewares/Third_Party/FreeRTOS/Source/portable/MemMang/heap_4.c.obj
 .bss.xMinimumEverFreeBytesRemaining
                0x0000000020004310        0x4 CMakeFiles/led_blink.elf.dir/Middlewares/Third_Party/FreeRTOS/Source/portable/MemMang/heap_4.c.obj
 .bss.xBlockAllocatedBit
                0x0000000020004314        0x4 CMakeFiles/led_blink.elf.dir/Middlewares/Third_Party/FreeRTOS/Source/portable/MemMang/heap_4.c.obj
 .bss.pxCurrentTCB
                0x0000000020004318        0x4 CMakeFiles/led_blink.elf.dir/Middlewares/Third_Party/FreeRTOS/Source/tasks.c.obj
                0x0000000020004318                pxCurrentTCB
 .bss.pxReadyTasksLists
                0x000000002000431c       0x8c CMakeFiles/led_blink.elf.dir/Middlewares/Third_Party/FreeRTOS/Source/tasks.c.obj
 .bss.xDelayedTaskList1
                0x00000000200043a8       0x14 CMakeFiles/led_blink.elf.dir/Middlewares/Third_Party/FreeRTOS/Source/tasks.c.obj
 .bss.xDelayedTaskList2
                0x00000000200043bc       0x14 CMakeFiles/led_blink.elf.dir/Middlewares/Third_Party/FreeRTOS/Source/tasks.c.obj
 .bss.pxDelayedTaskList
                0x00000000200043d0        0x4 CMakeFiles/led_blink.elf.dir/Middlewares/Third_Party/FreeRTOS/Source/tasks.c.obj
 .bss.pxOverflowDelayedTaskList
                0x00000000200043d4        0x4 CMakeFiles/led_blink.elf.dir/Middlewares/Third_Party/FreeRTOS/Source/tasks.c.obj
 .bss.xPendingReadyList
                0x00000000200043d8       0x14 CMakeFiles/led_blink.elf.dir/Middlewares/Third_Party/FreeRTOS/Source/tasks.c.obj
 .bss.xTasksWaitingTermination
                0x00000000200043ec       0x14 CMakeFiles/led_blink.elf.dir/Middlewares/Third_Party/FreeRTOS/Source/tasks.c.obj
 .bss.uxDeletedTasksWaitingCleanUp
                0x0000000020004400        0x4 CMakeFiles/led_blink.elf.dir/Middlewares/Third_Party/FreeRTOS/Source/tasks.c.obj
 .bss.xSuspendedTaskList
                0x0000000020004404       0x14 CMakeFiles/led_blink.elf.dir/Middlewares/Third_Party/FreeRTOS/Source/tasks.c.obj
 .bss.uxCurrentNumberOfTasks
                0x0000000020004418        0x4 CMakeFiles/led_blink.elf.dir/Middlewares/Third_Party/FreeRTOS/Source/tasks.c.obj
 .bss.xTickCount
                0x000000002000441c        0x4 CMakeFiles/led_blink.elf.dir/Middlewares/Third_Party/FreeRTOS/Source/tasks.c.obj
 .bss.uxTopReadyPriority
                0x0000000020004420        0x4 CMakeFiles/led_blink.elf.dir/Middlewares/Third_Party/FreeRTOS/Source/tasks.c.obj
 .bss.xSchedulerRunning
                0x0000000020004424        0x4 CMakeFiles/led_blink.elf.dir/Middlewares/Third_Party/FreeRTOS/Source/tasks.c.obj
 .bss.uxPendedTicks
                0x0000000020004428        0x4 CMakeFiles/led_blink.elf.dir/Middlewares/Third_Party/FreeRTOS/Source/tasks.c.obj
 .bss.xYieldPending
                0x000000002000442c        0x4 CMakeFiles/led_blink.elf.dir/Middlewares/Third_Party/FreeRTOS/Source/tasks.c.obj
 .bss.xNumOfOverflows
                0x0000000020004430        0x4 CMakeFiles/led_blink.elf.dir/Middlewares/Third_Party/FreeRTOS/Source/tasks.c.obj
 .bss.uxTaskNumber
                0x0000000020004434        0x4 CMakeFiles/led_blink.elf.dir/Middlewares/Third_Party/FreeRTOS/Source/tasks.c.obj
 .bss.xNextTaskUnblockTime
                0x0000000020004438        0x4 CMakeFiles/led_blink.elf.dir/Middlewares/Third_Party/FreeRTOS/Source/tasks.c.obj
 .bss.xIdleTaskHandle
                0x000000002000443c        0x4 CMakeFiles/led_blink.elf.dir/Middlewares/Third_Party/FreeRTOS/Source/tasks.c.obj
 .bss.uxSchedulerSuspended
                0x0000000020004440        0x4 CMakeFiles/led_blink.elf.dir/Middlewares/Third_Party/FreeRTOS/Source/tasks.c.obj
 *(COMMON)
 COMMON         0x0000000020004444       0x21 /usr/local/Caskroom/gcc-arm-embedded/9-2019-q4-major/gcc-arm-none-eabi-9-2019-q4-major/bin/../lib/gcc/arm-none-eabi/9.2.1/../../../../arm-none-eabi/lib/thumb/v7e-m+fp/hard/libg.a(lib_a-lock.o)
                0x0000000020004444                __lock___atexit_recursive_mutex
                0x0000000020004448                __lock___arc4random_mutex
                0x000000002000444c                __lock___env_recursive_mutex
                0x0000000020004450                __lock___sinit_recursive_mutex
                0x0000000020004454                __lock___malloc_recursive_mutex
                0x0000000020004458                __lock___at_quick_exit_mutex
                0x000000002000445c                __lock___dd_hash_mutex
                0x0000000020004460                __lock___tz_mutex
                0x0000000020004464                __lock___sfp_recursive_mutex
                0x0000000020004468                . = ALIGN (0x4)
 *fill*         0x0000000020004465        0x3 
                0x0000000020004468                _ebss = .
                0x0000000020004468                __bss_end__ = _ebss

._user_heap_stack
                0x0000000020004468      0x600 load address 0x00000000080036a4
                0x0000000020004468                . = ALIGN (0x8)
                0x0000000020004468                PROVIDE (end = .)
                [!provide]                        PROVIDE (_end = .)
                0x0000000020004668                . = (. + _Min_Heap_Size)
 *fill*         0x0000000020004468      0x200 
                0x0000000020004a68                . = (. + _Min_Stack_Size)
 *fill*         0x0000000020004668      0x400 
                0x0000000020004a68                . = ALIGN (0x8)

/DISCARD/
 libc.a(*)
 libm.a(*)
 libgcc.a(*)

.ARM.attributes
                0x0000000000000000       0x30
 *(.ARM.attributes)
 .ARM.attributes
                0x0000000000000000       0x1e /usr/local/Caskroom/gcc-arm-embedded/9-2019-q4-major/gcc-arm-none-eabi-9-2019-q4-major/bin/../lib/gcc/arm-none-eabi/9.2.1/thumb/v7e-m+fp/hard/crti.o
 .ARM.attributes
                0x000000000000001e       0x34 /usr/local/Caskroom/gcc-arm-embedded/9-2019-q4-major/gcc-arm-none-eabi-9-2019-q4-major/bin/../lib/gcc/arm-none-eabi/9.2.1/thumb/v7e-m+fp/hard/crtbegin.o
 .ARM.attributes
                0x0000000000000052       0x34 CMakeFiles/led_blink.elf.dir/Core/Src/freertos.c.obj
 .ARM.attributes
                0x0000000000000086       0x34 CMakeFiles/led_blink.elf.dir/Core/Src/main.c.obj
 .ARM.attributes
                0x00000000000000ba       0x34 CMakeFiles/led_blink.elf.dir/Core/Src/stm32f4xx_hal_msp.c.obj
 .ARM.attributes
                0x00000000000000ee       0x34 CMakeFiles/led_blink.elf.dir/Core/Src/stm32f4xx_hal_timebase_tim.c.obj
 .ARM.attributes
                0x0000000000000122       0x34 CMakeFiles/led_blink.elf.dir/Core/Src/stm32f4xx_it.c.obj
 .ARM.attributes
                0x0000000000000156       0x34 CMakeFiles/led_blink.elf.dir/Core/Src/system_stm32f4xx.c.obj
 .ARM.attributes
                0x000000000000018a       0x21 CMakeFiles/led_blink.elf.dir/Core/Startup/startup_stm32f401retx.s.obj
 .ARM.attributes
                0x00000000000001ab       0x34 CMakeFiles/led_blink.elf.dir/Drivers/STM32F4xx_HAL_Driver/Src/stm32f4xx_hal.c.obj
 .ARM.attributes
                0x00000000000001df       0x34 CMakeFiles/led_blink.elf.dir/Drivers/STM32F4xx_HAL_Driver/Src/stm32f4xx_hal_cortex.c.obj
 .ARM.attributes
                0x0000000000000213       0x34 CMakeFiles/led_blink.elf.dir/Drivers/STM32F4xx_HAL_Driver/Src/stm32f4xx_hal_gpio.c.obj
 .ARM.attributes
                0x0000000000000247       0x34 CMakeFiles/led_blink.elf.dir/Drivers/STM32F4xx_HAL_Driver/Src/stm32f4xx_hal_rcc.c.obj
 .ARM.attributes
                0x000000000000027b       0x34 CMakeFiles/led_blink.elf.dir/Drivers/STM32F4xx_HAL_Driver/Src/stm32f4xx_hal_tim.c.obj
 .ARM.attributes
                0x00000000000002af       0x34 CMakeFiles/led_blink.elf.dir/Drivers/STM32F4xx_HAL_Driver/Src/stm32f4xx_hal_tim_ex.c.obj
 .ARM.attributes
                0x00000000000002e3       0x34 CMakeFiles/led_blink.elf.dir/Middlewares/Third_Party/FreeRTOS/Source/CMSIS_RTOS/cmsis_os.c.obj
 .ARM.attributes
                0x0000000000000317       0x34 CMakeFiles/led_blink.elf.dir/Middlewares/Third_Party/FreeRTOS/Source/list.c.obj
 .ARM.attributes
                0x000000000000034b       0x34 CMakeFiles/led_blink.elf.dir/Middlewares/Third_Party/FreeRTOS/Source/portable/GCC/ARM_CM4F/port.c.obj
 .ARM.attributes
                0x000000000000037f       0x34 CMakeFiles/led_blink.elf.dir/Middlewares/Third_Party/FreeRTOS/Source/portable/MemMang/heap_4.c.obj
 .ARM.attributes
                0x00000000000003b3       0x34 CMakeFiles/led_blink.elf.dir/Middlewares/Third_Party/FreeRTOS/Source/tasks.c.obj
 .ARM.attributes
                0x00000000000003e7       0x1e /usr/local/Caskroom/gcc-arm-embedded/9-2019-q4-major/gcc-arm-none-eabi-9-2019-q4-major/bin/../lib/gcc/arm-none-eabi/9.2.1/thumb/v7e-m+fp/hard/libgcc.a(_aeabi_uldivmod.o)
 .ARM.attributes
                0x0000000000000405       0x34 /usr/local/Caskroom/gcc-arm-embedded/9-2019-q4-major/gcc-arm-none-eabi-9-2019-q4-major/bin/../lib/gcc/arm-none-eabi/9.2.1/thumb/v7e-m+fp/hard/libgcc.a(_udivmoddi4.o)
 .ARM.attributes
                0x0000000000000439       0x1e /usr/local/Caskroom/gcc-arm-embedded/9-2019-q4-major/gcc-arm-none-eabi-9-2019-q4-major/bin/../lib/gcc/arm-none-eabi/9.2.1/thumb/v7e-m+fp/hard/libgcc.a(_dvmd_tls.o)
 .ARM.attributes
                0x0000000000000457       0x32 /usr/local/Caskroom/gcc-arm-embedded/9-2019-q4-major/gcc-arm-none-eabi-9-2019-q4-major/bin/../lib/gcc/arm-none-eabi/9.2.1/../../../../arm-none-eabi/lib/thumb/v7e-m+fp/hard/libg.a(lib_a-impure.o)
 .ARM.attributes
                0x0000000000000489       0x34 /usr/local/Caskroom/gcc-arm-embedded/9-2019-q4-major/gcc-arm-none-eabi-9-2019-q4-major/bin/../lib/gcc/arm-none-eabi/9.2.1/../../../../arm-none-eabi/lib/thumb/v7e-m+fp/hard/libg.a(lib_a-init.o)
 .ARM.attributes
                0x00000000000004bd       0x34 /usr/local/Caskroom/gcc-arm-embedded/9-2019-q4-major/gcc-arm-none-eabi-9-2019-q4-major/bin/../lib/gcc/arm-none-eabi/9.2.1/../../../../arm-none-eabi/lib/thumb/v7e-m+fp/hard/libg.a(lib_a-memset.o)
 .ARM.attributes
                0x00000000000004f1       0x34 /usr/local/Caskroom/gcc-arm-embedded/9-2019-q4-major/gcc-arm-none-eabi-9-2019-q4-major/bin/../lib/gcc/arm-none-eabi/9.2.1/../../../../arm-none-eabi/lib/thumb/v7e-m+fp/hard/libg.a(lib_a-__call_atexit.o)
 .ARM.attributes
                0x0000000000000525       0x34 /usr/local/Caskroom/gcc-arm-embedded/9-2019-q4-major/gcc-arm-none-eabi-9-2019-q4-major/bin/../lib/gcc/arm-none-eabi/9.2.1/../../../../arm-none-eabi/lib/thumb/v7e-m+fp/hard/libg.a(lib_a-atexit.o)
 .ARM.attributes
                0x0000000000000559       0x34 /usr/local/Caskroom/gcc-arm-embedded/9-2019-q4-major/gcc-arm-none-eabi-9-2019-q4-major/bin/../lib/gcc/arm-none-eabi/9.2.1/../../../../arm-none-eabi/lib/thumb/v7e-m+fp/hard/libg.a(lib_a-fini.o)
 .ARM.attributes
                0x000000000000058d       0x34 /usr/local/Caskroom/gcc-arm-embedded/9-2019-q4-major/gcc-arm-none-eabi-9-2019-q4-major/bin/../lib/gcc/arm-none-eabi/9.2.1/../../../../arm-none-eabi/lib/thumb/v7e-m+fp/hard/libg.a(lib_a-lock.o)
 .ARM.attributes
                0x00000000000005c1       0x34 /usr/local/Caskroom/gcc-arm-embedded/9-2019-q4-major/gcc-arm-none-eabi-9-2019-q4-major/bin/../lib/gcc/arm-none-eabi/9.2.1/../../../../arm-none-eabi/lib/thumb/v7e-m+fp/hard/libg.a(lib_a-__atexit.o)
 .ARM.attributes
                0x00000000000005f5       0x1e /usr/local/Caskroom/gcc-arm-embedded/9-2019-q4-major/gcc-arm-none-eabi-9-2019-q4-major/bin/../lib/gcc/arm-none-eabi/9.2.1/thumb/v7e-m+fp/hard/crtn.o
OUTPUT(led_blink.elf elf32-littlearm)

.debug_info     0x0000000000000000     0xf434
 .debug_info    0x0000000000000000      0x362 CMakeFiles/led_blink.elf.dir/Core/Src/freertos.c.obj
 .debug_info    0x0000000000000362      0xf30 CMakeFiles/led_blink.elf.dir/Core/Src/main.c.obj
 .debug_info    0x0000000000001292      0x544 CMakeFiles/led_blink.elf.dir/Core/Src/stm32f4xx_hal_msp.c.obj
 .debug_info    0x00000000000017d6      0xb48 CMakeFiles/led_blink.elf.dir/Core/Src/stm32f4xx_hal_timebase_tim.c.obj
 .debug_info    0x000000000000231e      0x718 CMakeFiles/led_blink.elf.dir/Core/Src/stm32f4xx_it.c.obj
 .debug_info    0x0000000000002a36      0x5c5 CMakeFiles/led_blink.elf.dir/Core/Src/system_stm32f4xx.c.obj
 .debug_info    0x0000000000002ffb       0x22 CMakeFiles/led_blink.elf.dir/Core/Startup/startup_stm32f401retx.s.obj
 .debug_info    0x000000000000301d      0x932 CMakeFiles/led_blink.elf.dir/Drivers/STM32F4xx_HAL_Driver/Src/stm32f4xx_hal.c.obj
 .debug_info    0x000000000000394f      0xe36 CMakeFiles/led_blink.elf.dir/Drivers/STM32F4xx_HAL_Driver/Src/stm32f4xx_hal_cortex.c.obj
 .debug_info    0x0000000000004785      0x847 CMakeFiles/led_blink.elf.dir/Drivers/STM32F4xx_HAL_Driver/Src/stm32f4xx_hal_gpio.c.obj
 .debug_info    0x0000000000004fcc      0x9b2 CMakeFiles/led_blink.elf.dir/Drivers/STM32F4xx_HAL_Driver/Src/stm32f4xx_hal_rcc.c.obj
 .debug_info    0x000000000000597e     0x26ba CMakeFiles/led_blink.elf.dir/Drivers/STM32F4xx_HAL_Driver/Src/stm32f4xx_hal_tim.c.obj
 .debug_info    0x0000000000008038     0x124c CMakeFiles/led_blink.elf.dir/Drivers/STM32F4xx_HAL_Driver/Src/stm32f4xx_hal_tim_ex.c.obj
 .debug_info    0x0000000000009284     0x202f CMakeFiles/led_blink.elf.dir/Middlewares/Third_Party/FreeRTOS/Source/CMSIS_RTOS/cmsis_os.c.obj
 .debug_info    0x000000000000b2b3      0xb77 CMakeFiles/led_blink.elf.dir/Middlewares/Third_Party/FreeRTOS/Source/list.c.obj
 .debug_info    0x000000000000be2a      0x4e6 CMakeFiles/led_blink.elf.dir/Middlewares/Third_Party/FreeRTOS/Source/portable/GCC/ARM_CM4F/port.c.obj
 .debug_info    0x000000000000c310      0xc6c CMakeFiles/led_blink.elf.dir/Middlewares/Third_Party/FreeRTOS/Source/portable/MemMang/heap_4.c.obj
 .debug_info    0x000000000000cf7c     0x24b8 CMakeFiles/led_blink.elf.dir/Middlewares/Third_Party/FreeRTOS/Source/tasks.c.obj

.debug_abbrev   0x0000000000000000     0x2693
 .debug_abbrev  0x0000000000000000      0x11a CMakeFiles/led_blink.elf.dir/Core/Src/freertos.c.obj
 .debug_abbrev  0x000000000000011a      0x22d CMakeFiles/led_blink.elf.dir/Core/Src/main.c.obj
 .debug_abbrev  0x0000000000000347      0x123 CMakeFiles/led_blink.elf.dir/Core/Src/stm32f4xx_hal_msp.c.obj
 .debug_abbrev  0x000000000000046a      0x1cd CMakeFiles/led_blink.elf.dir/Core/Src/stm32f4xx_hal_timebase_tim.c.obj
 .debug_abbrev  0x0000000000000637      0x184 CMakeFiles/led_blink.elf.dir/Core/Src/stm32f4xx_it.c.obj
 .debug_abbrev  0x00000000000007bb      0x142 CMakeFiles/led_blink.elf.dir/Core/Src/system_stm32f4xx.c.obj
 .debug_abbrev  0x00000000000008fd       0x12 CMakeFiles/led_blink.elf.dir/Core/Startup/startup_stm32f401retx.s.obj
 .debug_abbrev  0x000000000000090f      0x21b CMakeFiles/led_blink.elf.dir/Drivers/STM32F4xx_HAL_Driver/Src/stm32f4xx_hal.c.obj
 .debug_abbrev  0x0000000000000b2a      0x339 CMakeFiles/led_blink.elf.dir/Drivers/STM32F4xx_HAL_Driver/Src/stm32f4xx_hal_cortex.c.obj
 .debug_abbrev  0x0000000000000e63      0x1ee CMakeFiles/led_blink.elf.dir/Drivers/STM32F4xx_HAL_Driver/Src/stm32f4xx_hal_gpio.c.obj
 .debug_abbrev  0x0000000000001051      0x272 CMakeFiles/led_blink.elf.dir/Drivers/STM32F4xx_HAL_Driver/Src/stm32f4xx_hal_rcc.c.obj
 .debug_abbrev  0x00000000000012c3      0x26c CMakeFiles/led_blink.elf.dir/Drivers/STM32F4xx_HAL_Driver/Src/stm32f4xx_hal_tim.c.obj
 .debug_abbrev  0x000000000000152f      0x25a CMakeFiles/led_blink.elf.dir/Drivers/STM32F4xx_HAL_Driver/Src/stm32f4xx_hal_tim_ex.c.obj
 .debug_abbrev  0x0000000000001789      0x3e1 CMakeFiles/led_blink.elf.dir/Middlewares/Third_Party/FreeRTOS/Source/CMSIS_RTOS/cmsis_os.c.obj
 .debug_abbrev  0x0000000000001b6a      0x232 CMakeFiles/led_blink.elf.dir/Middlewares/Third_Party/FreeRTOS/Source/list.c.obj
 .debug_abbrev  0x0000000000001d9c      0x22e CMakeFiles/led_blink.elf.dir/Middlewares/Third_Party/FreeRTOS/Source/portable/GCC/ARM_CM4F/port.c.obj
 .debug_abbrev  0x0000000000001fca      0x30e CMakeFiles/led_blink.elf.dir/Middlewares/Third_Party/FreeRTOS/Source/portable/MemMang/heap_4.c.obj
 .debug_abbrev  0x00000000000022d8      0x3bb CMakeFiles/led_blink.elf.dir/Middlewares/Third_Party/FreeRTOS/Source/tasks.c.obj

.debug_aranges  0x0000000000000000      0xdd0
 .debug_aranges
                0x0000000000000000       0x20 CMakeFiles/led_blink.elf.dir/Core/Src/freertos.c.obj
 .debug_aranges
                0x0000000000000020       0x50 CMakeFiles/led_blink.elf.dir/Core/Src/main.c.obj
 .debug_aranges
                0x0000000000000070       0x20 CMakeFiles/led_blink.elf.dir/Core/Src/stm32f4xx_hal_msp.c.obj
 .debug_aranges
                0x0000000000000090       0x30 CMakeFiles/led_blink.elf.dir/Core/Src/stm32f4xx_hal_timebase_tim.c.obj
 .debug_aranges
                0x00000000000000c0       0x50 CMakeFiles/led_blink.elf.dir/Core/Src/stm32f4xx_it.c.obj
 .debug_aranges
                0x0000000000000110       0x28 CMakeFiles/led_blink.elf.dir/Core/Src/system_stm32f4xx.c.obj
 .debug_aranges
                0x0000000000000138       0x28 CMakeFiles/led_blink.elf.dir/Core/Startup/startup_stm32f401retx.s.obj
 .debug_aranges
                0x0000000000000160       0xf0 CMakeFiles/led_blink.elf.dir/Drivers/STM32F4xx_HAL_Driver/Src/stm32f4xx_hal.c.obj
 .debug_aranges
                0x0000000000000250      0x118 CMakeFiles/led_blink.elf.dir/Drivers/STM32F4xx_HAL_Driver/Src/stm32f4xx_hal_cortex.c.obj
 .debug_aranges
                0x0000000000000368       0x58 CMakeFiles/led_blink.elf.dir/Drivers/STM32F4xx_HAL_Driver/Src/stm32f4xx_hal_gpio.c.obj
 .debug_aranges
                0x00000000000003c0       0x88 CMakeFiles/led_blink.elf.dir/Drivers/STM32F4xx_HAL_Driver/Src/stm32f4xx_hal_rcc.c.obj
 .debug_aranges
                0x0000000000000448      0x3a8 CMakeFiles/led_blink.elf.dir/Drivers/STM32F4xx_HAL_Driver/Src/stm32f4xx_hal_tim.c.obj
 .debug_aranges
                0x00000000000007f0      0x150 CMakeFiles/led_blink.elf.dir/Drivers/STM32F4xx_HAL_Driver/Src/stm32f4xx_hal_tim_ex.c.obj
 .debug_aranges
                0x0000000000000940      0x1d8 CMakeFiles/led_blink.elf.dir/Middlewares/Third_Party/FreeRTOS/Source/CMSIS_RTOS/cmsis_os.c.obj
 .debug_aranges
                0x0000000000000b18       0x40 CMakeFiles/led_blink.elf.dir/Middlewares/Third_Party/FreeRTOS/Source/list.c.obj
 .debug_aranges
                0x0000000000000b58       0x80 CMakeFiles/led_blink.elf.dir/Middlewares/Third_Party/FreeRTOS/Source/portable/GCC/ARM_CM4F/port.c.obj
 .debug_aranges
                0x0000000000000bd8       0x50 CMakeFiles/led_blink.elf.dir/Middlewares/Third_Party/FreeRTOS/Source/portable/MemMang/heap_4.c.obj
 .debug_aranges
                0x0000000000000c28      0x1a8 CMakeFiles/led_blink.elf.dir/Middlewares/Third_Party/FreeRTOS/Source/tasks.c.obj

.debug_ranges   0x0000000000000000      0xcb8
 .debug_ranges  0x0000000000000000       0x10 CMakeFiles/led_blink.elf.dir/Core/Src/freertos.c.obj
 .debug_ranges  0x0000000000000010       0x40 CMakeFiles/led_blink.elf.dir/Core/Src/main.c.obj
 .debug_ranges  0x0000000000000050       0x10 CMakeFiles/led_blink.elf.dir/Core/Src/stm32f4xx_hal_msp.c.obj
 .debug_ranges  0x0000000000000060       0x20 CMakeFiles/led_blink.elf.dir/Core/Src/stm32f4xx_hal_timebase_tim.c.obj
 .debug_ranges  0x0000000000000080       0x40 CMakeFiles/led_blink.elf.dir/Core/Src/stm32f4xx_it.c.obj
 .debug_ranges  0x00000000000000c0       0x18 CMakeFiles/led_blink.elf.dir/Core/Src/system_stm32f4xx.c.obj
 .debug_ranges  0x00000000000000d8       0x20 CMakeFiles/led_blink.elf.dir/Core/Startup/startup_stm32f401retx.s.obj
 .debug_ranges  0x00000000000000f8       0xe0 CMakeFiles/led_blink.elf.dir/Drivers/STM32F4xx_HAL_Driver/Src/stm32f4xx_hal.c.obj
 .debug_ranges  0x00000000000001d8      0x108 CMakeFiles/led_blink.elf.dir/Drivers/STM32F4xx_HAL_Driver/Src/stm32f4xx_hal_cortex.c.obj
 .debug_ranges  0x00000000000002e0       0x48 CMakeFiles/led_blink.elf.dir/Drivers/STM32F4xx_HAL_Driver/Src/stm32f4xx_hal_gpio.c.obj
 .debug_ranges  0x0000000000000328       0x78 CMakeFiles/led_blink.elf.dir/Drivers/STM32F4xx_HAL_Driver/Src/stm32f4xx_hal_rcc.c.obj
 .debug_ranges  0x00000000000003a0      0x398 CMakeFiles/led_blink.elf.dir/Drivers/STM32F4xx_HAL_Driver/Src/stm32f4xx_hal_tim.c.obj
 .debug_ranges  0x0000000000000738      0x140 CMakeFiles/led_blink.elf.dir/Drivers/STM32F4xx_HAL_Driver/Src/stm32f4xx_hal_tim_ex.c.obj
 .debug_ranges  0x0000000000000878      0x1c8 CMakeFiles/led_blink.elf.dir/Middlewares/Third_Party/FreeRTOS/Source/CMSIS_RTOS/cmsis_os.c.obj
 .debug_ranges  0x0000000000000a40       0x30 CMakeFiles/led_blink.elf.dir/Middlewares/Third_Party/FreeRTOS/Source/list.c.obj
 .debug_ranges  0x0000000000000a70       0x70 CMakeFiles/led_blink.elf.dir/Middlewares/Third_Party/FreeRTOS/Source/portable/GCC/ARM_CM4F/port.c.obj
 .debug_ranges  0x0000000000000ae0       0x40 CMakeFiles/led_blink.elf.dir/Middlewares/Third_Party/FreeRTOS/Source/portable/MemMang/heap_4.c.obj
 .debug_ranges  0x0000000000000b20      0x198 CMakeFiles/led_blink.elf.dir/Middlewares/Third_Party/FreeRTOS/Source/tasks.c.obj

.debug_line     0x0000000000000000     0x9fe3
 .debug_line    0x0000000000000000      0x3f6 CMakeFiles/led_blink.elf.dir/Core/Src/freertos.c.obj
 .debug_line    0x00000000000003f6      0x5b5 CMakeFiles/led_blink.elf.dir/Core/Src/main.c.obj
 .debug_line    0x00000000000009ab      0x2cf CMakeFiles/led_blink.elf.dir/Core/Src/stm32f4xx_hal_msp.c.obj
 .debug_line    0x0000000000000c7a      0x390 CMakeFiles/led_blink.elf.dir/Core/Src/stm32f4xx_hal_timebase_tim.c.obj
 .debug_line    0x000000000000100a      0x397 CMakeFiles/led_blink.elf.dir/Core/Src/stm32f4xx_it.c.obj
 .debug_line    0x00000000000013a1      0x35f CMakeFiles/led_blink.elf.dir/Core/Src/system_stm32f4xx.c.obj
 .debug_line    0x0000000000001700       0xb4 CMakeFiles/led_blink.elf.dir/Core/Startup/startup_stm32f401retx.s.obj
 .debug_line    0x00000000000017b4      0x5e5 CMakeFiles/led_blink.elf.dir/Drivers/STM32F4xx_HAL_Driver/Src/stm32f4xx_hal.c.obj
 .debug_line    0x0000000000001d99      0x8a6 CMakeFiles/led_blink.elf.dir/Drivers/STM32F4xx_HAL_Driver/Src/stm32f4xx_hal_cortex.c.obj
 .debug_line    0x000000000000263f      0x749 CMakeFiles/led_blink.elf.dir/Drivers/STM32F4xx_HAL_Driver/Src/stm32f4xx_hal_gpio.c.obj
 .debug_line    0x0000000000002d88      0x991 CMakeFiles/led_blink.elf.dir/Drivers/STM32F4xx_HAL_Driver/Src/stm32f4xx_hal_rcc.c.obj
 .debug_line    0x0000000000003719     0x2444 CMakeFiles/led_blink.elf.dir/Drivers/STM32F4xx_HAL_Driver/Src/stm32f4xx_hal_tim.c.obj
 .debug_line    0x0000000000005b5d      0xe13 CMakeFiles/led_blink.elf.dir/Drivers/STM32F4xx_HAL_Driver/Src/stm32f4xx_hal_tim_ex.c.obj
 .debug_line    0x0000000000006970      0xf5b CMakeFiles/led_blink.elf.dir/Middlewares/Third_Party/FreeRTOS/Source/CMSIS_RTOS/cmsis_os.c.obj
 .debug_line    0x00000000000078cb      0x4fa CMakeFiles/led_blink.elf.dir/Middlewares/Third_Party/FreeRTOS/Source/list.c.obj
 .debug_line    0x0000000000007dc5      0x59a CMakeFiles/led_blink.elf.dir/Middlewares/Third_Party/FreeRTOS/Source/portable/GCC/ARM_CM4F/port.c.obj
 .debug_line    0x000000000000835f      0x646 CMakeFiles/led_blink.elf.dir/Middlewares/Third_Party/FreeRTOS/Source/portable/MemMang/heap_4.c.obj
 .debug_line    0x00000000000089a5     0x163e CMakeFiles/led_blink.elf.dir/Middlewares/Third_Party/FreeRTOS/Source/tasks.c.obj

.debug_str      0x0000000000000000     0x4f6e
 .debug_str     0x0000000000000000      0x3d0 CMakeFiles/led_blink.elf.dir/Core/Src/freertos.c.obj
                                        0x446 (size before relaxing)
 .debug_str     0x00000000000003d0      0x8f0 CMakeFiles/led_blink.elf.dir/Core/Src/main.c.obj
                                        0xcbc (size before relaxing)
 .debug_str     0x0000000000000cc0      0x3e7 CMakeFiles/led_blink.elf.dir/Core/Src/stm32f4xx_hal_msp.c.obj
                                        0x7a2 (size before relaxing)
 .debug_str     0x00000000000010a7       0xd9 CMakeFiles/led_blink.elf.dir/Core/Src/stm32f4xx_hal_timebase_tim.c.obj
                                        0xcbb (size before relaxing)
 .debug_str     0x0000000000001180       0xc8 CMakeFiles/led_blink.elf.dir/Core/Src/stm32f4xx_it.c.obj
                                        0x798 (size before relaxing)
 .debug_str     0x0000000000001248       0xde CMakeFiles/led_blink.elf.dir/Core/Src/system_stm32f4xx.c.obj
                                        0x492 (size before relaxing)
 .debug_str     0x0000000000001326       0x65 CMakeFiles/led_blink.elf.dir/Core/Startup/startup_stm32f401retx.s.obj
                                         0x9d (size before relaxing)
 .debug_str     0x000000000000138b      0x2a9 CMakeFiles/led_blink.elf.dir/Drivers/STM32F4xx_HAL_Driver/Src/stm32f4xx_hal.c.obj
                                        0xa7d (size before relaxing)
 .debug_str     0x0000000000001634      0x4b8 CMakeFiles/led_blink.elf.dir/Drivers/STM32F4xx_HAL_Driver/Src/stm32f4xx_hal_cortex.c.obj
                                        0xbef (size before relaxing)
 .debug_str     0x0000000000001aec      0x187 CMakeFiles/led_blink.elf.dir/Drivers/STM32F4xx_HAL_Driver/Src/stm32f4xx_hal_gpio.c.obj
                                        0x629 (size before relaxing)
 .debug_str     0x0000000000001c73      0x1de CMakeFiles/led_blink.elf.dir/Drivers/STM32F4xx_HAL_Driver/Src/stm32f4xx_hal_rcc.c.obj
                                        0x7e0 (size before relaxing)
 .debug_str     0x0000000000001e51      0xe0d CMakeFiles/led_blink.elf.dir/Drivers/STM32F4xx_HAL_Driver/Src/stm32f4xx_hal_tim.c.obj
                                       0x15a1 (size before relaxing)
 .debug_str     0x0000000000002c5e      0x5a8 CMakeFiles/led_blink.elf.dir/Drivers/STM32F4xx_HAL_Driver/Src/stm32f4xx_hal_tim_ex.c.obj
                                        0xda1 (size before relaxing)
 .debug_str     0x0000000000003206      0xcd8 CMakeFiles/led_blink.elf.dir/Middlewares/Third_Party/FreeRTOS/Source/CMSIS_RTOS/cmsis_os.c.obj
                                       0x11bb (size before relaxing)
 .debug_str     0x0000000000003ede      0x172 CMakeFiles/led_blink.elf.dir/Middlewares/Third_Party/FreeRTOS/Source/list.c.obj
                                        0x763 (size before relaxing)
 .debug_str     0x0000000000004050      0x26b CMakeFiles/led_blink.elf.dir/Middlewares/Third_Party/FreeRTOS/Source/portable/GCC/ARM_CM4F/port.c.obj
                                        0x4c3 (size before relaxing)
 .debug_str     0x00000000000042bb      0x22e CMakeFiles/led_blink.elf.dir/Middlewares/Third_Party/FreeRTOS/Source/portable/MemMang/heap_4.c.obj
                                        0x82d (size before relaxing)
 .debug_str     0x00000000000044e9      0xa85 CMakeFiles/led_blink.elf.dir/Middlewares/Third_Party/FreeRTOS/Source/tasks.c.obj
                                       0x1336 (size before relaxing)

.comment        0x0000000000000000       0x79
 .comment       0x0000000000000000       0x79 CMakeFiles/led_blink.elf.dir/Core/Src/freertos.c.obj
                                         0x7a (size before relaxing)
 .comment       0x0000000000000079       0x7a CMakeFiles/led_blink.elf.dir/Core/Src/main.c.obj
 .comment       0x0000000000000079       0x7a CMakeFiles/led_blink.elf.dir/Core/Src/stm32f4xx_hal_msp.c.obj
 .comment       0x0000000000000079       0x7a CMakeFiles/led_blink.elf.dir/Core/Src/stm32f4xx_hal_timebase_tim.c.obj
 .comment       0x0000000000000079       0x7a CMakeFiles/led_blink.elf.dir/Core/Src/stm32f4xx_it.c.obj
 .comment       0x0000000000000079       0x7a CMakeFiles/led_blink.elf.dir/Core/Src/system_stm32f4xx.c.obj
 .comment       0x0000000000000079       0x7a CMakeFiles/led_blink.elf.dir/Drivers/STM32F4xx_HAL_Driver/Src/stm32f4xx_hal.c.obj
 .comment       0x0000000000000079       0x7a CMakeFiles/led_blink.elf.dir/Drivers/STM32F4xx_HAL_Driver/Src/stm32f4xx_hal_cortex.c.obj
 .comment       0x0000000000000079       0x7a CMakeFiles/led_blink.elf.dir/Drivers/STM32F4xx_HAL_Driver/Src/stm32f4xx_hal_gpio.c.obj
 .comment       0x0000000000000079       0x7a CMakeFiles/led_blink.elf.dir/Drivers/STM32F4xx_HAL_Driver/Src/stm32f4xx_hal_rcc.c.obj
 .comment       0x0000000000000079       0x7a CMakeFiles/led_blink.elf.dir/Drivers/STM32F4xx_HAL_Driver/Src/stm32f4xx_hal_tim.c.obj
 .comment       0x0000000000000079       0x7a CMakeFiles/led_blink.elf.dir/Drivers/STM32F4xx_HAL_Driver/Src/stm32f4xx_hal_tim_ex.c.obj
 .comment       0x0000000000000079       0x7a CMakeFiles/led_blink.elf.dir/Middlewares/Third_Party/FreeRTOS/Source/CMSIS_RTOS/cmsis_os.c.obj
 .comment       0x0000000000000079       0x7a CMakeFiles/led_blink.elf.dir/Middlewares/Third_Party/FreeRTOS/Source/list.c.obj
 .comment       0x0000000000000079       0x7a CMakeFiles/led_blink.elf.dir/Middlewares/Third_Party/FreeRTOS/Source/portable/GCC/ARM_CM4F/port.c.obj
 .comment       0x0000000000000079       0x7a CMakeFiles/led_blink.elf.dir/Middlewares/Third_Party/FreeRTOS/Source/portable/MemMang/heap_4.c.obj
 .comment       0x0000000000000079       0x7a CMakeFiles/led_blink.elf.dir/Middlewares/Third_Party/FreeRTOS/Source/tasks.c.obj

.debug_frame    0x0000000000000000     0x3a1c
 .debug_frame   0x0000000000000000       0x38 CMakeFiles/led_blink.elf.dir/Core/Src/freertos.c.obj
 .debug_frame   0x0000000000000038      0x100 CMakeFiles/led_blink.elf.dir/Core/Src/main.c.obj
 .debug_frame   0x0000000000000138       0x34 CMakeFiles/led_blink.elf.dir/Core/Src/stm32f4xx_hal_msp.c.obj
 .debug_frame   0x000000000000016c       0x74 CMakeFiles/led_blink.elf.dir/Core/Src/stm32f4xx_hal_timebase_tim.c.obj
 .debug_frame   0x00000000000001e0       0xcc CMakeFiles/led_blink.elf.dir/Core/Src/stm32f4xx_it.c.obj
 .debug_frame   0x00000000000002ac       0x58 CMakeFiles/led_blink.elf.dir/Core/Src/system_stm32f4xx.c.obj
 .debug_frame   0x0000000000000304      0x374 CMakeFiles/led_blink.elf.dir/Drivers/STM32F4xx_HAL_Driver/Src/stm32f4xx_hal.c.obj
 .debug_frame   0x0000000000000678      0x498 CMakeFiles/led_blink.elf.dir/Drivers/STM32F4xx_HAL_Driver/Src/stm32f4xx_hal_cortex.c.obj
 .debug_frame   0x0000000000000b10      0x14c CMakeFiles/led_blink.elf.dir/Drivers/STM32F4xx_HAL_Driver/Src/stm32f4xx_hal_gpio.c.obj
 .debug_frame   0x0000000000000c5c      0x1ec CMakeFiles/led_blink.elf.dir/Drivers/STM32F4xx_HAL_Driver/Src/stm32f4xx_hal_rcc.c.obj
 .debug_frame   0x0000000000000e48     0x10e8 CMakeFiles/led_blink.elf.dir/Drivers/STM32F4xx_HAL_Driver/Src/stm32f4xx_hal_tim.c.obj
 .debug_frame   0x0000000000001f30      0x5c0 CMakeFiles/led_blink.elf.dir/Drivers/STM32F4xx_HAL_Driver/Src/stm32f4xx_hal_tim_ex.c.obj
 .debug_frame   0x00000000000024f0      0x80c CMakeFiles/led_blink.elf.dir/Middlewares/Third_Party/FreeRTOS/Source/CMSIS_RTOS/cmsis_os.c.obj
 .debug_frame   0x0000000000002cfc       0xd8 CMakeFiles/led_blink.elf.dir/Middlewares/Third_Party/FreeRTOS/Source/list.c.obj
 .debug_frame   0x0000000000002dd4      0x1a8 CMakeFiles/led_blink.elf.dir/Middlewares/Third_Party/FreeRTOS/Source/portable/GCC/ARM_CM4F/port.c.obj
 .debug_frame   0x0000000000002f7c      0x108 CMakeFiles/led_blink.elf.dir/Middlewares/Third_Party/FreeRTOS/Source/portable/MemMang/heap_4.c.obj
 .debug_frame   0x0000000000003084      0x734 CMakeFiles/led_blink.elf.dir/Middlewares/Third_Party/FreeRTOS/Source/tasks.c.obj
 .debug_frame   0x00000000000037b8       0x2c /usr/local/Caskroom/gcc-arm-embedded/9-2019-q4-major/gcc-arm-none-eabi-9-2019-q4-major/bin/../lib/gcc/arm-none-eabi/9.2.1/thumb/v7e-m+fp/hard/libgcc.a(_aeabi_uldivmod.o)
 .debug_frame   0x00000000000037e4       0x34 /usr/local/Caskroom/gcc-arm-embedded/9-2019-q4-major/gcc-arm-none-eabi-9-2019-q4-major/bin/../lib/gcc/arm-none-eabi/9.2.1/thumb/v7e-m+fp/hard/libgcc.a(_udivmoddi4.o)
 .debug_frame   0x0000000000003818       0x2c /usr/local/Caskroom/gcc-arm-embedded/9-2019-q4-major/gcc-arm-none-eabi-9-2019-q4-major/bin/../lib/gcc/arm-none-eabi/9.2.1/../../../../arm-none-eabi/lib/thumb/v7e-m+fp/hard/libg.a(lib_a-init.o)
 .debug_frame   0x0000000000003844       0x38 /usr/local/Caskroom/gcc-arm-embedded/9-2019-q4-major/gcc-arm-none-eabi-9-2019-q4-major/bin/../lib/gcc/arm-none-eabi/9.2.1/../../../../arm-none-eabi/lib/thumb/v7e-m+fp/hard/libg.a(lib_a-memset.o)
 .debug_frame   0x000000000000387c       0x68 /usr/local/Caskroom/gcc-arm-embedded/9-2019-q4-major/gcc-arm-none-eabi-9-2019-q4-major/bin/../lib/gcc/arm-none-eabi/9.2.1/../../../../arm-none-eabi/lib/thumb/v7e-m+fp/hard/libg.a(lib_a-__call_atexit.o)
 .debug_frame   0x00000000000038e4       0x20 /usr/local/Caskroom/gcc-arm-embedded/9-2019-q4-major/gcc-arm-none-eabi-9-2019-q4-major/bin/../lib/gcc/arm-none-eabi/9.2.1/../../../../arm-none-eabi/lib/thumb/v7e-m+fp/hard/libg.a(lib_a-atexit.o)
 .debug_frame   0x0000000000003904       0x34 /usr/local/Caskroom/gcc-arm-embedded/9-2019-q4-major/gcc-arm-none-eabi-9-2019-q4-major/bin/../lib/gcc/arm-none-eabi/9.2.1/../../../../arm-none-eabi/lib/thumb/v7e-m+fp/hard/libg.a(lib_a-fini.o)
 .debug_frame   0x0000000000003938       0xb0 /usr/local/Caskroom/gcc-arm-embedded/9-2019-q4-major/gcc-arm-none-eabi-9-2019-q4-major/bin/../lib/gcc/arm-none-eabi/9.2.1/../../../../arm-none-eabi/lib/thumb/v7e-m+fp/hard/libg.a(lib_a-lock.o)
 .debug_frame   0x00000000000039e8       0x34 /usr/local/Caskroom/gcc-arm-embedded/9-2019-q4-major/gcc-arm-none-eabi-9-2019-q4-major/bin/../lib/gcc/arm-none-eabi/9.2.1/../../../../arm-none-eabi/lib/thumb/v7e-m+fp/hard/libg.a(lib_a-__atexit.o)
