Archive member included to satisfy reference by file (symbol)

/usr/local/Caskroom/gcc-arm-embedded/9-2019-q4-major/gcc-arm-none-eabi-9-2019-q4-major/bin/../lib/gcc/arm-none-eabi/9.2.1/thumb/v7e-m+fp/hard/libgcc.a(_aeabi_ldivmod.o)
                              CMakeFiles/led_blink.elf.dir/Drivers/STM32F4xx_HAL_Driver/Src/stm32f4xx_hal_rcc.c.obj (__aeabi_ldivmod)
/usr/local/Caskroom/gcc-arm-embedded/9-2019-q4-major/gcc-arm-none-eabi-9-2019-q4-major/bin/../lib/gcc/arm-none-eabi/9.2.1/thumb/v7e-m+fp/hard/libgcc.a(_aeabi_uldivmod.o)
                              CMakeFiles/led_blink.elf.dir/Drivers/STM32F4xx_HAL_Driver/Src/stm32f4xx_hal_rcc.c.obj (__aeabi_uldivmod)
/usr/local/Caskroom/gcc-arm-embedded/9-2019-q4-major/gcc-arm-none-eabi-9-2019-q4-major/bin/../lib/gcc/arm-none-eabi/9.2.1/thumb/v7e-m+fp/hard/libgcc.a(_udivmoddi4.o)
                              /usr/local/Caskroom/gcc-arm-embedded/9-2019-q4-major/gcc-arm-none-eabi-9-2019-q4-major/bin/../lib/gcc/arm-none-eabi/9.2.1/thumb/v7e-m+fp/hard/libgcc.a(_aeabi_ldivmod.o) (__udivmoddi4)
/usr/local/Caskroom/gcc-arm-embedded/9-2019-q4-major/gcc-arm-none-eabi-9-2019-q4-major/bin/../lib/gcc/arm-none-eabi/9.2.1/thumb/v7e-m+fp/hard/libgcc.a(_dvmd_tls.o)
                              /usr/local/Caskroom/gcc-arm-embedded/9-2019-q4-major/gcc-arm-none-eabi-9-2019-q4-major/bin/../lib/gcc/arm-none-eabi/9.2.1/thumb/v7e-m+fp/hard/libgcc.a(_aeabi_ldivmod.o) (__aeabi_ldiv0)
/usr/local/Caskroom/gcc-arm-embedded/9-2019-q4-major/gcc-arm-none-eabi-9-2019-q4-major/bin/../lib/gcc/arm-none-eabi/9.2.1/../../../../arm-none-eabi/lib/thumb/v7e-m+fp/hard/libg.a(lib_a-errno.o)
                              CMakeFiles/led_blink.elf.dir/Core/Src/syscalls.c.obj (__errno)
/usr/local/Caskroom/gcc-arm-embedded/9-2019-q4-major/gcc-arm-none-eabi-9-2019-q4-major/bin/../lib/gcc/arm-none-eabi/9.2.1/../../../../arm-none-eabi/lib/thumb/v7e-m+fp/hard/libg.a(lib_a-exit.o)
                              /usr/local/Caskroom/gcc-arm-embedded/9-2019-q4-major/gcc-arm-none-eabi-9-2019-q4-major/bin/../lib/gcc/arm-none-eabi/9.2.1/../../../../arm-none-eabi/lib/thumb/v7e-m+fp/hard/crt0.o (exit)
/usr/local/Caskroom/gcc-arm-embedded/9-2019-q4-major/gcc-arm-none-eabi-9-2019-q4-major/bin/../lib/gcc/arm-none-eabi/9.2.1/../../../../arm-none-eabi/lib/thumb/v7e-m+fp/hard/libg.a(lib_a-impure.o)
                              /usr/local/Caskroom/gcc-arm-embedded/9-2019-q4-major/gcc-arm-none-eabi-9-2019-q4-major/bin/../lib/gcc/arm-none-eabi/9.2.1/../../../../arm-none-eabi/lib/thumb/v7e-m+fp/hard/libg.a(lib_a-exit.o) (_global_impure_ptr)
/usr/local/Caskroom/gcc-arm-embedded/9-2019-q4-major/gcc-arm-none-eabi-9-2019-q4-major/bin/../lib/gcc/arm-none-eabi/9.2.1/../../../../arm-none-eabi/lib/thumb/v7e-m+fp/hard/libg.a(lib_a-init.o)
                              /usr/local/Caskroom/gcc-arm-embedded/9-2019-q4-major/gcc-arm-none-eabi-9-2019-q4-major/bin/../lib/gcc/arm-none-eabi/9.2.1/../../../../arm-none-eabi/lib/thumb/v7e-m+fp/hard/crt0.o (__libc_init_array)
/usr/local/Caskroom/gcc-arm-embedded/9-2019-q4-major/gcc-arm-none-eabi-9-2019-q4-major/bin/../lib/gcc/arm-none-eabi/9.2.1/../../../../arm-none-eabi/lib/thumb/v7e-m+fp/hard/libg.a(lib_a-memcpy.o)
                              CMakeFiles/led_blink.elf.dir/Middlewares/Third_Party/FreeRTOS/Source/queue.c.obj (memcpy)
/usr/local/Caskroom/gcc-arm-embedded/9-2019-q4-major/gcc-arm-none-eabi-9-2019-q4-major/bin/../lib/gcc/arm-none-eabi/9.2.1/../../../../arm-none-eabi/lib/thumb/v7e-m+fp/hard/libg.a(lib_a-memset.o)
                              /usr/local/Caskroom/gcc-arm-embedded/9-2019-q4-major/gcc-arm-none-eabi-9-2019-q4-major/bin/../lib/gcc/arm-none-eabi/9.2.1/../../../../arm-none-eabi/lib/thumb/v7e-m+fp/hard/crt0.o (memset)
/usr/local/Caskroom/gcc-arm-embedded/9-2019-q4-major/gcc-arm-none-eabi-9-2019-q4-major/bin/../lib/gcc/arm-none-eabi/9.2.1/../../../../arm-none-eabi/lib/thumb/v7e-m+fp/hard/libg.a(lib_a-__call_atexit.o)
                              /usr/local/Caskroom/gcc-arm-embedded/9-2019-q4-major/gcc-arm-none-eabi-9-2019-q4-major/bin/../lib/gcc/arm-none-eabi/9.2.1/../../../../arm-none-eabi/lib/thumb/v7e-m+fp/hard/libg.a(lib_a-exit.o) (__call_exitprocs)
/usr/local/Caskroom/gcc-arm-embedded/9-2019-q4-major/gcc-arm-none-eabi-9-2019-q4-major/bin/../lib/gcc/arm-none-eabi/9.2.1/../../../../arm-none-eabi/lib/thumb/v7e-m+fp/hard/libg.a(lib_a-atexit.o)
                              /usr/local/Caskroom/gcc-arm-embedded/9-2019-q4-major/gcc-arm-none-eabi-9-2019-q4-major/bin/../lib/gcc/arm-none-eabi/9.2.1/../../../../arm-none-eabi/lib/thumb/v7e-m+fp/hard/libg.a(lib_a-__call_atexit.o) (atexit)
/usr/local/Caskroom/gcc-arm-embedded/9-2019-q4-major/gcc-arm-none-eabi-9-2019-q4-major/bin/../lib/gcc/arm-none-eabi/9.2.1/../../../../arm-none-eabi/lib/thumb/v7e-m+fp/hard/libg.a(lib_a-fini.o)
[...]
Memory Configuration

Name             Origin             Length             Attributes
RAM              0x0000000020000000 0x0000000000018000 xrw
FLASH            0x0000000008000000 0x0000000000080000 xr
*default*        0x0000000000000000 0xffffffffffffffff

Linker script and memory map

LOAD /usr/local/Caskroom/gcc-arm-embedded/9-2019-q4-major/gcc-arm-none-eabi-9-2019-q4-major/bin/../lib/gcc/arm-none-eabi/9.2.1/thumb/v7e-m+fp/hard/crti.o
LOAD /usr/local/Caskroom/gcc-arm-embedded/9-2019-q4-major/gcc-arm-none-eabi-9-2019-q4-major/bin/../lib/gcc/arm-none-eabi/9.2.1/thumb/v7e-m+fp/hard/crtbegin.o
LOAD /usr/local/Caskroom/gcc-arm-embedded/9-2019-q4-major/gcc-arm-none-eabi-9-2019-q4-major/bin/../lib/gcc/arm-none-eabi/9.2.1/../../../../arm-none-eabi/lib/thumb/v7e-m+fp/hard/crt0.o
LOAD CMakeFiles/led_blink.elf.dir/Core/Src/freertos.c.obj
LOAD CMakeFiles/led_blink.elf.dir/Core/Src/main.c.obj
LOAD CMakeFiles/led_blink.elf.dir/Core/Src/stm32f4xx_hal_msp.c.obj
LOAD CMakeFiles/led_blink.elf.dir/Core/Src/stm32f4xx_hal_timebase_tim.c.obj
LOAD CMakeFiles/led_blink.elf.dir/Core/Src/stm32f4xx_it.c.obj
LOAD CMakeFiles/led_blink.elf.dir/Core/Src/syscalls.c.obj
LOAD CMakeFiles/led_blink.elf.dir/Core/Src/sysmem.c.obj
LOAD CMakeFiles/led_blink.elf.dir/Core/Src/system_stm32f4xx.c.obj
LOAD CMakeFiles/led_blink.elf.dir/Core/Startup/startup_stm32f401retx.s.obj
LOAD CMakeFiles/led_blink.elf.dir/Drivers/STM32F4xx_HAL_Driver/Src/stm32f4xx_hal.c.obj
LOAD CMakeFiles/led_blink.elf.dir/Drivers/STM32F4xx_HAL_Driver/Src/stm32f4xx_hal_cortex.c.obj
LOAD CMakeFiles/led_blink.elf.dir/Drivers/STM32F4xx_HAL_Driver/Src/stm32f4xx_hal_dma.c.obj
LOAD CMakeFiles/led_blink.elf.dir/Drivers/STM32F4xx_HAL_Driver/Src/stm32f4xx_hal_dma_ex.c.obj
LOAD CMakeFiles/led_blink.elf.dir/Drivers/STM32F4xx_HAL_Driver/Src/stm32f4xx_hal_exti.c.obj
LOAD CMakeFiles/led_blink.elf.dir/Drivers/STM32F4xx_HAL_Driver/Src/stm32f4xx_hal_flash.c.obj
LOAD CMakeFiles/led_blink.elf.dir/Drivers/STM32F4xx_HAL_Driver/Src/stm32f4xx_hal_flash_ex.c.obj
LOAD CMakeFiles/led_blink.elf.dir/Drivers/STM32F4xx_HAL_Driver/Src/stm32f4xx_hal_flash_ramfunc.c.obj
LOAD CMakeFiles/led_blink.elf.dir/Drivers/STM32F4xx_HAL_Driver/Src/stm32f4xx_hal_gpio.c.obj
LOAD CMakeFiles/led_blink.elf.dir/Drivers/STM32F4xx_HAL_Driver/Src/stm32f4xx_hal_pwr.c.obj
LOAD CMakeFiles/led_blink.elf.dir/Drivers/STM32F4xx_HAL_Driver/Src/stm32f4xx_hal_pwr_ex.c.obj
LOAD CMakeFiles/led_blink.elf.dir/Drivers/STM32F4xx_HAL_Driver/Src/stm32f4xx_hal_rcc.c.obj
LOAD CMakeFiles/led_blink.elf.dir/Drivers/STM32F4xx_HAL_Driver/Src/stm32f4xx_hal_rcc_ex.c.obj
LOAD CMakeFiles/led_blink.elf.dir/Drivers/STM32F4xx_HAL_Driver/Src/stm32f4xx_hal_tim.c.obj
LOAD CMakeFiles/led_blink.elf.dir/Drivers/STM32F4xx_HAL_Driver/Src/stm32f4xx_hal_tim_ex.c.obj
LOAD CMakeFiles/led_blink.elf.dir/Middlewares/Third_Party/FreeRTOS/Source/CMSIS_RTOS/cmsis_os.c.obj
LOAD CMakeFiles/led_blink.elf.dir/Middlewares/Third_Party/FreeRTOS/Source/croutine.c.obj
LOAD CMakeFiles/led_blink.elf.dir/Middlewares/Third_Party/FreeRTOS/Source/event_groups.c.obj
LOAD CMakeFiles/led_blink.elf.dir/Middlewares/Third_Party/FreeRTOS/Source/list.c.obj
LOAD CMakeFiles/led_blink.elf.dir/Middlewares/Third_Party/FreeRTOS/Source/portable/GCC/ARM_CM4F/port.c.obj
LOAD CMakeFiles/led_blink.elf.dir/Middlewares/Third_Party/FreeRTOS/Source/portable/MemMang/heap_4.c.obj
LOAD CMakeFiles/led_blink.elf.dir/Middlewares/Third_Party/FreeRTOS/Source/queue.c.obj
LOAD CMakeFiles/led_blink.elf.dir/Middlewares/Third_Party/FreeRTOS/Source/stream_buffer.c.obj
LOAD CMakeFiles/led_blink.elf.dir/Middlewares/Third_Party/FreeRTOS/Source/tasks.c.obj
LOAD CMakeFiles/led_blink.elf.dir/Middlewares/Third_Party/FreeRTOS/Source/timers.c.obj
START GROUP
LOAD /usr/local/Caskroom/gcc-arm-embedded/9-2019-q4-major/gcc-arm-none-eabi-9-2019-q4-major/bin/../lib/gcc/arm-none-eabi/9.2.1/thumb/v7e-m+fp/hard/libgcc.a
LOAD /usr/local/Caskroom/gcc-arm-embedded/9-2019-q4-major/gcc-arm-none-eabi-9-2019-q4-major/bin/../lib/gcc/arm-none-eabi/9.2.1/../../../../arm-none-eabi/lib/thumb/v7e-m+fp/hard/libg.a
LOAD /usr/local/Caskroom/gcc-arm-embedded/9-2019-q4-major/gcc-arm-none-eabi-9-2019-q4-major/bin/../lib/gcc/arm-none-eabi/9.2.1/../../../../arm-none-eabi/lib/thumb/v7e-m+fp/hard/libc.a
END GROUP
LOAD /usr/local/Caskroom/gcc-arm-embedded/9-2019-q4-major/gcc-arm-none-eabi-9-2019-q4-major/bin/../lib/gcc/arm-none-eabi/9.2.1/thumb/v7e-m+fp/hard/crtend.o
LOAD /usr/local/Caskroom/gcc-arm-embedded/9-2019-q4-major/gcc-arm-none-eabi-9-2019-q4-major/bin/../lib/gcc/arm-none-eabi/9.2.1/thumb/v7e-m+fp/hard/crtn.o
                0x0000000020018000                _estack = (ORIGIN (RAM) + LENGTH (RAM))
                0x0000000000000200                _Min_Heap_Size = 0x200
                0x0000000000000400                _Min_Stack_Size = 0x400

.isr_vector     0x0000000008000000      0x194
                0x0000000008000000                . = ALIGN (0x4)
 *(.isr_vector)
 .isr_vector    0x0000000008000000      0x194 CMakeFiles/led_blink.elf.dir/Core/Startup/startup_stm32f401retx.s.obj
                0x0000000008000000                g_pfnVectors
                0x0000000008000194                . = ALIGN (0x4)

.text           0x00000000080001a0     0x2314
                0x00000000080001a0                . = ALIGN (0x4)
 *(.text)
 .text          0x00000000080001a0       0x40 /usr/local/Caskroom/gcc-arm-embedded/9-2019-q4-major/gcc-arm-none-eabi-9-2019-q4-major/bin/../lib/gcc/arm-none-eabi/9.2.1/thumb/v7e-m+fp/hard/crtbegin.o
 .text          0x00000000080001e0       0x30 /usr/local/Caskroom/gcc-arm-embedded/9-2019-q4-major/gcc-arm-none-eabi-9-2019-q4-major/bin/../lib/gcc/arm-none-eabi/9.2.1/thumb/v7e-m+fp/hard/libgcc.a(_aeabi_uldivmod.o)
                0x00000000080001e0                __aeabi_uldivmod
 .text          0x0000000008000210      0x2c4 /usr/local/Caskroom/gcc-arm-embedded/9-2019-q4-major/gcc-arm-none-eabi-9-2019-q4-major/bin/../lib/gcc/arm-none-eabi/9.2.1/thumb/v7e-m+fp/hard/libgcc.a(_udivmoddi4.o)
                0x0000000008000210                __udivmoddi4
 .text          0x00000000080004d4        0x4 /usr/local/Caskroom/gcc-arm-embedded/9-2019-q4-major/gcc-arm-none-eabi-9-2019-q4-major/bin/../lib/gcc/arm-none-eabi/9.2.1/thumb/v7e-m+fp/hard/libgcc.a(_dvmd_tls.o)
                0x00000000080004d4                __aeabi_ldiv0
                0x00000000080004d4                __aeabi_idiv0
 *(.text*)
 .text.vApplicationGetIdleTaskMemory
                0x00000000080004d8       0x1c CMakeFiles/led_blink.elf.dir/Core/Src/freertos.c.obj
                0x00000000080004d8                vApplicationGetIdleTaskMemory
 .text.StartDefaultTask
                0x00000000080004f4        0xc CMakeFiles/led_blink.elf.dir/Core/Src/main.c.obj
                0x00000000080004f4                StartDefaultTask
 .text.StartTask02
                0x0000000008000500       0x1c CMakeFiles/led_blink.elf.dir/Core/Src/main.c.obj
                0x0000000008000500                StartTask02
 .text.SystemClock_Config
                0x000000000800051c       0x84 CMakeFiles/led_blink.elf.dir/Core/Src/main.c.obj
                0x000000000800051c                SystemClock_Config
 .text.startup.main
                0x00000000080005a0       0xa4 CMakeFiles/led_blink.elf.dir/Core/Src/main.c.obj
                0x00000000080005a0                main
 .text.HAL_TIM_PeriodElapsedCallback
                0x0000000008000644       0x14 CMakeFiles/led_blink.elf.dir/Core/Src/main.c.obj
                0x0000000008000644                HAL_TIM_PeriodElapsedCallback
 .text.HAL_MspInit
                0x0000000008000658       0x40 CMakeFiles/led_blink.elf.dir/Core/Src/stm32f4xx_hal_msp.c.obj
                0x0000000008000658                HAL_MspInit
 .text.HAL_InitTick
                0x0000000008000698       0x7c CMakeFiles/led_blink.elf.dir/Core/Src/stm32f4xx_hal_timebase_tim.c.obj
                0x0000000008000698                HAL_InitTick
 .text.NMI_Handler
                0x0000000008000714        0x4 CMakeFiles/led_blink.elf.dir/Core/Src/stm32f4xx_it.c.obj
                0x0000000008000714                NMI_Handler
 .text.HardFault_Handler
                0x0000000008000718        0x4 CMakeFiles/led_blink.elf.dir/Core/Src/stm32f4xx_it.c.obj
                0x0000000008000718                HardFault_Handler
 .text.MemManage_Handler
                0x000000000800071c        0x4 CMakeFiles/led_blink.elf.dir/Core/Src/stm32f4xx_it.c.obj
                0x000000000800071c                MemManage_Handler
 .text.BusFault_Handler
                0x0000000008000720        0x4 CMakeFiles/led_blink.elf.dir/Core/Src/stm32f4xx_it.c.obj
                0x0000000008000720                BusFault_Handler
 .text.UsageFault_Handler
                0x0000000008000724        0x4 CMakeFiles/led_blink.elf.dir/Core/Src/stm32f4xx_it.c.obj
                0x0000000008000724                UsageFault_Handler
 .text.DebugMon_Handler
                0x0000000008000728        0x4 CMakeFiles/led_blink.elf.dir/Core/Src/stm32f4xx_it.c.obj
                0x0000000008000728                DebugMon_Handler
 .text.TIM1_UP_TIM10_IRQHandler
                0x000000000800072c        0xc CMakeFiles/led_blink.elf.dir/Core/Src/stm32f4xx_it.c.obj
                0x000000000800072c                TIM1_UP_TIM10_IRQHandler
 .text.SystemInit
                0x0000000008000738       0x1c CMakeFiles/led_blink.elf.dir/Core/Src/system_stm32f4xx.c.obj
                0x0000000008000738                SystemInit
 .text.Reset_Handler
                0x0000000008000754       0x50 CMakeFiles/led_blink.elf.dir/Core/Startup/startup_stm32f401retx.s.obj
                0x0000000008000754                Reset_Handler
 .text.Default_Handler
                0x00000000080007a4        0x2 CMakeFiles/led_blink.elf.dir/Core/Startup/startup_stm32f401retx.s.obj
                0x00000000080007a4                DMA1_Stream3_IRQHandler
                0x00000000080007a4                EXTI2_IRQHandler
                0x00000000080007a4                SPI4_IRQHandler
                0x00000000080007a4                TIM1_CC_IRQHandler
                0x00000000080007a4                DMA2_Stream5_IRQHandler
                0x00000000080007a4                DMA1_Stream5_IRQHandler
                0x00000000080007a4                PVD_IRQHandler
                0x00000000080007a4                SDIO_IRQHandler
                0x00000000080007a4                TAMP_STAMP_IRQHandler
                0x00000000080007a4                EXTI3_IRQHandler
                0x00000000080007a4                I2C3_ER_IRQHandler
                0x00000000080007a4                EXTI0_IRQHandler
                0x00000000080007a4                I2C2_EV_IRQHandler
                0x00000000080007a4                DMA1_Stream2_IRQHandler
                0x00000000080007a4                FPU_IRQHandler
                0x00000000080007a4                DMA2_Stream2_IRQHandler
                0x00000000080007a4                SPI1_IRQHandler
                0x00000000080007a4                TIM1_BRK_TIM9_IRQHandler
                0x00000000080007a4                DMA2_Stream3_IRQHandler
                0x00000000080007a4                USART6_IRQHandler
                0x00000000080007a4                DMA2_Stream0_IRQHandler
                0x00000000080007a4                TIM4_IRQHandler
                0x00000000080007a4                I2C1_EV_IRQHandler
                0x00000000080007a4                DMA1_Stream6_IRQHandler
                0x00000000080007a4                DMA1_Stream1_IRQHandler
                0x00000000080007a4                TIM3_IRQHandler
                0x00000000080007a4                RCC_IRQHandler
                0x00000000080007a4                Default_Handler
                0x00000000080007a4                EXTI15_10_IRQHandler
                0x00000000080007a4                ADC_IRQHandler
                0x00000000080007a4                DMA1_Stream7_IRQHandler
                0x00000000080007a4                TIM5_IRQHandler
                0x00000000080007a4                DMA2_Stream7_IRQHandler
                0x00000000080007a4                I2C3_EV_IRQHandler
                0x00000000080007a4                EXTI9_5_IRQHandler
                0x00000000080007a4                RTC_WKUP_IRQHandler
                0x00000000080007a4                SPI2_IRQHandler
                0x00000000080007a4                DMA1_Stream0_IRQHandler
                0x00000000080007a4                EXTI4_IRQHandler
                0x00000000080007a4                WWDG_IRQHandler
                0x00000000080007a4                TIM2_IRQHandler
                0x00000000080007a4                OTG_FS_WKUP_IRQHandler
                0x00000000080007a4                TIM1_TRG_COM_TIM11_IRQHandler
                0x00000000080007a4                EXTI1_IRQHandler
                0x00000000080007a4                USART2_IRQHandler
                0x00000000080007a4                I2C2_ER_IRQHandler
                0x00000000080007a4                DMA2_Stream1_IRQHandler
                0x00000000080007a4                FLASH_IRQHandler
                0x00000000080007a4                DMA2_Stream4_IRQHandler
                0x00000000080007a4                USART1_IRQHandler
                0x00000000080007a4                OTG_FS_IRQHandler
                0x00000000080007a4                SPI3_IRQHandler
                0x00000000080007a4                DMA1_Stream4_IRQHandler
                0x00000000080007a4                I2C1_ER_IRQHandler
                0x00000000080007a4                DMA2_Stream6_IRQHandler
                0x00000000080007a4                RTC_Alarm_IRQHandler
 *fill*         0x00000000080007a6        0x2 
 .text.HAL_Init
                0x00000000080007a8       0x34 CMakeFiles/led_blink.elf.dir/Drivers/STM32F4xx_HAL_Driver/Src/stm32f4xx_hal.c.obj
                0x00000000080007a8                HAL_Init
 .text.HAL_IncTick
                0x00000000080007dc       0x18 CMakeFiles/led_blink.elf.dir/Drivers/STM32F4xx_HAL_Driver/Src/stm32f4xx_hal.c.obj
                0x00000000080007dc                HAL_IncTick
 .text.HAL_GetTick
                0x00000000080007f4        0xc CMakeFiles/led_blink.elf.dir/Drivers/STM32F4xx_HAL_Driver/Src/stm32f4xx_hal.c.obj
                0x00000000080007f4                HAL_GetTick
 .text.HAL_NVIC_SetPriorityGrouping
                0x0000000008000800       0x28 CMakeFiles/led_blink.elf.dir/Drivers/STM32F4xx_HAL_Driver/Src/stm32f4xx_hal_cortex.c.obj
                0x0000000008000800                HAL_NVIC_SetPriorityGrouping
 .text.HAL_NVIC_SetPriority
                0x0000000008000828       0x70 CMakeFiles/led_blink.elf.dir/Drivers/STM32F4xx_HAL_Driver/Src/stm32f4xx_hal_cortex.c.obj
                0x0000000008000828                HAL_NVIC_SetPriority
 .text.HAL_NVIC_EnableIRQ
                0x0000000008000898       0x1c CMakeFiles/led_blink.elf.dir/Drivers/STM32F4xx_HAL_Driver/Src/stm32f4xx_hal_cortex.c.obj
                0x0000000008000898                HAL_NVIC_EnableIRQ
 .text.HAL_GPIO_Init
                0x00000000080008b4      0x1e8 CMakeFiles/led_blink.elf.dir/Drivers/STM32F4xx_HAL_Driver/Src/stm32f4xx_hal_gpio.c.obj
                0x00000000080008b4                HAL_GPIO_Init
 .text.HAL_GPIO_WritePin
                0x0000000008000a9c        0x8 CMakeFiles/led_blink.elf.dir/Drivers/STM32F4xx_HAL_Driver/Src/stm32f4xx_hal_gpio.c.obj
                0x0000000008000a9c                HAL_GPIO_WritePin
 .text.HAL_GPIO_TogglePin
                0x0000000008000aa4       0x10 CMakeFiles/led_blink.elf.dir/Drivers/STM32F4xx_HAL_Driver/Src/stm32f4xx_hal_gpio.c.obj
                0x0000000008000aa4                HAL_GPIO_TogglePin
 .text.HAL_RCC_OscConfig
                0x0000000008000ab4      0x3c0 CMakeFiles/led_blink.elf.dir/Drivers/STM32F4xx_HAL_Driver/Src/stm32f4xx_hal_rcc.c.obj
                0x0000000008000ab4                HAL_RCC_OscConfig
 .text.HAL_RCC_GetSysClockFreq
                0x0000000008000e74       0x6c CMakeFiles/led_blink.elf.dir/Drivers/STM32F4xx_HAL_Driver/Src/stm32f4xx_hal_rcc.c.obj
                0x0000000008000e74                HAL_RCC_GetSysClockFreq
 .text.HAL_RCC_ClockConfig
                0x0000000008000ee0      0x13c CMakeFiles/led_blink.elf.dir/Drivers/STM32F4xx_HAL_Driver/Src/stm32f4xx_hal_rcc.c.obj
                0x0000000008000ee0                HAL_RCC_ClockConfig
 .text.HAL_RCC_GetPCLK2Freq
                0x000000000800101c       0x20 CMakeFiles/led_blink.elf.dir/Drivers/STM32F4xx_HAL_Driver/Src/stm32f4xx_hal_rcc.c.obj
                0x000000000800101c                HAL_RCC_GetPCLK2Freq
 .text.HAL_RCC_GetClockConfig
                0x000000000800103c       0x44 CMakeFiles/led_blink.elf.dir/Drivers/STM32F4xx_HAL_Driver/Src/stm32f4xx_hal_rcc.c.obj
                0x000000000800103c                HAL_RCC_GetClockConfig
 .text.HAL_TIM_Base_MspInit
                0x0000000008001080        0x4 CMakeFiles/led_blink.elf.dir/Drivers/STM32F4xx_HAL_Driver/Src/stm32f4xx_hal_tim.c.obj
                0x0000000008001080                HAL_TIM_Base_MspInit
 .text.HAL_TIM_Base_Init
                0x0000000008001084       0xd8 CMakeFiles/led_blink.elf.dir/Drivers/STM32F4xx_HAL_Driver/Src/stm32f4xx_hal_tim.c.obj
                0x0000000008001084                HAL_TIM_Base_Init
 .text.HAL_TIM_Base_Start_IT
                0x000000000800115c       0x20 CMakeFiles/led_blink.elf.dir/Drivers/STM32F4xx_HAL_Driver/Src/stm32f4xx_hal_tim.c.obj
                0x000000000800115c                HAL_TIM_Base_Start_IT
 .text.HAL_TIM_OC_DelayElapsedCallback
                0x000000000800117c        0x4 CMakeFiles/led_blink.elf.dir/Drivers/STM32F4xx_HAL_Driver/Src/stm32f4xx_hal_tim.c.obj
                0x000000000800117c                HAL_TIM_OC_DelayElapsedCallback
 .text.HAL_TIM_IC_CaptureCallback
                0x0000000008001180        0x4 CMakeFiles/led_blink.elf.dir/Drivers/STM32F4xx_HAL_Driver/Src/stm32f4xx_hal_tim.c.obj
                0x0000000008001180                HAL_TIM_IC_CaptureCallback
 .text.HAL_TIM_PWM_PulseFinishedCallback
                0x0000000008001184        0x4 CMakeFiles/led_blink.elf.dir/Drivers/STM32F4xx_HAL_Driver/Src/stm32f4xx_hal_tim.c.obj
                0x0000000008001184                HAL_TIM_PWM_PulseFinishedCallback
 .text.HAL_TIM_TriggerCallback
                0x0000000008001188        0x4 CMakeFiles/led_blink.elf.dir/Drivers/STM32F4xx_HAL_Driver/Src/stm32f4xx_hal_tim.c.obj
                0x0000000008001188                HAL_TIM_TriggerCallback
 .text.HAL_TIM_IRQHandler
                0x000000000800118c      0x154 CMakeFiles/led_blink.elf.dir/Drivers/STM32F4xx_HAL_Driver/Src/stm32f4xx_hal_tim.c.obj
                0x000000000800118c                HAL_TIM_IRQHandler
 .text.HAL_TIMEx_CommutCallback
                0x00000000080012e0        0x4 CMakeFiles/led_blink.elf.dir/Drivers/STM32F4xx_HAL_Driver/Src/stm32f4xx_hal_tim_ex.c.obj
                0x00000000080012e0                HAL_TIMEx_CommutCallback
 .text.HAL_TIMEx_BreakCallback
                0x00000000080012e4        0x4 CMakeFiles/led_blink.elf.dir/Drivers/STM32F4xx_HAL_Driver/Src/stm32f4xx_hal_tim_ex.c.obj
                0x00000000080012e4                HAL_TIMEx_BreakCallback
 .text.osKernelStart
                0x00000000080012e8        0xc CMakeFiles/led_blink.elf.dir/Middlewares/Third_Party/FreeRTOS/Source/CMSIS_RTOS/cmsis_os.c.obj
                0x00000000080012e8                osKernelStart
 .text.osThreadCreate
                0x00000000080012f4       0x58 CMakeFiles/led_blink.elf.dir/Middlewares/Third_Party/FreeRTOS/Source/CMSIS_RTOS/cmsis_os.c.obj
                0x00000000080012f4                osThreadCreate
 .text.osDelay  0x000000000800134c       0x10 CMakeFiles/led_blink.elf.dir/Middlewares/Third_Party/FreeRTOS/Source/CMSIS_RTOS/cmsis_os.c.obj
                0x000000000800134c                osDelay
 .text.vListInitialise
                0x000000000800135c       0x18 CMakeFiles/led_blink.elf.dir/Middlewares/Third_Party/FreeRTOS/Source/list.c.obj
                0x000000000800135c                vListInitialise
 .text.vListInitialiseItem
                0x0000000008001374        0x8 CMakeFiles/led_blink.elf.dir/Middlewares/Third_Party/FreeRTOS/Source/list.c.obj
                0x0000000008001374                vListInitialiseItem
 .text.vListInsertEnd
                0x000000000800137c       0x20 CMakeFiles/led_blink.elf.dir/Middlewares/Third_Party/FreeRTOS/Source/list.c.obj
                0x000000000800137c                vListInsertEnd
 .text.vListInsert
                0x000000000800139c       0x30 CMakeFiles/led_blink.elf.dir/Middlewares/Third_Party/FreeRTOS/Source/list.c.obj
                0x000000000800139c                vListInsert
 .text.uxListRemove
                0x00000000080013cc       0x28 CMakeFiles/led_blink.elf.dir/Middlewares/Third_Party/FreeRTOS/Source/list.c.obj
                0x00000000080013cc                uxListRemove
 .text.prvPortStartFirstTask
                0x00000000080013f4       0x28 CMakeFiles/led_blink.elf.dir/Middlewares/Third_Party/FreeRTOS/Source/portable/GCC/ARM_CM4F/port.c.obj
 .text.vPortEnableVFP
                0x000000000800141c       0x14 CMakeFiles/led_blink.elf.dir/Middlewares/Third_Party/FreeRTOS/Source/portable/GCC/ARM_CM4F/port.c.obj
 .text.prvTaskExitError
                0x0000000008001430       0x40 CMakeFiles/led_blink.elf.dir/Middlewares/Third_Party/FreeRTOS/Source/portable/GCC/ARM_CM4F/port.c.obj
 .text.pxPortInitialiseStack
                0x0000000008001470       0x30 CMakeFiles/led_blink.elf.dir/Middlewares/Third_Party/FreeRTOS/Source/portable/GCC/ARM_CM4F/port.c.obj
                0x0000000008001470                pxPortInitialiseStack
 .text.SVC_Handler
                0x00000000080014a0       0x24 CMakeFiles/led_blink.elf.dir/Middlewares/Third_Party/FreeRTOS/Source/portable/GCC/ARM_CM4F/port.c.obj
                0x00000000080014a0                SVC_Handler
 .text.vPortEnterCritical
                0x00000000080014c4       0x44 CMakeFiles/led_blink.elf.dir/Middlewares/Third_Party/FreeRTOS/Source/portable/GCC/ARM_CM4F/port.c.obj
                0x00000000080014c4                vPortEnterCritical
 .text.vPortExitCritical
                0x0000000008001508       0x28 CMakeFiles/led_blink.elf.dir/Middlewares/Third_Party/FreeRTOS/Source/portable/GCC/ARM_CM4F/port.c.obj
                0x0000000008001508                vPortExitCritical
 .text.PendSV_Handler
                0x0000000008001530       0x64 CMakeFiles/led_blink.elf.dir/Middlewares/Third_Party/FreeRTOS/Source/portable/GCC/ARM_CM4F/port.c.obj
                0x0000000008001530                PendSV_Handler
 .text.SysTick_Handler
                0x0000000008001594       0x2c CMakeFiles/led_blink.elf.dir/Middlewares/Third_Party/FreeRTOS/Source/portable/GCC/ARM_CM4F/port.c.obj
                0x0000000008001594                SysTick_Handler
 .text.vPortSetupTimerInterrupt
                0x00000000080015c0       0x3c CMakeFiles/led_blink.elf.dir/Middlewares/Third_Party/FreeRTOS/Source/portable/GCC/ARM_CM4F/port.c.obj
                0x00000000080015c0                vPortSetupTimerInterrupt
 .text.xPortStartScheduler
                0x00000000080015fc      0x138 CMakeFiles/led_blink.elf.dir/Middlewares/Third_Party/FreeRTOS/Source/portable/GCC/ARM_CM4F/port.c.obj
                0x00000000080015fc                xPortStartScheduler
 .text.pvPortMalloc
                0x0000000008001734      0x168 CMakeFiles/led_blink.elf.dir/Middlewares/Third_Party/FreeRTOS/Source/portable/MemMang/heap_4.c.obj
                0x0000000008001734                pvPortMalloc
 .text.vPortFree
                0x000000000800189c       0xb0 CMakeFiles/led_blink.elf.dir/Middlewares/Third_Party/FreeRTOS/Source/portable/MemMang/heap_4.c.obj
                0x000000000800189c                vPortFree
 .text.prvAddNewTaskToReadyList
                0x000000000800194c      0x13c CMakeFiles/led_blink.elf.dir/Middlewares/Third_Party/FreeRTOS/Source/tasks.c.obj
 .text.prvAddCurrentTaskToDelayedList
                0x0000000008001a88       0x8c CMakeFiles/led_blink.elf.dir/Middlewares/Third_Party/FreeRTOS/Source/tasks.c.obj
 .text.prvIdleTask
                0x0000000008001b14       0xa0 CMakeFiles/led_blink.elf.dir/Middlewares/Third_Party/FreeRTOS/Source/tasks.c.obj
 .text.xTaskCreateStatic
                0x0000000008001bb4      0x170 CMakeFiles/led_blink.elf.dir/Middlewares/Third_Party/FreeRTOS/Source/tasks.c.obj
                0x0000000008001bb4                xTaskCreateStatic
 .text.xTaskCreate
                0x0000000008001d24      0x15c CMakeFiles/led_blink.elf.dir/Middlewares/Third_Party/FreeRTOS/Source/tasks.c.obj
                0x0000000008001d24                xTaskCreate
 .text.vTaskStartScheduler
                0x0000000008001e80       0xf4 CMakeFiles/led_blink.elf.dir/Middlewares/Third_Party/FreeRTOS/Source/tasks.c.obj
                0x0000000008001e80                vTaskStartScheduler
 .text.vTaskSuspendAll
                0x0000000008001f74       0x10 CMakeFiles/led_blink.elf.dir/Middlewares/Third_Party/FreeRTOS/Source/tasks.c.obj
                0x0000000008001f74                vTaskSuspendAll
 .text.xTaskIncrementTick
                0x0000000008001f84      0x168 CMakeFiles/led_blink.elf.dir/Middlewares/Third_Party/FreeRTOS/Source/tasks.c.obj
                0x0000000008001f84                xTaskIncrementTick
 .text.xTaskResumeAll
                0x00000000080020ec      0x128 CMakeFiles/led_blink.elf.dir/Middlewares/Third_Party/FreeRTOS/Source/tasks.c.obj
                0x00000000080020ec                xTaskResumeAll
 .text.vTaskDelay
                0x0000000008002214       0x48 CMakeFiles/led_blink.elf.dir/Middlewares/Third_Party/FreeRTOS/Source/tasks.c.obj
                0x0000000008002214                vTaskDelay
 .text.vTaskSwitchContext
                0x000000000800225c       0x78 CMakeFiles/led_blink.elf.dir/Middlewares/Third_Party/FreeRTOS/Source/tasks.c.obj
                0x000000000800225c                vTaskSwitchContext
 .text.__libc_init_array
                0x00000000080022d4       0x48 /usr/local/Caskroom/gcc-arm-embedded/9-2019-q4-major/gcc-arm-none-eabi-9-2019-q4-major/bin/../lib/gcc/arm-none-eabi/9.2.1/../../../../arm-none-eabi/lib/thumb/v7e-m+fp/hard/libg.a(lib_a-init.o)
                0x00000000080022d4                __libc_init_array
 .text.memset   0x000000000800231c       0xa0 /usr/local/Caskroom/gcc-arm-embedded/9-2019-q4-major/gcc-arm-none-eabi-9-2019-q4-major/bin/../lib/gcc/arm-none-eabi/9.2.1/../../../../arm-none-eabi/lib/thumb/v7e-m+fp/hard/libg.a(lib_a-memset.o)
                0x000000000800231c                memset
 .text.startup.register_fini
                0x00000000080023bc       0x14 /usr/local/Caskroom/gcc-arm-embedded/9-2019-q4-major/gcc-arm-none-eabi-9-2019-q4-major/bin/../lib/gcc/arm-none-eabi/9.2.1/../../../../arm-none-eabi/lib/thumb/v7e-m+fp/hard/libg.a(lib_a-__call_atexit.o)
 .text.atexit   0x00000000080023d0        0xc /usr/local/Caskroom/gcc-arm-embedded/9-2019-q4-major/gcc-arm-none-eabi-9-2019-q4-major/bin/../lib/gcc/arm-none-eabi/9.2.1/../../../../arm-none-eabi/lib/thumb/v7e-m+fp/hard/libg.a(lib_a-atexit.o)
                0x00000000080023d0                atexit
 .text.__libc_fini_array
                0x00000000080023dc       0x2c /usr/local/Caskroom/gcc-arm-embedded/9-2019-q4-major/gcc-arm-none-eabi-9-2019-q4-major/bin/../lib/gcc/arm-none-eabi/9.2.1/../../../../arm-none-eabi/lib/thumb/v7e-m+fp/hard/libg.a(lib_a-fini.o)
                0x00000000080023dc                __libc_fini_array
 .text.__retarget_lock_acquire_recursive
                0x0000000008002408        0x4 /usr/local/Caskroom/gcc-arm-embedded/9-2019-q4-major/gcc-arm-none-eabi-9-2019-q4-major/bin/../lib/gcc/arm-none-eabi/9.2.1/../../../../arm-none-eabi/lib/thumb/v7e-m+fp/hard/libg.a(lib_a-lock.o)
                0x0000000008002408                __retarget_lock_acquire_recursive
 .text.__retarget_lock_release_recursive
                0x000000000800240c        0x4 /usr/local/Caskroom/gcc-arm-embedded/9-2019-q4-major/gcc-arm-none-eabi-9-2019-q4-major/bin/../lib/gcc/arm-none-eabi/9.2.1/../../../../arm-none-eabi/lib/thumb/v7e-m+fp/hard/libg.a(lib_a-lock.o)
                0x000000000800240c                __retarget_lock_release_recursive
 .text.__register_exitproc
                0x0000000008002410       0x8c /usr/local/Caskroom/gcc-arm-embedded/9-2019-q4-major/gcc-arm-none-eabi-9-2019-q4-major/bin/../lib/gcc/arm-none-eabi/9.2.1/../../../../arm-none-eabi/lib/thumb/v7e-m+fp/hard/libg.a(lib_a-__atexit.o)
                0x0000000008002410                __register_exitproc
 *(.glue_7)
 .glue_7        0x000000000800249c        0x0 linker stubs
 *(.glue_7t)
 .glue_7t       0x000000000800249c        0x0 linker stubs
 *(.eh_frame)
 .eh_frame      0x000000000800249c        0x0 /usr/local/Caskroom/gcc-arm-embedded/9-2019-q4-major/gcc-arm-none-eabi-9-2019-q4-major/bin/../lib/gcc/arm-none-eabi/9.2.1/thumb/v7e-m+fp/hard/crtbegin.o
 *(.init)
 .init          0x000000000800249c        0x4 /usr/local/Caskroom/gcc-arm-embedded/9-2019-q4-major/gcc-arm-none-eabi-9-2019-q4-major/bin/../lib/gcc/arm-none-eabi/9.2.1/thumb/v7e-m+fp/hard/crti.o
                0x000000000800249c                _init
 .init          0x00000000080024a0        0x8 /usr/local/Caskroom/gcc-arm-embedded/9-2019-q4-major/gcc-arm-none-eabi-9-2019-q4-major/bin/../lib/gcc/arm-none-eabi/9.2.1/thumb/v7e-m+fp/hard/crtn.o
 *(.fini)
 .fini          0x00000000080024a8        0x4 /usr/local/Caskroom/gcc-arm-embedded/9-2019-q4-major/gcc-arm-none-eabi-9-2019-q4-major/bin/../lib/gcc/arm-none-eabi/9.2.1/thumb/v7e-m+fp/hard/crti.o
                0x00000000080024a8                _fini
 .fini          0x00000000080024ac        0x8 /usr/local/Caskroom/gcc-arm-embedded/9-2019-q4-major/gcc-arm-none-eabi-9-2019-q4-major/bin/../lib/gcc/arm-none-eabi/9.2.1/thumb/v7e-m+fp/hard/crtn.o
                0x00000000080024b4                . = ALIGN (0x4)
                0x00000000080024b4                _etext = .

.vfp11_veneer   0x00000000080024b4        0x0
 .vfp11_veneer  0x00000000080024b4        0x0 linker stubs

.v4_bx          0x00000000080024b4        0x0
 .v4_bx         0x00000000080024b4        0x0 linker stubs

.iplt           0x00000000080024b4        0x0
 .iplt          0x00000000080024b4        0x0 /usr/local/Caskroom/gcc-arm-embedded/9-2019-q4-major/gcc-arm-none-eabi-9-2019-q4-major/bin/../lib/gcc/arm-none-eabi/9.2.1/thumb/v7e-m+fp/hard/crtbegin.o

.rodata         0x00000000080024b4       0x6c
                0x00000000080024b4                . = ALIGN (0x4)
 *(.rodata)
 .rodata        0x00000000080024b4       0x38 CMakeFiles/led_blink.elf.dir/Core/Src/main.c.obj
 *(.rodata*)
 .rodata.str1.4
                0x00000000080024ec       0x15 CMakeFiles/led_blink.elf.dir/Core/Src/main.c.obj
 *fill*         0x0000000008002501        0x3 
 .rodata.AHBPrescTable
                0x0000000008002504       0x10 CMakeFiles/led_blink.elf.dir/Core/Src/system_stm32f4xx.c.obj
                0x0000000008002504                AHBPrescTable
 .rodata.APBPrescTable
                0x0000000008002514        0x8 CMakeFiles/led_blink.elf.dir/Core/Src/system_stm32f4xx.c.obj
                0x0000000008002514                APBPrescTable
 .rodata._global_impure_ptr
                0x000000000800251c        0x4 /usr/local/Caskroom/gcc-arm-embedded/9-2019-q4-major/gcc-arm-none-eabi-9-2019-q4-major/bin/../lib/gcc/arm-none-eabi/9.2.1/../../../../arm-none-eabi/lib/thumb/v7e-m+fp/hard/libg.a(lib_a-impure.o)
                0x000000000800251c                _global_impure_ptr
                0x0000000008002520                . = ALIGN (0x4)

.ARM.extab      0x0000000008002520        0x0
                0x0000000008002520                . = ALIGN (0x4)
 *(.ARM.extab* .gnu.linkonce.armextab.*)
                0x0000000008002520                . = ALIGN (0x4)

.ARM            0x0000000008002520        0x8
                0x0000000008002520                . = ALIGN (0x4)
                0x0000000008002520                __exidx_start = .
 *(.ARM.exidx*)
 .ARM.exidx     0x0000000008002520        0x8 /usr/local/Caskroom/gcc-arm-embedded/9-2019-q4-major/gcc-arm-none-eabi-9-2019-q4-major/bin/../lib/gcc/arm-none-eabi/9.2.1/thumb/v7e-m+fp/hard/libgcc.a(_udivmoddi4.o)
                0x0000000008002528                __exidx_end = .
                0x0000000008002528                . = ALIGN (0x4)

.rel.dyn        0x0000000008002528        0x0
 .rel.iplt      0x0000000008002528        0x0 /usr/local/Caskroom/gcc-arm-embedded/9-2019-q4-major/gcc-arm-none-eabi-9-2019-q4-major/bin/../lib/gcc/arm-none-eabi/9.2.1/thumb/v7e-m+fp/hard/crtbegin.o

.preinit_array  0x0000000008002528        0x0
                0x0000000008002528                . = ALIGN (0x4)
                0x0000000008002528                PROVIDE (__preinit_array_start = .)
 *(.preinit_array*)
                0x0000000008002528                PROVIDE (__preinit_array_end = .)
                0x0000000008002528                . = ALIGN (0x4)

.init_array     0x0000000008002528        0x8
                0x0000000008002528                . = ALIGN (0x4)
                0x0000000008002528                PROVIDE (__init_array_start = .)
 *(SORT_BY_NAME(.init_array.*))
 .init_array.00000
                0x0000000008002528        0x4 /usr/local/Caskroom/gcc-arm-embedded/9-2019-q4-major/gcc-arm-none-eabi-9-2019-q4-major/bin/../lib/gcc/arm-none-eabi/9.2.1/../../../../arm-none-eabi/lib/thumb/v7e-m+fp/hard/libg.a(lib_a-__call_atexit.o)
 *(.init_array*)
 .init_array    0x000000000800252c        0x4 /usr/local/Caskroom/gcc-arm-embedded/9-2019-q4-major/gcc-arm-none-eabi-9-2019-q4-major/bin/../lib/gcc/arm-none-eabi/9.2.1/thumb/v7e-m+fp/hard/crtbegin.o
                0x0000000008002530                PROVIDE (__init_array_end = .)
                0x0000000008002530                . = ALIGN (0x4)

.fini_array     0x0000000008002530        0x4
                0x0000000008002530                . = ALIGN (0x4)
                0x0000000008002530                PROVIDE (__fini_array_start = .)
 *(SORT_BY_NAME(.fini_array.*))
 *(.fini_array*)
 .fini_array    0x0000000008002530        0x4 /usr/local/Caskroom/gcc-arm-embedded/9-2019-q4-major/gcc-arm-none-eabi-9-2019-q4-major/bin/../lib/gcc/arm-none-eabi/9.2.1/thumb/v7e-m+fp/hard/crtbegin.o
                0x0000000008002534                PROVIDE (__fini_array_end = .)
                0x0000000008002534                . = ALIGN (0x4)
                0x0000000008002534                _sidata = LOADADDR (.data)

.data           0x0000000020000000      0x43c load address 0x0000000008002534
                0x0000000020000000                . = ALIGN (0x4)
                0x0000000020000000                _sdata = .
 *(.data)
 *(.data*)
 .data.SystemCoreClock
                0x0000000020000000        0x4 CMakeFiles/led_blink.elf.dir/Core/Src/system_stm32f4xx.c.obj
                0x0000000020000000                SystemCoreClock
 .data.uwTickFreq
                0x0000000020000004        0x1 CMakeFiles/led_blink.elf.dir/Drivers/STM32F4xx_HAL_Driver/Src/stm32f4xx_hal.c.obj
                0x0000000020000004                uwTickFreq
 *fill*         0x0000000020000005        0x3 
 .data.uwTickPrio
                0x0000000020000008        0x4 CMakeFiles/led_blink.elf.dir/Drivers/STM32F4xx_HAL_Driver/Src/stm32f4xx_hal.c.obj
                0x0000000020000008                uwTickPrio
 .data.uxCriticalNesting
                0x000000002000000c        0x4 CMakeFiles/led_blink.elf.dir/Middlewares/Third_Party/FreeRTOS/Source/portable/GCC/ARM_CM4F/port.c.obj
 .data.impure_data
                0x0000000020000010      0x428 /usr/local/Caskroom/gcc-arm-embedded/9-2019-q4-major/gcc-arm-none-eabi-9-2019-q4-major/bin/../lib/gcc/arm-none-eabi/9.2.1/../../../../arm-none-eabi/lib/thumb/v7e-m+fp/hard/libg.a(lib_a-impure.o)
 .data.__atexit_recursive_mutex
                0x0000000020000438        0x4 /usr/local/Caskroom/gcc-arm-embedded/9-2019-q4-major/gcc-arm-none-eabi-9-2019-q4-major/bin/../lib/gcc/arm-none-eabi/9.2.1/../../../../arm-none-eabi/lib/thumb/v7e-m+fp/hard/libg.a(lib_a-__call_atexit.o)
                0x0000000020000438                __atexit_recursive_mutex
                0x000000002000043c                . = ALIGN (0x4)
                0x000000002000043c                _edata = .

.igot.plt       0x000000002000043c        0x0 load address 0x0000000008002970
 .igot.plt      0x000000002000043c        0x0 /usr/local/Caskroom/gcc-arm-embedded/9-2019-q4-major/gcc-arm-none-eabi-9-2019-q4-major/bin/../lib/gcc/arm-none-eabi/9.2.1/thumb/v7e-m+fp/hard/crtbegin.o
                0x000000002000043c                . = ALIGN (0x4)

.bss            0x000000002000043c     0x4028 load address 0x0000000008002970
                0x000000002000043c                _sbss = .
                0x000000002000043c                __bss_start__ = _sbss
 *(.bss)
 .bss           0x000000002000043c       0x1c /usr/local/Caskroom/gcc-arm-embedded/9-2019-q4-major/gcc-arm-none-eabi-9-2019-q4-major/bin/../lib/gcc/arm-none-eabi/9.2.1/thumb/v7e-m+fp/hard/crtbegin.o
 *(.bss*)
 .bss.xIdleStack
                0x0000000020000458      0x200 CMakeFiles/led_blink.elf.dir/Core/Src/freertos.c.obj
 .bss.xIdleTaskTCBBuffer
                0x0000000020000658       0x54 CMakeFiles/led_blink.elf.dir/Core/Src/freertos.c.obj
 .bss.defaultTaskHandle
                0x00000000200006ac        0x4 CMakeFiles/led_blink.elf.dir/Core/Src/main.c.obj
                0x00000000200006ac                defaultTaskHandle
 .bss.myTask02Handle
                0x00000000200006b0        0x4 CMakeFiles/led_blink.elf.dir/Core/Src/main.c.obj
                0x00000000200006b0                myTask02Handle
 .bss.htim1     0x00000000200006b4       0x40 CMakeFiles/led_blink.elf.dir/Core/Src/stm32f4xx_hal_timebase_tim.c.obj
                0x00000000200006b4                htim1
 .bss.uwTick    0x00000000200006f4        0x4 CMakeFiles/led_blink.elf.dir/Drivers/STM32F4xx_HAL_Driver/Src/stm32f4xx_hal.c.obj
                0x00000000200006f4                uwTick
 .bss.ucMaxSysCallPriority
                0x00000000200006f8        0x1 CMakeFiles/led_blink.elf.dir/Middlewares/Third_Party/FreeRTOS/Source/portable/GCC/ARM_CM4F/port.c.obj
 *fill*         0x00000000200006f9        0x3 
 .bss.ulMaxPRIGROUPValue
                0x00000000200006fc        0x4 CMakeFiles/led_blink.elf.dir/Middlewares/Third_Party/FreeRTOS/Source/portable/GCC/ARM_CM4F/port.c.obj
 .bss.pxEnd     0x0000000020000700        0x4 CMakeFiles/led_blink.elf.dir/Middlewares/Third_Party/FreeRTOS/Source/portable/MemMang/heap_4.c.obj
 .bss.ucHeap    0x0000000020000704     0x3c00 CMakeFiles/led_blink.elf.dir/Middlewares/Third_Party/FreeRTOS/Source/portable/MemMang/heap_4.c.obj
 .bss.xBlockAllocatedBit
                0x0000000020004304        0x4 CMakeFiles/led_blink.elf.dir/Middlewares/Third_Party/FreeRTOS/Source/portable/MemMang/heap_4.c.obj
 .bss.xFreeBytesRemaining
                0x0000000020004308        0x4 CMakeFiles/led_blink.elf.dir/Middlewares/Third_Party/FreeRTOS/Source/portable/MemMang/heap_4.c.obj
 .bss.xMinimumEverFreeBytesRemaining
                0x000000002000430c        0x4 CMakeFiles/led_blink.elf.dir/Middlewares/Third_Party/FreeRTOS/Source/portable/MemMang/heap_4.c.obj
 .bss.xStart    0x0000000020004310        0x8 CMakeFiles/led_blink.elf.dir/Middlewares/Third_Party/FreeRTOS/Source/portable/MemMang/heap_4.c.obj
 .bss.pxCurrentTCB
                0x0000000020004318        0x4 CMakeFiles/led_blink.elf.dir/Middlewares/Third_Party/FreeRTOS/Source/tasks.c.obj
                0x0000000020004318                pxCurrentTCB
 .bss.pxDelayedTaskList
                0x000000002000431c        0x4 CMakeFiles/led_blink.elf.dir/Middlewares/Third_Party/FreeRTOS/Source/tasks.c.obj
 .bss.pxOverflowDelayedTaskList
                0x0000000020004320        0x4 CMakeFiles/led_blink.elf.dir/Middlewares/Third_Party/FreeRTOS/Source/tasks.c.obj
 .bss.pxReadyTasksLists
                0x0000000020004324       0x8c CMakeFiles/led_blink.elf.dir/Middlewares/Third_Party/FreeRTOS/Source/tasks.c.obj
 .bss.uxCurrentNumberOfTasks
                0x00000000200043b0        0x4 CMakeFiles/led_blink.elf.dir/Middlewares/Third_Party/FreeRTOS/Source/tasks.c.obj
 .bss.uxDeletedTasksWaitingCleanUp
                0x00000000200043b4        0x4 CMakeFiles/led_blink.elf.dir/Middlewares/Third_Party/FreeRTOS/Source/tasks.c.obj
 .bss.uxPendedTicks
                0x00000000200043b8        0x4 CMakeFiles/led_blink.elf.dir/Middlewares/Third_Party/FreeRTOS/Source/tasks.c.obj
 .bss.uxSchedulerSuspended
                0x00000000200043bc        0x4 CMakeFiles/led_blink.elf.dir/Middlewares/Third_Party/FreeRTOS/Source/tasks.c.obj
 .bss.uxTaskNumber
                0x00000000200043c0        0x4 CMakeFiles/led_blink.elf.dir/Middlewares/Third_Party/FreeRTOS/Source/tasks.c.obj
 .bss.uxTopReadyPriority
                0x00000000200043c4        0x4 CMakeFiles/led_blink.elf.dir/Middlewares/Third_Party/FreeRTOS/Source/tasks.c.obj
 .bss.xDelayedTaskList1
                0x00000000200043c8       0x14 CMakeFiles/led_blink.elf.dir/Middlewares/Third_Party/FreeRTOS/Source/tasks.c.obj
 .bss.xDelayedTaskList2
                0x00000000200043dc       0x14 CMakeFiles/led_blink.elf.dir/Middlewares/Third_Party/FreeRTOS/Source/tasks.c.obj
 .bss.xNextTaskUnblockTime
                0x00000000200043f0        0x4 CMakeFiles/led_blink.elf.dir/Middlewares/Third_Party/FreeRTOS/Source/tasks.c.obj
 .bss.xNumOfOverflows
                0x00000000200043f4        0x4 CMakeFiles/led_blink.elf.dir/Middlewares/Third_Party/FreeRTOS/Source/tasks.c.obj
 .bss.xPendingReadyList
                0x00000000200043f8       0x14 CMakeFiles/led_blink.elf.dir/Middlewares/Third_Party/FreeRTOS/Source/tasks.c.obj
 .bss.xSchedulerRunning
                0x000000002000440c        0x4 CMakeFiles/led_blink.elf.dir/Middlewares/Third_Party/FreeRTOS/Source/tasks.c.obj
 .bss.xSuspendedTaskList
                0x0000000020004410       0x14 CMakeFiles/led_blink.elf.dir/Middlewares/Third_Party/FreeRTOS/Source/tasks.c.obj
 .bss.xTasksWaitingTermination
                0x0000000020004424       0x14 CMakeFiles/led_blink.elf.dir/Middlewares/Third_Party/FreeRTOS/Source/tasks.c.obj
 .bss.xTickCount
                0x0000000020004438        0x4 CMakeFiles/led_blink.elf.dir/Middlewares/Third_Party/FreeRTOS/Source/tasks.c.obj
 .bss.xYieldPending
                0x000000002000443c        0x4 CMakeFiles/led_blink.elf.dir/Middlewares/Third_Party/FreeRTOS/Source/tasks.c.obj
 *(COMMON)
 COMMON         0x0000000020004440       0x21 /usr/local/Caskroom/gcc-arm-embedded/9-2019-q4-major/gcc-arm-none-eabi-9-2019-q4-major/bin/../lib/gcc/arm-none-eabi/9.2.1/../../../../arm-none-eabi/lib/thumb/v7e-m+fp/hard/libg.a(lib_a-lock.o)
                0x0000000020004440                __lock___atexit_recursive_mutex
                0x0000000020004444                __lock___arc4random_mutex
                0x0000000020004448                __lock___env_recursive_mutex
                0x000000002000444c                __lock___sinit_recursive_mutex
                0x0000000020004450                __lock___malloc_recursive_mutex
                0x0000000020004454                __lock___at_quick_exit_mutex
                0x0000000020004458                __lock___dd_hash_mutex
                0x000000002000445c                __lock___tz_mutex
                0x0000000020004460                __lock___sfp_recursive_mutex
                0x0000000020004464                . = ALIGN (0x4)
 *fill*         0x0000000020004461        0x3 
                0x0000000020004464                _ebss = .
                0x0000000020004464                __bss_end__ = _ebss

._user_heap_stack
                0x0000000020004464      0x604 load address 0x0000000008002970
                0x0000000020004468                . = ALIGN (0x8)
 *fill*         0x0000000020004464        0x4 
                0x0000000020004468                PROVIDE (end = .)
                [!provide]                        PROVIDE (_end = .)
                0x0000000020004668                . = (. + _Min_Heap_Size)
 *fill*         0x0000000020004468      0x200 
                0x0000000020004a68                . = (. + _Min_Stack_Size)
 *fill*         0x0000000020004668      0x400 
                0x0000000020004a68                . = ALIGN (0x8)

/DISCARD/
 libc.a(*)
 libm.a(*)
 libgcc.a(*)

.ARM.attributes
                0x0000000000000000       0x30
 *(.ARM.attributes)
 .ARM.attributes
                0x0000000000000000       0x1e /usr/local/Caskroom/gcc-arm-embedded/9-2019-q4-major/gcc-arm-none-eabi-9-2019-q4-major/bin/../lib/gcc/arm-none-eabi/9.2.1/thumb/v7e-m+fp/hard/crti.o
 .ARM.attributes
                0x000000000000001e       0x34 /usr/local/Caskroom/gcc-arm-embedded/9-2019-q4-major/gcc-arm-none-eabi-9-2019-q4-major/bin/../lib/gcc/arm-none-eabi/9.2.1/thumb/v7e-m+fp/hard/crtbegin.o
 .ARM.attributes
                0x0000000000000052       0x34 CMakeFiles/led_blink.elf.dir/Core/Src/freertos.c.obj
 .ARM.attributes
                0x0000000000000086       0x34 CMakeFiles/led_blink.elf.dir/Core/Src/main.c.obj
 .ARM.attributes
                0x00000000000000ba       0x34 CMakeFiles/led_blink.elf.dir/Core/Src/stm32f4xx_hal_msp.c.obj
 .ARM.attributes
                0x00000000000000ee       0x34 CMakeFiles/led_blink.elf.dir/Core/Src/stm32f4xx_hal_timebase_tim.c.obj
 .ARM.attributes
                0x0000000000000122       0x34 CMakeFiles/led_blink.elf.dir/Core/Src/stm32f4xx_it.c.obj
 .ARM.attributes
                0x0000000000000156       0x34 CMakeFiles/led_blink.elf.dir/Core/Src/system_stm32f4xx.c.obj
 .ARM.attributes
                0x000000000000018a       0x21 CMakeFiles/led_blink.elf.dir/Core/Startup/startup_stm32f401retx.s.obj
 .ARM.attributes
                0x00000000000001ab       0x34 CMakeFiles/led_blink.elf.dir/Drivers/STM32F4xx_HAL_Driver/Src/stm32f4xx_hal.c.obj
 .ARM.attributes
                0x00000000000001df       0x34 CMakeFiles/led_blink.elf.dir/Drivers/STM32F4xx_HAL_Driver/Src/stm32f4xx_hal_cortex.c.obj
 .ARM.attributes
                0x0000000000000213       0x34 CMakeFiles/led_blink.elf.dir/Drivers/STM32F4xx_HAL_Driver/Src/stm32f4xx_hal_gpio.c.obj
 .ARM.attributes
                0x0000000000000247       0x34 CMakeFiles/led_blink.elf.dir/Drivers/STM32F4xx_HAL_Driver/Src/stm32f4xx_hal_rcc.c.obj
 .ARM.attributes
                0x000000000000027b       0x34 CMakeFiles/led_blink.elf.dir/Drivers/STM32F4xx_HAL_Driver/Src/stm32f4xx_hal_tim.c.obj
 .ARM.attributes
                0x00000000000002af       0x34 CMakeFiles/led_blink.elf.dir/Drivers/STM32F4xx_HAL_Driver/Src/stm32f4xx_hal_tim_ex.c.obj
 .ARM.attributes
                0x00000000000002e3       0x34 CMakeFiles/led_blink.elf.dir/Middlewares/Third_Party/FreeRTOS/Source/CMSIS_RTOS/cmsis_os.c.obj
 .ARM.attributes
                0x0000000000000317       0x34 CMakeFiles/led_blink.elf.dir/Middlewares/Third_Party/FreeRTOS/Source/list.c.obj
 .ARM.attributes
                0x000000000000034b       0x34 CMakeFiles/led_blink.elf.dir/Middlewares/Third_Party/FreeRTOS/Source/portable/GCC/ARM_CM4F/port.c.obj
 .ARM.attributes
                0x000000000000037f       0x34 CMakeFiles/led_blink.elf.dir/Middlewares/Third_Party/FreeRTOS/Source/portable/MemMang/heap_4.c.obj
 .ARM.attributes
                0x00000000000003b3       0x34 CMakeFiles/led_blink.elf.dir/Middlewares/Third_Party/FreeRTOS/Source/tasks.c.obj
 .ARM.attributes
                0x00000000000003e7       0x1e /usr/local/Caskroom/gcc-arm-embedded/9-2019-q4-major/gcc-arm-none-eabi-9-2019-q4-major/bin/../lib/gcc/arm-none-eabi/9.2.1/thumb/v7e-m+fp/hard/libgcc.a(_aeabi_uldivmod.o)
 .ARM.attributes
                0x0000000000000405       0x34 /usr/local/Caskroom/gcc-arm-embedded/9-2019-q4-major/gcc-arm-none-eabi-9-2019-q4-major/bin/../lib/gcc/arm-none-eabi/9.2.1/thumb/v7e-m+fp/hard/libgcc.a(_udivmoddi4.o)
 .ARM.attributes
                0x0000000000000439       0x1e /usr/local/Caskroom/gcc-arm-embedded/9-2019-q4-major/gcc-arm-none-eabi-9-2019-q4-major/bin/../lib/gcc/arm-none-eabi/9.2.1/thumb/v7e-m+fp/hard/libgcc.a(_dvmd_tls.o)
 .ARM.attributes
                0x0000000000000457       0x32 /usr/local/Caskroom/gcc-arm-embedded/9-2019-q4-major/gcc-arm-none-eabi-9-2019-q4-major/bin/../lib/gcc/arm-none-eabi/9.2.1/../../../../arm-none-eabi/lib/thumb/v7e-m+fp/hard/libg.a(lib_a-impure.o)
 .ARM.attributes
                0x0000000000000489       0x34 /usr/local/Caskroom/gcc-arm-embedded/9-2019-q4-major/gcc-arm-none-eabi-9-2019-q4-major/bin/../lib/gcc/arm-none-eabi/9.2.1/../../../../arm-none-eabi/lib/thumb/v7e-m+fp/hard/libg.a(lib_a-init.o)
 .ARM.attributes
                0x00000000000004bd       0x34 /usr/local/Caskroom/gcc-arm-embedded/9-2019-q4-major/gcc-arm-none-eabi-9-2019-q4-major/bin/../lib/gcc/arm-none-eabi/9.2.1/../../../../arm-none-eabi/lib/thumb/v7e-m+fp/hard/libg.a(lib_a-memset.o)
 .ARM.attributes
                0x00000000000004f1       0x34 /usr/local/Caskroom/gcc-arm-embedded/9-2019-q4-major/gcc-arm-none-eabi-9-2019-q4-major/bin/../lib/gcc/arm-none-eabi/9.2.1/../../../../arm-none-eabi/lib/thumb/v7e-m+fp/hard/libg.a(lib_a-__call_atexit.o)
 .ARM.attributes
                0x0000000000000525       0x34 /usr/local/Caskroom/gcc-arm-embedded/9-2019-q4-major/gcc-arm-none-eabi-9-2019-q4-major/bin/../lib/gcc/arm-none-eabi/9.2.1/../../../../arm-none-eabi/lib/thumb/v7e-m+fp/hard/libg.a(lib_a-atexit.o)
 .ARM.attributes
                0x0000000000000559       0x34 /usr/local/Caskroom/gcc-arm-embedded/9-2019-q4-major/gcc-arm-none-eabi-9-2019-q4-major/bin/../lib/gcc/arm-none-eabi/9.2.1/../../../../arm-none-eabi/lib/thumb/v7e-m+fp/hard/libg.a(lib_a-fini.o)
 .ARM.attributes
                0x000000000000058d       0x34 /usr/local/Caskroom/gcc-arm-embedded/9-2019-q4-major/gcc-arm-none-eabi-9-2019-q4-major/bin/../lib/gcc/arm-none-eabi/9.2.1/../../../../arm-none-eabi/lib/thumb/v7e-m+fp/hard/libg.a(lib_a-lock.o)
 .ARM.attributes
                0x00000000000005c1       0x34 /usr/local/Caskroom/gcc-arm-embedded/9-2019-q4-major/gcc-arm-none-eabi-9-2019-q4-major/bin/../lib/gcc/arm-none-eabi/9.2.1/../../../../arm-none-eabi/lib/thumb/v7e-m+fp/hard/libg.a(lib_a-__atexit.o)
 .ARM.attributes
                0x00000000000005f5       0x1e /usr/local/Caskroom/gcc-arm-embedded/9-2019-q4-major/gcc-arm-none-eabi-9-2019-q4-major/bin/../lib/gcc/arm-none-eabi/9.2.1/thumb/v7e-m+fp/hard/crtn.o
OUTPUT(led_blink.elf elf32-littlearm)

.debug_info     0x0000000000000000    0x14c79
 .debug_info    0x0000000000000000      0x35f CMakeFiles/led_blink.elf.dir/Core/Src/freertos.c.obj
 .debug_info    0x000000000000035f     0x110d CMakeFiles/led_blink.elf.dir/Core/Src/main.c.obj
 .debug_info    0x000000000000146c      0x56f CMakeFiles/led_blink.elf.dir/Core/Src/stm32f4xx_hal_msp.c.obj
 .debug_info    0x00000000000019db      0xc22 CMakeFiles/led_blink.elf.dir/Core/Src/stm32f4xx_hal_timebase_tim.c.obj
 .debug_info    0x00000000000025fd      0x72f CMakeFiles/led_blink.elf.dir/Core/Src/stm32f4xx_it.c.obj
 .debug_info    0x0000000000002d2c      0x5de CMakeFiles/led_blink.elf.dir/Core/Src/system_stm32f4xx.c.obj
 .debug_info    0x000000000000330a      0xa31 CMakeFiles/led_blink.elf.dir/Drivers/STM32F4xx_HAL_Driver/Src/stm32f4xx_hal.c.obj
 .debug_info    0x0000000000003d3b     0x10af CMakeFiles/led_blink.elf.dir/Drivers/STM32F4xx_HAL_Driver/Src/stm32f4xx_hal_cortex.c.obj
 .debug_info    0x0000000000004dea      0x888 CMakeFiles/led_blink.elf.dir/Drivers/STM32F4xx_HAL_Driver/Src/stm32f4xx_hal_gpio.c.obj
 .debug_info    0x0000000000005672      0xbe7 CMakeFiles/led_blink.elf.dir/Drivers/STM32F4xx_HAL_Driver/Src/stm32f4xx_hal_rcc.c.obj
 .debug_info    0x0000000000006259     0x486c CMakeFiles/led_blink.elf.dir/Drivers/STM32F4xx_HAL_Driver/Src/stm32f4xx_hal_tim.c.obj
 .debug_info    0x000000000000aac5     0x178c CMakeFiles/led_blink.elf.dir/Drivers/STM32F4xx_HAL_Driver/Src/stm32f4xx_hal_tim_ex.c.obj
 .debug_info    0x000000000000c251     0x3192 CMakeFiles/led_blink.elf.dir/Middlewares/Third_Party/FreeRTOS/Source/CMSIS_RTOS/cmsis_os.c.obj
 .debug_info    0x000000000000f3e3      0xb8a CMakeFiles/led_blink.elf.dir/Middlewares/Third_Party/FreeRTOS/Source/list.c.obj
 .debug_info    0x000000000000ff6d      0x61c CMakeFiles/led_blink.elf.dir/Middlewares/Third_Party/FreeRTOS/Source/portable/GCC/ARM_CM4F/port.c.obj
 .debug_info    0x0000000000010589      0xd7b CMakeFiles/led_blink.elf.dir/Middlewares/Third_Party/FreeRTOS/Source/portable/MemMang/heap_4.c.obj
 .debug_info    0x0000000000011304     0x3975 CMakeFiles/led_blink.elf.dir/Middlewares/Third_Party/FreeRTOS/Source/tasks.c.obj

.debug_abbrev   0x0000000000000000     0x3043
 .debug_abbrev  0x0000000000000000      0x11a CMakeFiles/led_blink.elf.dir/Core/Src/freertos.c.obj
 .debug_abbrev  0x000000000000011a      0x2e2 CMakeFiles/led_blink.elf.dir/Core/Src/main.c.obj
 .debug_abbrev  0x00000000000003fc      0x152 CMakeFiles/led_blink.elf.dir/Core/Src/stm32f4xx_hal_msp.c.obj
 .debug_abbrev  0x000000000000054e      0x228 CMakeFiles/led_blink.elf.dir/Core/Src/stm32f4xx_hal_timebase_tim.c.obj
 .debug_abbrev  0x0000000000000776      0x1db CMakeFiles/led_blink.elf.dir/Core/Src/stm32f4xx_it.c.obj
 .debug_abbrev  0x0000000000000951      0x148 CMakeFiles/led_blink.elf.dir/Core/Src/system_stm32f4xx.c.obj
 .debug_abbrev  0x0000000000000a99      0x2ac CMakeFiles/led_blink.elf.dir/Drivers/STM32F4xx_HAL_Driver/Src/stm32f4xx_hal.c.obj
 .debug_abbrev  0x0000000000000d45      0x386 CMakeFiles/led_blink.elf.dir/Drivers/STM32F4xx_HAL_Driver/Src/stm32f4xx_hal_cortex.c.obj
 .debug_abbrev  0x00000000000010cb      0x21a CMakeFiles/led_blink.elf.dir/Drivers/STM32F4xx_HAL_Driver/Src/stm32f4xx_hal_gpio.c.obj
 .debug_abbrev  0x00000000000012e5      0x315 CMakeFiles/led_blink.elf.dir/Drivers/STM32F4xx_HAL_Driver/Src/stm32f4xx_hal_rcc.c.obj
 .debug_abbrev  0x00000000000015fa      0x3d7 CMakeFiles/led_blink.elf.dir/Drivers/STM32F4xx_HAL_Driver/Src/stm32f4xx_hal_tim.c.obj
 .debug_abbrev  0x00000000000019d1      0x346 CMakeFiles/led_blink.elf.dir/Drivers/STM32F4xx_HAL_Driver/Src/stm32f4xx_hal_tim_ex.c.obj
 .debug_abbrev  0x0000000000001d17      0x547 CMakeFiles/led_blink.elf.dir/Middlewares/Third_Party/FreeRTOS/Source/CMSIS_RTOS/cmsis_os.c.obj
 .debug_abbrev  0x000000000000225e      0x249 CMakeFiles/led_blink.elf.dir/Middlewares/Third_Party/FreeRTOS/Source/list.c.obj
 .debug_abbrev  0x00000000000024a7      0x289 CMakeFiles/led_blink.elf.dir/Middlewares/Third_Party/FreeRTOS/Source/portable/GCC/ARM_CM4F/port.c.obj
 .debug_abbrev  0x0000000000002730      0x3c4 CMakeFiles/led_blink.elf.dir/Middlewares/Third_Party/FreeRTOS/Source/portable/MemMang/heap_4.c.obj
 .debug_abbrev  0x0000000000002af4      0x54f CMakeFiles/led_blink.elf.dir/Middlewares/Third_Party/FreeRTOS/Source/tasks.c.obj

.debug_aranges  0x0000000000000000      0xae8
 .debug_aranges
                0x0000000000000000       0x20 CMakeFiles/led_blink.elf.dir/Core/Src/freertos.c.obj
 .debug_aranges
                0x0000000000000020       0x48 CMakeFiles/led_blink.elf.dir/Core/Src/main.c.obj
 .debug_aranges
                0x0000000000000068       0x20 CMakeFiles/led_blink.elf.dir/Core/Src/stm32f4xx_hal_msp.c.obj
 .debug_aranges
                0x0000000000000088       0x30 CMakeFiles/led_blink.elf.dir/Core/Src/stm32f4xx_hal_timebase_tim.c.obj
 .debug_aranges
                0x00000000000000b8       0x48 CMakeFiles/led_blink.elf.dir/Core/Src/stm32f4xx_it.c.obj
 .debug_aranges
                0x0000000000000100       0x28 CMakeFiles/led_blink.elf.dir/Core/Src/system_stm32f4xx.c.obj
 .debug_aranges
                0x0000000000000128       0xe8 CMakeFiles/led_blink.elf.dir/Drivers/STM32F4xx_HAL_Driver/Src/stm32f4xx_hal.c.obj
 .debug_aranges
                0x0000000000000210       0xa8 CMakeFiles/led_blink.elf.dir/Drivers/STM32F4xx_HAL_Driver/Src/stm32f4xx_hal_cortex.c.obj
 .debug_aranges
                0x00000000000002b8       0x58 CMakeFiles/led_blink.elf.dir/Drivers/STM32F4xx_HAL_Driver/Src/stm32f4xx_hal_gpio.c.obj
 .debug_aranges
                0x0000000000000310       0x88 CMakeFiles/led_blink.elf.dir/Drivers/STM32F4xx_HAL_Driver/Src/stm32f4xx_hal_rcc.c.obj
 .debug_aranges
                0x0000000000000398      0x258 CMakeFiles/led_blink.elf.dir/Drivers/STM32F4xx_HAL_Driver/Src/stm32f4xx_hal_tim.c.obj
 .debug_aranges
                0x00000000000005f0       0xf0 CMakeFiles/led_blink.elf.dir/Drivers/STM32F4xx_HAL_Driver/Src/stm32f4xx_hal_tim_ex.c.obj
 .debug_aranges
                0x00000000000006e0      0x190 CMakeFiles/led_blink.elf.dir/Middlewares/Third_Party/FreeRTOS/Source/CMSIS_RTOS/cmsis_os.c.obj
 .debug_aranges
                0x0000000000000870       0x40 CMakeFiles/led_blink.elf.dir/Middlewares/Third_Party/FreeRTOS/Source/list.c.obj
 .debug_aranges
                0x00000000000008b0       0x80 CMakeFiles/led_blink.elf.dir/Middlewares/Third_Party/FreeRTOS/Source/portable/GCC/ARM_CM4F/port.c.obj
 .debug_aranges
                0x0000000000000930       0x40 CMakeFiles/led_blink.elf.dir/Middlewares/Third_Party/FreeRTOS/Source/portable/MemMang/heap_4.c.obj
 .debug_aranges
                0x0000000000000970      0x178 CMakeFiles/led_blink.elf.dir/Middlewares/Third_Party/FreeRTOS/Source/tasks.c.obj

.debug_ranges   0x0000000000000000     0x19f0
 .debug_ranges  0x0000000000000000       0x10 CMakeFiles/led_blink.elf.dir/Core/Src/freertos.c.obj
 .debug_ranges  0x0000000000000010       0xc8 CMakeFiles/led_blink.elf.dir/Core/Src/main.c.obj
 .debug_ranges  0x00000000000000d8       0x28 CMakeFiles/led_blink.elf.dir/Core/Src/stm32f4xx_hal_msp.c.obj
 .debug_ranges  0x0000000000000100       0x48 CMakeFiles/led_blink.elf.dir/Core/Src/stm32f4xx_hal_timebase_tim.c.obj
 .debug_ranges  0x0000000000000148       0x38 CMakeFiles/led_blink.elf.dir/Core/Src/stm32f4xx_it.c.obj
 .debug_ranges  0x0000000000000180       0x18 CMakeFiles/led_blink.elf.dir/Core/Src/system_stm32f4xx.c.obj
 .debug_ranges  0x0000000000000198       0xd8 CMakeFiles/led_blink.elf.dir/Drivers/STM32F4xx_HAL_Driver/Src/stm32f4xx_hal.c.obj
 .debug_ranges  0x0000000000000270      0x1c0 CMakeFiles/led_blink.elf.dir/Drivers/STM32F4xx_HAL_Driver/Src/stm32f4xx_hal_cortex.c.obj
 .debug_ranges  0x0000000000000430       0x60 CMakeFiles/led_blink.elf.dir/Drivers/STM32F4xx_HAL_Driver/Src/stm32f4xx_hal_gpio.c.obj
 .debug_ranges  0x0000000000000490      0x138 CMakeFiles/led_blink.elf.dir/Drivers/STM32F4xx_HAL_Driver/Src/stm32f4xx_hal_rcc.c.obj
 .debug_ranges  0x00000000000005c8      0x758 CMakeFiles/led_blink.elf.dir/Drivers/STM32F4xx_HAL_Driver/Src/stm32f4xx_hal_tim.c.obj
 .debug_ranges  0x0000000000000d20       0xe0 CMakeFiles/led_blink.elf.dir/Drivers/STM32F4xx_HAL_Driver/Src/stm32f4xx_hal_tim_ex.c.obj
 .debug_ranges  0x0000000000000e00      0x598 CMakeFiles/led_blink.elf.dir/Middlewares/Third_Party/FreeRTOS/Source/CMSIS_RTOS/cmsis_os.c.obj
 .debug_ranges  0x0000000000001398       0x30 CMakeFiles/led_blink.elf.dir/Middlewares/Third_Party/FreeRTOS/Source/list.c.obj
 .debug_ranges  0x00000000000013c8       0xb8 CMakeFiles/led_blink.elf.dir/Middlewares/Third_Party/FreeRTOS/Source/portable/GCC/ARM_CM4F/port.c.obj
 .debug_ranges  0x0000000000001480       0x70 CMakeFiles/led_blink.elf.dir/Middlewares/Third_Party/FreeRTOS/Source/portable/MemMang/heap_4.c.obj
 .debug_ranges  0x00000000000014f0      0x500 CMakeFiles/led_blink.elf.dir/Middlewares/Third_Party/FreeRTOS/Source/tasks.c.obj

.debug_line     0x0000000000000000     0xfe2a
 .debug_line    0x0000000000000000      0x40d CMakeFiles/led_blink.elf.dir/Core/Src/freertos.c.obj
 .debug_line    0x000000000000040d      0x694 CMakeFiles/led_blink.elf.dir/Core/Src/main.c.obj
 .debug_line    0x0000000000000aa1      0x2ff CMakeFiles/led_blink.elf.dir/Core/Src/stm32f4xx_hal_msp.c.obj
 .debug_line    0x0000000000000da0      0x3fb CMakeFiles/led_blink.elf.dir/Core/Src/stm32f4xx_hal_timebase_tim.c.obj
 .debug_line    0x000000000000119b      0x3b1 CMakeFiles/led_blink.elf.dir/Core/Src/stm32f4xx_it.c.obj
 .debug_line    0x000000000000154c      0x37c CMakeFiles/led_blink.elf.dir/Core/Src/system_stm32f4xx.c.obj
 .debug_line    0x00000000000018c8      0x6aa CMakeFiles/led_blink.elf.dir/Drivers/STM32F4xx_HAL_Driver/Src/stm32f4xx_hal.c.obj
 .debug_line    0x0000000000001f72      0x947 CMakeFiles/led_blink.elf.dir/Drivers/STM32F4xx_HAL_Driver/Src/stm32f4xx_hal_cortex.c.obj
 .debug_line    0x00000000000028b9      0x913 CMakeFiles/led_blink.elf.dir/Drivers/STM32F4xx_HAL_Driver/Src/stm32f4xx_hal_gpio.c.obj
 .debug_line    0x00000000000031cc      0xd21 CMakeFiles/led_blink.elf.dir/Drivers/STM32F4xx_HAL_Driver/Src/stm32f4xx_hal_rcc.c.obj
 .debug_line    0x0000000000003eed     0x4a42 CMakeFiles/led_blink.elf.dir/Drivers/STM32F4xx_HAL_Driver/Src/stm32f4xx_hal_tim.c.obj
 .debug_line    0x000000000000892f     0x1139 CMakeFiles/led_blink.elf.dir/Drivers/STM32F4xx_HAL_Driver/Src/stm32f4xx_hal_tim_ex.c.obj
 .debug_line    0x0000000000009a68     0x1865 CMakeFiles/led_blink.elf.dir/Middlewares/Third_Party/FreeRTOS/Source/CMSIS_RTOS/cmsis_os.c.obj
 .debug_line    0x000000000000b2cd      0x5b1 CMakeFiles/led_blink.elf.dir/Middlewares/Third_Party/FreeRTOS/Source/list.c.obj
 .debug_line    0x000000000000b87e      0x980 CMakeFiles/led_blink.elf.dir/Middlewares/Third_Party/FreeRTOS/Source/portable/GCC/ARM_CM4F/port.c.obj
 .debug_line    0x000000000000c1fe      0x8db CMakeFiles/led_blink.elf.dir/Middlewares/Third_Party/FreeRTOS/Source/portable/MemMang/heap_4.c.obj
 .debug_line    0x000000000000cad9     0x3351 CMakeFiles/led_blink.elf.dir/Middlewares/Third_Party/FreeRTOS/Source/tasks.c.obj

.debug_str      0x0000000000000000     0x506f
 .debug_str     0x0000000000000000      0x3d3 CMakeFiles/led_blink.elf.dir/Core/Src/freertos.c.obj
                                        0x449 (size before relaxing)
 .debug_str     0x00000000000003d3      0x994 CMakeFiles/led_blink.elf.dir/Core/Src/main.c.obj
                                        0xd6a (size before relaxing)
 .debug_str     0x0000000000000d67      0x3fc CMakeFiles/led_blink.elf.dir/Core/Src/stm32f4xx_hal_msp.c.obj
                                        0x7ba (size before relaxing)
 .debug_str     0x0000000000001163      0x140 CMakeFiles/led_blink.elf.dir/Core/Src/stm32f4xx_hal_timebase_tim.c.obj
                                        0xd3a (size before relaxing)
 .debug_str     0x00000000000012a3       0xdb CMakeFiles/led_blink.elf.dir/Core/Src/stm32f4xx_it.c.obj
                                        0x7ae (size before relaxing)
 .debug_str     0x000000000000137e       0xde CMakeFiles/led_blink.elf.dir/Core/Src/system_stm32f4xx.c.obj
                                        0x495 (size before relaxing)
 .debug_str     0x000000000000145c      0x2c4 CMakeFiles/led_blink.elf.dir/Drivers/STM32F4xx_HAL_Driver/Src/stm32f4xx_hal.c.obj
                                        0xac5 (size before relaxing)
 .debug_str     0x0000000000001720      0x460 CMakeFiles/led_blink.elf.dir/Drivers/STM32F4xx_HAL_Driver/Src/stm32f4xx_hal_cortex.c.obj
                                        0xbf2 (size before relaxing)
 .debug_str     0x0000000000001b80      0x154 CMakeFiles/led_blink.elf.dir/Drivers/STM32F4xx_HAL_Driver/Src/stm32f4xx_hal_gpio.c.obj
                                        0x62c (size before relaxing)
 .debug_str     0x0000000000001cd4      0x18c CMakeFiles/led_blink.elf.dir/Drivers/STM32F4xx_HAL_Driver/Src/stm32f4xx_hal_rcc.c.obj
                                        0x80a (size before relaxing)
 .debug_str     0x0000000000001e60      0xe25 CMakeFiles/led_blink.elf.dir/Drivers/STM32F4xx_HAL_Driver/Src/stm32f4xx_hal_tim.c.obj
                                       0x15f7 (size before relaxing)
 .debug_str     0x0000000000002c85      0x577 CMakeFiles/led_blink.elf.dir/Drivers/STM32F4xx_HAL_Driver/Src/stm32f4xx_hal_tim_ex.c.obj
                                        0xe0f (size before relaxing)
 .debug_str     0x00000000000031fc      0xf98 CMakeFiles/led_blink.elf.dir/Middlewares/Third_Party/FreeRTOS/Source/CMSIS_RTOS/cmsis_os.c.obj
                                       0x14a3 (size before relaxing)
 .debug_str     0x0000000000004194      0x172 CMakeFiles/led_blink.elf.dir/Middlewares/Third_Party/FreeRTOS/Source/list.c.obj
                                        0x766 (size before relaxing)
 .debug_str     0x0000000000004306      0x25c CMakeFiles/led_blink.elf.dir/Middlewares/Third_Party/FreeRTOS/Source/portable/GCC/ARM_CM4F/port.c.obj
                                        0x4ec (size before relaxing)
 .debug_str     0x0000000000004562      0x217 CMakeFiles/led_blink.elf.dir/Middlewares/Third_Party/FreeRTOS/Source/portable/MemMang/heap_4.c.obj
                                        0x84f (size before relaxing)
 .debug_str     0x0000000000004779      0x8f6 CMakeFiles/led_blink.elf.dir/Middlewares/Third_Party/FreeRTOS/Source/tasks.c.obj
                                       0x143a (size before relaxing)

.comment        0x0000000000000000       0x79
 .comment       0x0000000000000000       0x79 CMakeFiles/led_blink.elf.dir/Core/Src/freertos.c.obj
                                         0x7a (size before relaxing)
 .comment       0x0000000000000079       0x7a CMakeFiles/led_blink.elf.dir/Core/Src/main.c.obj
 .comment       0x0000000000000079       0x7a CMakeFiles/led_blink.elf.dir/Core/Src/stm32f4xx_hal_msp.c.obj
 .comment       0x0000000000000079       0x7a CMakeFiles/led_blink.elf.dir/Core/Src/stm32f4xx_hal_timebase_tim.c.obj
 .comment       0x0000000000000079       0x7a CMakeFiles/led_blink.elf.dir/Core/Src/stm32f4xx_it.c.obj
 .comment       0x0000000000000079       0x7a CMakeFiles/led_blink.elf.dir/Core/Src/system_stm32f4xx.c.obj
 .comment       0x0000000000000079       0x7a CMakeFiles/led_blink.elf.dir/Drivers/STM32F4xx_HAL_Driver/Src/stm32f4xx_hal.c.obj
 .comment       0x0000000000000079       0x7a CMakeFiles/led_blink.elf.dir/Drivers/STM32F4xx_HAL_Driver/Src/stm32f4xx_hal_cortex.c.obj
 .comment       0x0000000000000079       0x7a CMakeFiles/led_blink.elf.dir/Drivers/STM32F4xx_HAL_Driver/Src/stm32f4xx_hal_gpio.c.obj
 .comment       0x0000000000000079       0x7a CMakeFiles/led_blink.elf.dir/Drivers/STM32F4xx_HAL_Driver/Src/stm32f4xx_hal_rcc.c.obj
 .comment       0x0000000000000079       0x7a CMakeFiles/led_blink.elf.dir/Drivers/STM32F4xx_HAL_Driver/Src/stm32f4xx_hal_tim.c.obj
 .comment       0x0000000000000079       0x7a CMakeFiles/led_blink.elf.dir/Drivers/STM32F4xx_HAL_Driver/Src/stm32f4xx_hal_tim_ex.c.obj
 .comment       0x0000000000000079       0x7a CMakeFiles/led_blink.elf.dir/Middlewares/Third_Party/FreeRTOS/Source/CMSIS_RTOS/cmsis_os.c.obj
 .comment       0x0000000000000079       0x7a CMakeFiles/led_blink.elf.dir/Middlewares/Third_Party/FreeRTOS/Source/list.c.obj
 .comment       0x0000000000000079       0x7a CMakeFiles/led_blink.elf.dir/Middlewares/Third_Party/FreeRTOS/Source/portable/GCC/ARM_CM4F/port.c.obj
 .comment       0x0000000000000079       0x7a CMakeFiles/led_blink.elf.dir/Middlewares/Third_Party/FreeRTOS/Source/portable/MemMang/heap_4.c.obj
 .comment       0x0000000000000079       0x7a CMakeFiles/led_blink.elf.dir/Middlewares/Third_Party/FreeRTOS/Source/tasks.c.obj

.debug_frame    0x0000000000000000     0x25f8
 .debug_frame   0x0000000000000000       0x2c CMakeFiles/led_blink.elf.dir/Core/Src/freertos.c.obj
 .debug_frame   0x000000000000002c       0xa0 CMakeFiles/led_blink.elf.dir/Core/Src/main.c.obj
 .debug_frame   0x00000000000000cc       0x28 CMakeFiles/led_blink.elf.dir/Core/Src/stm32f4xx_hal_msp.c.obj
 .debug_frame   0x00000000000000f4       0x58 CMakeFiles/led_blink.elf.dir/Core/Src/stm32f4xx_hal_timebase_tim.c.obj
 .debug_frame   0x000000000000014c       0x80 CMakeFiles/led_blink.elf.dir/Core/Src/stm32f4xx_it.c.obj
 .debug_frame   0x00000000000001cc       0x30 CMakeFiles/led_blink.elf.dir/Core/Src/system_stm32f4xx.c.obj
 .debug_frame   0x00000000000001fc      0x1f4 CMakeFiles/led_blink.elf.dir/Drivers/STM32F4xx_HAL_Driver/Src/stm32f4xx_hal.c.obj
 .debug_frame   0x00000000000003f0      0x184 CMakeFiles/led_blink.elf.dir/Drivers/STM32F4xx_HAL_Driver/Src/stm32f4xx_hal_cortex.c.obj
 .debug_frame   0x0000000000000574       0xe0 CMakeFiles/led_blink.elf.dir/Drivers/STM32F4xx_HAL_Driver/Src/stm32f4xx_hal_gpio.c.obj
 .debug_frame   0x0000000000000654      0x18c CMakeFiles/led_blink.elf.dir/Drivers/STM32F4xx_HAL_Driver/Src/stm32f4xx_hal_rcc.c.obj
 .debug_frame   0x00000000000007e0      0xa64 CMakeFiles/led_blink.elf.dir/Drivers/STM32F4xx_HAL_Driver/Src/stm32f4xx_hal_tim.c.obj
 .debug_frame   0x0000000000001244      0x34c CMakeFiles/led_blink.elf.dir/Drivers/STM32F4xx_HAL_Driver/Src/stm32f4xx_hal_tim_ex.c.obj
 .debug_frame   0x0000000000001590      0x5c8 CMakeFiles/led_blink.elf.dir/Middlewares/Third_Party/FreeRTOS/Source/CMSIS_RTOS/cmsis_os.c.obj
 .debug_frame   0x0000000000001b58       0x88 CMakeFiles/led_blink.elf.dir/Middlewares/Third_Party/FreeRTOS/Source/list.c.obj
 .debug_frame   0x0000000000001be0      0x128 CMakeFiles/led_blink.elf.dir/Middlewares/Third_Party/FreeRTOS/Source/portable/GCC/ARM_CM4F/port.c.obj
 .debug_frame   0x0000000000001d08       0x98 CMakeFiles/led_blink.elf.dir/Middlewares/Third_Party/FreeRTOS/Source/portable/MemMang/heap_4.c.obj
 .debug_frame   0x0000000000001da0      0x5f4 CMakeFiles/led_blink.elf.dir/Middlewares/Third_Party/FreeRTOS/Source/tasks.c.obj
 .debug_frame   0x0000000000002394       0x2c /usr/local/Caskroom/gcc-arm-embedded/9-2019-q4-major/gcc-arm-none-eabi-9-2019-q4-major/bin/../lib/gcc/arm-none-eabi/9.2.1/thumb/v7e-m+fp/hard/libgcc.a(_aeabi_uldivmod.o)
 .debug_frame   0x00000000000023c0       0x34 /usr/local/Caskroom/gcc-arm-embedded/9-2019-q4-major/gcc-arm-none-eabi-9-2019-q4-major/bin/../lib/gcc/arm-none-eabi/9.2.1/thumb/v7e-m+fp/hard/libgcc.a(_udivmoddi4.o)
 .debug_frame   0x00000000000023f4       0x2c /usr/local/Caskroom/gcc-arm-embedded/9-2019-q4-major/gcc-arm-none-eabi-9-2019-q4-major/bin/../lib/gcc/arm-none-eabi/9.2.1/../../../../arm-none-eabi/lib/thumb/v7e-m+fp/hard/libg.a(lib_a-init.o)
 .debug_frame   0x0000000000002420       0x38 /usr/local/Caskroom/gcc-arm-embedded/9-2019-q4-major/gcc-arm-none-eabi-9-2019-q4-major/bin/../lib/gcc/arm-none-eabi/9.2.1/../../../../arm-none-eabi/lib/thumb/v7e-m+fp/hard/libg.a(lib_a-memset.o)
 .debug_frame   0x0000000000002458       0x68 /usr/local/Caskroom/gcc-arm-embedded/9-2019-q4-major/gcc-arm-none-eabi-9-2019-q4-major/bin/../lib/gcc/arm-none-eabi/9.2.1/../../../../arm-none-eabi/lib/thumb/v7e-m+fp/hard/libg.a(lib_a-__call_atexit.o)
 .debug_frame   0x00000000000024c0       0x20 /usr/local/Caskroom/gcc-arm-embedded/9-2019-q4-major/gcc-arm-none-eabi-9-2019-q4-major/bin/../lib/gcc/arm-none-eabi/9.2.1/../../../../arm-none-eabi/lib/thumb/v7e-m+fp/hard/libg.a(lib_a-atexit.o)
 .debug_frame   0x00000000000024e0       0x34 /usr/local/Caskroom/gcc-arm-embedded/9-2019-q4-major/gcc-arm-none-eabi-9-2019-q4-major/bin/../lib/gcc/arm-none-eabi/9.2.1/../../../../arm-none-eabi/lib/thumb/v7e-m+fp/hard/libg.a(lib_a-fini.o)
 .debug_frame   0x0000000000002514       0xb0 /usr/local/Caskroom/gcc-arm-embedded/9-2019-q4-major/gcc-arm-none-eabi-9-2019-q4-major/bin/../lib/gcc/arm-none-eabi/9.2.1/../../../../arm-none-eabi/lib/thumb/v7e-m+fp/hard/libg.a(lib_a-lock.o)
 .debug_frame   0x00000000000025c4       0x34 /usr/local/Caskroom/gcc-arm-embedded/9-2019-q4-major/gcc-arm-none-eabi-9-2019-q4-major/bin/../lib/gcc/arm-none-eabi/9.2.1/../../../../arm-none-eabi/lib/thumb/v7e-m+fp/hard/libg.a(lib_a-__atexit.o)

.debug_loc      0x0000000000000000     0xd0ba
 .debug_loc     0x0000000000000000       0x6f CMakeFiles/led_blink.elf.dir/Core/Src/main.c.obj
 .debug_loc     0x000000000000006f       0x88 CMakeFiles/led_blink.elf.dir/Core/Src/stm32f4xx_hal_timebase_tim.c.obj
 .debug_loc     0x00000000000000f7      0x12f CMakeFiles/led_blink.elf.dir/Core/Src/system_stm32f4xx.c.obj
 .debug_loc     0x0000000000000226      0x168 CMakeFiles/led_blink.elf.dir/Drivers/STM32F4xx_HAL_Driver/Src/stm32f4xx_hal.c.obj
 .debug_loc     0x000000000000038e      0x7a7 CMakeFiles/led_blink.elf.dir/Drivers/STM32F4xx_HAL_Driver/Src/stm32f4xx_hal_cortex.c.obj
 .debug_loc     0x0000000000000b35      0x531 CMakeFiles/led_blink.elf.dir/Drivers/STM32F4xx_HAL_Driver/Src/stm32f4xx_hal_gpio.c.obj
 .debug_loc     0x0000000000001066      0x516 CMakeFiles/led_blink.elf.dir/Drivers/STM32F4xx_HAL_Driver/Src/stm32f4xx_hal_rcc.c.obj
 .debug_loc     0x000000000000157c     0x5d26 CMakeFiles/led_blink.elf.dir/Drivers/STM32F4xx_HAL_Driver/Src/stm32f4xx_hal_tim.c.obj
 .debug_loc     0x00000000000072a2     0x126b CMakeFiles/led_blink.elf.dir/Drivers/STM32F4xx_HAL_Driver/Src/stm32f4xx_hal_tim_ex.c.obj
 .debug_loc     0x000000000000850d     0x1c5d CMakeFiles/led_blink.elf.dir/Middlewares/Third_Party/FreeRTOS/Source/CMSIS_RTOS/cmsis_os.c.obj
 .debug_loc     0x000000000000a16a       0xbc CMakeFiles/led_blink.elf.dir/Middlewares/Third_Party/FreeRTOS/Source/list.c.obj
 .debug_loc     0x000000000000a226      0x124 CMakeFiles/led_blink.elf.dir/Middlewares/Third_Party/FreeRTOS/Source/portable/GCC/ARM_CM4F/port.c.obj
 .debug_loc     0x000000000000a34a      0x5fe CMakeFiles/led_blink.elf.dir/Middlewares/Third_Party/FreeRTOS/Source/portable/MemMang/heap_4.c.obj
 .debug_loc     0x000000000000a948     0x2772 CMakeFiles/led_blink.elf.dir/Middlewares/Third_Party/FreeRTOS/Source/tasks.c.obj
